02-15 09:24:00.647 I/PreDnsController(  697): CanPreDnsQuery,persist.sys.predns is false!
02-15 09:24:00.648 W//system/bin/netd(  697): A binder object at 0x72c421a700 is being transacted on, however, this object is in the same process as its proxy. Transacting with this binder is expensive compared to just calling the corresponding functionality in the same process.
02-15 09:24:00.648 I/PreDnsController(  697): CanPreDnsQuery,persist.sys.predns is false!
02-15 09:24:00.650 D/HwConnectivityManagerImpl( 1828): getNetworkPolicyFlag flagStr null
02-15 09:24:00.651 D/HwConnectivityManagerImpl( 1828): getNetworkPolicyFlag flagStr null
02-15 09:24:00.660 W//system/bin/netd(  697): A binder object at 0x72c421a700 is being transacted on, however, this object is in the same process as its proxy. Transacting with this binder is expensive compared to just calling the corresponding functionality in the same process.
02-15 09:24:00.660 I/PreDnsController(  697): CanPreDnsQuery,persist.sys.predns is false!
02-15 09:24:00.662 D/HwConnectivityManagerImpl( 1828): getNetworkPolicyFlag flagStr null
02-15 09:24:00.664 W//system/bin/netd(  697): A binder object at 0x72c421a700 is being transacted on, however, this object is in the same process as its proxy. Transacting with this binder is expensive compared to just calling the corresponding functionality in the same process.
02-15 09:24:00.664 I/PreDnsController(  697): CanPreDnsQuery,persist.sys.predns is false!
02-15 09:24:00.665 W//system/bin/netd(  697): A binder object at 0x72c421a700 is being transacted on, however, this object is in the same process as its proxy. Transacting with this binder is expensive compared to just calling the corresponding functionality in the same process.
02-15 09:24:00.665 I/PreDnsController(  697): CanPreDnsQuery,persist.sys.predns is false!
02-15 09:24:00.667 W//system/bin/netd(  697): A binder object at 0x72c421a700 is being transacted on, however, this object is in the same process as its proxy. Transacting with this binder is expensive compared to just calling the corresponding functionality in the same process.
02-15 09:24:00.667 I/PreDnsController(  697): CanPreDnsQuery,persist.sys.predns is false!
02-15 09:24:00.669 D/HwConnectivityManagerImpl( 1828): getNetworkPolicyFlag flagStr null
02-15 09:24:00.669 W//system/bin/netd(  697): A binder object at 0x72c421a700 is being transacted on, however, this object is in the same process as its proxy. Transacting with this binder is expensive compared to just calling the corresponding functionality in the same process.
02-15 09:24:00.669 I/PreDnsController(  697): CanPreDnsQuery,persist.sys.predns is false!
02-15 09:24:00.670 W//system/bin/netd(  697): A binder object at 0x72c421a700 is being transacted on, however, this object is in the same process as its proxy. Transacting with this binder is expensive compared to just calling the corresponding functionality in the same process.
02-15 09:24:00.670 I/PreDnsController(  697): CanPreDnsQuery,persist.sys.predns is false!
02-15 09:24:00.670 D/HwConnectivityManagerImpl( 1828): getNetworkPolicyFlag flagStr null
02-15 09:24:00.673 W//system/bin/netd(  697): A binder object at 0x72c421a700 is being transacted on, however, this object is in the same process as its proxy. Transacting with this binder is expensive compared to just calling the corresponding functionality in the same process.
02-15 09:24:00.673 I/PreDnsController(  697): CanPreDnsQuery,persist.sys.predns is false!
02-15 09:24:00.674 D/HwConnectivityManagerImpl( 1828): sendIntentDnsEvent connectType = 1
02-15 09:24:00.674 D/HwConnectivityManagerImpl( 1828): sendIntentDnsEvent mDnsCount:100mDnsIpv6Timeout:0mDnsResponseTotalTime:1604mDnsFailCount:38mDnsResponse20Count:32mDnsResponse150Count:30mDnsResponse500Count:0mDnsResponse1000Count:0mDnsResponse2000Count:0mDnsResponseOver2000Count:0
02-15 09:24:00.674 W/ContextImpl( 1828): Calling a method in the system process without a qualified user: android.app.ContextImpl.sendBroadcast:1183 com.android.server.HwConnectivityManagerImpl.sendIntentDnsEvent:1248 com.android.server.HwConnectivityManagerImpl.onDnsEventAction:996 com.android.server.HwConnectivityManagerImpl.access$1800:82 com.android.server.HwConnectivityManagerImpl$DnsEventHandler.handleMessage:883 
02-15 09:24:00.674 W/ActivityManager( 1828): Sending non-protected broadcast com.intent.action.wifi_dns_statistics from system 1828:system/1000 pkg android
02-15 09:24:00.674 W/ActivityManager( 1828): Sending non-protected broadcast com.intent.action.wifi_dns_statistics from system 1828:system/1000 pkg android
02-15 09:24:00.674 W//system/bin/netd(  697): A binder object at 0x72c421a700 is being transacted on, however, this object is in the same process as its proxy. Transacting with this binder is expensive compared to just calling the corresponding functionality in the same process.
02-15 09:24:00.674 I/PreDnsController(  697): CanPreDnsQuery,persist.sys.predns is false!
02-15 09:24:00.674 W//system/bin/netd(  697): A binder object at 0x72c421a700 is being transacted on, however, this object is in the same process as its proxy. Transacting with this binder is expensive compared to just calling the corresponding functionality in the same process.
02-15 09:24:00.674 I/PreDnsController(  697): CanPreDnsQuery,persist.sys.predns is false!
02-15 09:24:00.676 E/AirplaneComponent( 2794): wifiBroadcast is not handle this action :com.intent.action.wifi_dns_statistics
02-15 09:24:00.676 I/HotspotComponent( 2794): onWifiBroadcastReceived :com.intent.action.wifi_dns_statistics
02-15 09:24:00.676 D/HwConnectivityManagerImpl( 1828): getNetworkPolicyFlag flagStr null
02-15 09:24:00.676 I/WifiStatController( 2794): not need report or sync
02-15 09:24:00.678 D/HwConnectivityManagerImpl( 1828): getNetworkPolicyFlag flagStr null
02-15 09:24:00.681 W//system/bin/netd(  697): A binder object at 0x72c421a700 is being transacted on, however, this object is in the same process as its proxy. Transacting with this binder is expensive compared to just calling the corresponding functionality in the same process.
02-15 09:24:00.681 I/PreDnsController(  697): CanPreDnsQuery,persist.sys.predns is false!
02-15 09:24:00.681 W//system/bin/netd(  697): A binder object at 0x72c421a700 is being transacted on, however, this object is in the same process as its proxy. Transacting with this binder is expensive compared to just calling the corresponding functionality in the same process.
02-15 09:24:00.681 I/PreDnsController(  697): CanPreDnsQuery,persist.sys.predns is false!
02-15 09:24:00.682 W//system/bin/netd(  697): A binder object at 0x72c421a700 is being transacted on, however, this object is in the same process as its proxy. Transacting with this binder is expensive compared to just calling the corresponding functionality in the same process.
02-15 09:24:00.682 I/PreDnsController(  697): CanPreDnsQuery,persist.sys.predns is false!
02-15 09:24:00.682 W//system/bin/netd(  697): A binder object at 0x72c421a700 is being transacted on, however, this object is in the same process as its proxy. Transacting with this binder is expensive compared to just calling the corresponding functionality in the same process.
02-15 09:24:00.682 I/PreDnsController(  697): CanPreDnsQuery,persist.sys.predns is false!
02-15 09:24:00.682 W//system/bin/netd(  697): A binder object at 0x72c421a700 is being transacted on, however, this object is in the same process as its proxy. Transacting with this binder is expensive compared to just calling the corresponding functionality in the same process.
02-15 09:24:00.682 I/PreDnsController(  697): CanPreDnsQuery,persist.sys.predns is false!
02-15 09:24:00.683 W//system/bin/netd(  697): A binder object at 0x72c421a700 is being transacted on, however, this object is in the same process as its proxy. Transacting with this binder is expensive compared to just calling the corresponding functionality in the same process.
02-15 09:24:00.683 I/PreDnsController(  697): CanPreDnsQuery,persist.sys.predns is false!
02-15 09:24:00.683 W//system/bin/netd(  697): A binder object at 0x72c421a700 is being transacted on, however, this object is in the same process as its proxy. Transacting with this binder is expensive compared to just calling the corresponding functionality in the same process.
02-15 09:24:00.683 I/PreDnsController(  697): CanPreDnsQuery,persist.sys.predns is false!
02-15 09:24:00.684 W//system/bin/netd(  697): A binder object at 0x72c421a700 is being transacted on, however, this object is in the same process as its proxy. Transacting with this binder is expensive compared to just calling the corresponding functionality in the same process.
02-15 09:24:00.684 I/PreDnsController(  697): CanPreDnsQuery,persist.sys.predns is false!
02-15 09:24:00.685 D/HwConnectivityManagerImpl( 1828): getNetworkPolicyFlag flagStr null
02-15 09:24:00.686 D/HwConnectivityManagerImpl( 1828): getNetworkPolicyFlag flagStr null
02-15 09:24:00.687 W//system/bin/netd(  697): A binder object at 0x72c421a700 is being transacted on, however, this object is in the same process as its proxy. Transacting with this binder is expensive compared to just calling the corresponding functionality in the same process.
02-15 09:24:00.687 D/HwConnectivityManagerImpl( 1828): getNetworkPolicyFlag flagStr null
02-15 09:24:00.687 I/PreDnsController(  697): CanPreDnsQuery,persist.sys.predns is false!
02-15 09:24:00.694 W//system/bin/netd(  697): A binder object at 0x72c421a700 is being transacted on, however, this object is in the same process as its proxy. Transacting with this binder is expensive compared to just calling the corresponding functionality in the same process.
02-15 09:24:00.694 I/PreDnsController(  697): CanPreDnsQuery,persist.sys.predns is false!
02-15 09:24:00.694 W//system/bin/netd(  697): A binder object at 0x72c421a700 is being transacted on, however, this object is in the same process as its proxy. Transacting with this binder is expensive compared to just calling the corresponding functionality in the same process.
02-15 09:24:00.694 I/PreDnsController(  697): CanPreDnsQuery,persist.sys.predns is false!
02-15 09:24:00.694 W//system/bin/netd(  697): A binder object at 0x72c421a700 is being transacted on, however, this object is in the same process as its proxy. Transacting with this binder is expensive compared to just calling the corresponding functionality in the same process.
02-15 09:24:00.694 I/PreDnsController(  697): CanPreDnsQuery,persist.sys.predns is false!
02-15 09:24:00.695 W//system/bin/netd(  697): A binder object at 0x72c421a700 is being transacted on, however, this object is in the same process as its proxy. Transacting with this binder is expensive compared to just calling the corresponding functionality in the same process.
02-15 09:24:00.695 I/PreDnsController(  697): CanPreDnsQuery,persist.sys.predns is false!
02-15 09:24:00.695 W//system/bin/netd(  697): A binder object at 0x72c421a700 is being transacted on, however, this object is in the same process as its proxy. Transacting with this binder is expensive compared to just calling the corresponding functionality in the same process.
02-15 09:24:00.695 I/PreDnsController(  697): CanPreDnsQuery,persist.sys.predns is false!
02-15 09:24:00.695 W//system/bin/netd(  697): A binder object at 0x72c421a700 is being transacted on, however, this object is in the same process as its proxy. Transacting with this binder is expensive compared to just calling the corresponding functionality in the same process.
02-15 09:24:00.695 I/PreDnsController(  697): CanPreDnsQuery,persist.sys.predns is false!
02-15 09:24:00.707 W//system/bin/netd(  697): A binder object at 0x72c421a700 is being transacted on, however, this object is in the same process as its proxy. Transacting with this binder is expensive compared to just calling the corresponding functionality in the same process.
02-15 09:24:00.707 I/PreDnsController(  697): CanPreDnsQuery,persist.sys.predns is false!
02-15 09:24:00.707 W//system/bin/netd(  697): A binder object at 0x72c421a700 is being transacted on, however, this object is in the same process as its proxy. Transacting with this binder is expensive compared to just calling the corresponding functionality in the same process.
02-15 09:24:00.707 I/PreDnsController(  697): CanPreDnsQuery,persist.sys.predns is false!
02-15 09:24:00.708 D/HwConnectivityManagerImpl( 1828): getNetworkPolicyFlag flagStr null
02-15 09:24:00.709 D/HwConnectivityManagerImpl( 1828): getNetworkPolicyFlag flagStr null
02-15 09:24:00.715 W//system/bin/netd(  697): A binder object at 0x72c421a700 is being transacted on, however, this object is in the same process as its proxy. Transacting with this binder is expensive compared to just calling the corresponding functionality in the same process.
02-15 09:24:00.715 I/PreDnsController(  697): CanPreDnsQuery,persist.sys.predns is false!
02-15 09:24:00.715 D/HwConnectivityManagerImpl( 1828): getNetworkPolicyFlag flagStr null
02-15 09:24:00.723 W//system/bin/netd(  697): A binder object at 0x72c421a700 is being transacted on, however, this object is in the same process as its proxy. Transacting with this binder is expensive compared to just calling the corresponding functionality in the same process.
02-15 09:24:00.723 I/PreDnsController(  697): CanPreDnsQuery,persist.sys.predns is false!
02-15 09:24:00.723 W//system/bin/netd(  697): A binder object at 0x72c421a700 is being transacted on, however, this object is in the same process as its proxy. Transacting with this binder is expensive compared to just calling the corresponding functionality in the same process.
02-15 09:24:00.723 I/PreDnsController(  697): CanPreDnsQuery,persist.sys.predns is false!
02-15 09:24:00.725 W//system/bin/netd(  697): A binder object at 0x72c421a700 is being transacted on, however, this object is in the same process as its proxy. Transacting with this binder is expensive compared to just calling the corresponding functionality in the same process.
02-15 09:24:00.725 I/PreDnsController(  697): CanPreDnsQuery,persist.sys.predns is false!
02-15 09:24:00.725 W//system/bin/netd(  697): A binder object at 0x72c421a700 is being transacted on, however, this object is in the same process as its proxy. Transacting with this binder is expensive compared to just calling the corresponding functionality in the same process.
02-15 09:24:00.725 I/PreDnsController(  697): CanPreDnsQuery,persist.sys.predns is false!
02-15 09:24:00.727 W//system/bin/netd(  697): A binder object at 0x72c421a700 is being transacted on, however, this object is in the same process as its proxy. Transacting with this binder is expensive compared to just calling the corresponding functionality in the same process.
02-15 09:24:00.728 I/PreDnsController(  697): CanPreDnsQuery,persist.sys.predns is false!
02-15 09:24:00.731 D/HwConnectivityManagerImpl( 1828): getNetworkPolicyFlag flagStr null
02-15 09:24:00.732 W//system/bin/netd(  697): A binder object at 0x72c421a700 is being transacted on, however, this object is in the same process as its proxy. Transacting with this binder is expensive compared to just calling the corresponding functionality in the same process.
02-15 09:24:00.732 I/PreDnsController(  697): CanPreDnsQuery,persist.sys.predns is false!
02-15 09:24:00.733 W//system/bin/netd(  697): A binder object at 0x72c421a700 is being transacted on, however, this object is in the same process as its proxy. Transacting with this binder is expensive compared to just calling the corresponding functionality in the same process.
02-15 09:24:00.733 I/PreDnsController(  697): CanPreDnsQuery,persist.sys.predns is false!
02-15 09:24:00.733 W/DnsProxyListener(  697): GetAddrInfoHandler::run: {127 127 127 983167 10359 0 supabase}
02-15 09:24:00.733 W//system/bin/netd(  697): A binder object at 0x72c421a700 is being transacted on, however, this object is in the same process as its proxy. Transacting with this binder is expensive compared to just calling the corresponding functionality in the same process.
02-15 09:24:00.733 I/PreDnsController(  697): CanPreDnsQuery,persist.sys.predns is false!
02-15 09:24:00.733 I/OemNetd (  697): startPreDnsQuery(10359)
02-15 09:24:00.736 D/HwConnectivityManagerImpl( 1828): getNetworkPolicyFlag flagStr null
02-15 09:24:00.737 W//system/bin/netd(  697): A binder object at 0x72c421a700 is being transacted on, however, this object is in the same process as its proxy. Transacting with this binder is expensive compared to just calling the corresponding functionality in the same process.
02-15 09:24:00.737 I/PreDnsController(  697): CanPreDnsQuery,persist.sys.predns is false!
02-15 09:24:00.738 I/NcDftChip( 2794): NcChipDftEvent receive:NcChipDftEvent{Id=909009126, Length=180, Flag=0}
02-15 09:24:00.738 I/NcDftChip( 2794): NcChipDftEvent receive:NcChipDftEvent{Id=909009521, Length=464, Flag=0}
02-15 09:24:00.738 I/HotspotComponent( 2794): handleChipEvent
02-15 09:24:00.738 I/HotspotComponent( 2794): handleChipEvent
02-15 09:24:00.739 D/HwConnectivityManagerImpl( 1828): getNetworkPolicyFlag flagStr null
02-15 09:24:00.740 W//system/bin/netd(  697): A binder object at 0x72c421a700 is being transacted on, however, this object is in the same process as its proxy. Transacting with this binder is expensive compared to just calling the corresponding functionality in the same process.
02-15 09:24:00.740 I/PreDnsController(  697): CanPreDnsQuery,persist.sys.predns is false!
02-15 09:24:00.742 W//system/bin/netd(  697): A binder object at 0x72c421a700 is being transacted on, however, this object is in the same process as its proxy. Transacting with this binder is expensive compared to just calling the corresponding functionality in the same process.
02-15 09:24:00.742 I/PreDnsController(  697): CanPreDnsQuery,persist.sys.predns is false!
02-15 09:24:00.744 W//system/bin/netd(  697): A binder object at 0x72c421a700 is being transacted on, however, this object is in the same process as its proxy. Transacting with this binder is expensive compared to just calling the corresponding functionality in the same process.
02-15 09:24:00.744 I/PreDnsController(  697): CanPreDnsQuery,persist.sys.predns is false!
02-15 09:24:00.745 W//system/bin/netd(  697): A binder object at 0x72c421a700 is being transacted on, however, this object is in the same process as its proxy. Transacting with this binder is expensive compared to just calling the corresponding functionality in the same process.
02-15 09:24:00.746 I/PreDnsController(  697): CanPreDnsQuery,persist.sys.predns is false!
02-15 09:24:00.746 W//system/bin/netd(  697): A binder object at 0x72c421a700 is being transacted on, however, this object is in the same process as its proxy. Transacting with this binder is expensive compared to just calling the corresponding functionality in the same process.
02-15 09:24:00.746 I/PreDnsController(  697): CanPreDnsQuery,persist.sys.predns is false!
02-15 09:24:00.750 W//system/bin/netd(  697): A binder object at 0x72c421a700 is being transacted on, however, this object is in the same process as its proxy. Transacting with this binder is expensive compared to just calling the corresponding functionality in the same process.
02-15 09:24:00.750 I/PreDnsController(  697): CanPreDnsQuery,persist.sys.predns is false!
02-15 09:24:00.750 D/HwConnectivityManagerImpl( 1828): getNetworkPolicyFlag flagStr null
02-15 09:24:00.752 W//system/bin/netd(  697): A binder object at 0x72c421a700 is being transacted on, however, this object is in the same process as its proxy. Transacting with this binder is expensive compared to just calling the corresponding functionality in the same process.
02-15 09:24:00.753 I/PreDnsController(  697): CanPreDnsQuery,persist.sys.predns is false!
02-15 09:24:00.753 D/HwConnectivityManagerImpl( 1828): getNetworkPolicyFlag flagStr null
02-15 09:24:00.756 D/HwConnectivityManagerImpl( 1828): getNetworkPolicyFlag flagStr null
02-15 09:24:00.762 W//system/bin/netd(  697): A binder object at 0x72c421a700 is being transacted on, however, this object is in the same process as its proxy. Transacting with this binder is expensive compared to just calling the corresponding functionality in the same process.
02-15 09:24:00.762 I/PreDnsController(  697): CanPreDnsQuery,persist.sys.predns is false!
02-15 09:24:00.763 W//system/bin/netd(  697): A binder object at 0x72c421a700 is being transacted on, however, this object is in the same process as its proxy. Transacting with this binder is expensive compared to just calling the corresponding functionality in the same process.
02-15 09:24:00.763 I/PreDnsController(  697): CanPreDnsQuery,persist.sys.predns is false!
02-15 09:24:00.765 W//system/bin/netd(  697): A binder object at 0x72c421a700 is being transacted on, however, this object is in the same process as its proxy. Transacting with this binder is expensive compared to just calling the corresponding functionality in the same process.
02-15 09:24:00.765 I/PreDnsController(  697): CanPreDnsQuery,persist.sys.predns is false!
02-15 09:24:00.765 W//system/bin/netd(  697): A binder object at 0x72c421a700 is being transacted on, however, this object is in the same process as its proxy. Transacting with this binder is expensive compared to just calling the corresponding functionality in the same process.
02-15 09:24:00.765 I/PreDnsController(  697): CanPreDnsQuery,persist.sys.predns is false!
02-15 09:24:00.765 W//system/bin/netd(  697): A binder object at 0x72c421a700 is being transacted on, however, this object is in the same process as its proxy. Transacting with this binder is expensive compared to just calling the corresponding functionality in the same process.
02-15 09:24:00.765 I/PreDnsController(  697): CanPreDnsQuery,persist.sys.predns is false!
02-15 09:24:00.770 W//system/bin/netd(  697): A binder object at 0x72c421a700 is being transacted on, however, this object is in the same process as its proxy. Transacting with this binder is expensive compared to just calling the corresponding functionality in the same process.
02-15 09:24:00.770 I/PreDnsController(  697): CanPreDnsQuery,persist.sys.predns is false!
02-15 09:24:00.773 W//system/bin/netd(  697): A binder object at 0x72c421a700 is being transacted on, however, this object is in the same process as its proxy. Transacting with this binder is expensive compared to just calling the corresponding functionality in the same process.
02-15 09:24:00.773 I/PreDnsController(  697): CanPreDnsQuery,persist.sys.predns is false!
02-15 09:24:00.775 W//system/bin/netd(  697): A binder object at 0x72c421a700 is being transacted on, however, this object is in the same process as its proxy. Transacting with this binder is expensive compared to just calling the corresponding functionality in the same process.
02-15 09:24:00.775 D/HwConnectivityManagerImpl( 1828): getNetworkPolicyFlag flagStr null
02-15 09:24:00.776 W/FirebaseMessaging( 7315): Failed to find package android.content.pm.PackageManager$NameNotFoundException: com.google.android.gms
02-15 09:24:00.776 I/PreDnsController(  697): CanPreDnsQuery,persist.sys.predns is false!
02-15 09:24:00.777 D/HwConnectivityManagerImpl( 1828): getNetworkPolicyFlag flagStr null
02-15 09:24:00.788 W/Metadata( 7315): Failed to find package android.content.pm.PackageManager$NameNotFoundException: com.google.android.gms
02-15 09:24:00.788 E/Metadata( 7315): Google Play services missing or without correct permission.
02-15 09:24:00.794 I/flutter ( 7315): FCM token unavailable: [firebase_messaging/unknown] java.io.IOException: java.util.concurrent.ExecutionException: java.io.IOException: MISSING_INSTANCEID_SERVICE
02-15 09:24:00.796 D/HwConnectivityServiceEx( 1828): set 10034 wlan0 value false
02-15 09:24:00.797 W//system/bin/netd(  697): A binder object at 0x72c421a700 is being transacted on, however, this object is in the same process as its proxy. Transacting with this binder is expensive compared to just calling the corresponding functionality in the same process.
02-15 09:24:00.797 I/PreDnsController(  697): CanPreDnsQuery,persist.sys.predns is false!
02-15 09:24:00.799 D/HwConnectivityManagerImpl( 1828): getNetworkPolicyFlag flagStr null
02-15 09:24:00.801 W//system/bin/netd(  697): A binder object at 0x72c421a700 is being transacted on, however, this object is in the same process as its proxy. Transacting with this binder is expensive compared to just calling the corresponding functionality in the same process.
02-15 09:24:00.801 I/PreDnsController(  697): CanPreDnsQuery,persist.sys.predns is false!
02-15 09:24:00.802 W//system/bin/netd(  697): A binder object at 0x72c421a700 is being transacted on, however, this object is in the same process as its proxy. Transacting with this binder is expensive compared to just calling the corresponding functionality in the same process.
02-15 09:24:00.802 I/PreDnsController(  697): CanPreDnsQuery,persist.sys.predns is false!
02-15 09:24:00.803 D/HwConnectivityManagerImpl( 1828): getNetworkPolicyFlag flagStr null
02-15 09:24:00.809 W//system/bin/netd(  697): A binder object at 0x72c421a700 is being transacted on, however, this object is in the same process as its proxy. Transacting with this binder is expensive compared to just calling the corresponding functionality in the same process.
02-15 09:24:00.809 I/PreDnsController(  697): CanPreDnsQuery,persist.sys.predns is false!
02-15 09:24:00.810 W//system/bin/netd(  697): A binder object at 0x72c421a700 is being transacted on, however, this object is in the same process as its proxy. Transacting with this binder is expensive compared to just calling the corresponding functionality in the same process.
02-15 09:24:00.810 I/PreDnsController(  697): CanPreDnsQuery,persist.sys.predns is false!
02-15 09:24:00.810 D/HwConnectivityManagerImpl( 1828): getNetworkPolicyFlag flagStr null
02-15 09:24:00.814 W//system/bin/netd(  697): A binder object at 0x72c421a700 is being transacted on, however, this object is in the same process as its proxy. Transacting with this binder is expensive compared to just calling the corresponding functionality in the same process.
02-15 09:24:00.815 I/PreDnsController(  697): CanPreDnsQuery,persist.sys.predns is false!
02-15 09:24:00.815 W//system/bin/netd(  697): A binder object at 0x72c421a700 is being transacted on, however, this object is in the same process as its proxy. Transacting with this binder is expensive compared to just calling the corresponding functionality in the same process.
02-15 09:24:00.815 I/PreDnsController(  697): CanPreDnsQuery,persist.sys.predns is false!
02-15 09:24:00.815 W//system/bin/netd(  697): A binder object at 0x72c421a700 is being transacted on, however, this object is in the same process as its proxy. Transacting with this binder is expensive compared to just calling the corresponding functionality in the same process.
02-15 09:24:00.815 I/PreDnsController(  697): CanPreDnsQuery,persist.sys.predns is false!
02-15 09:24:00.817 W//system/bin/netd(  697): A binder object at 0x72c421a700 is being transacted on, however, this object is in the same process as its proxy. Transacting with this binder is expensive compared to just calling the corresponding functionality in the same process.
02-15 09:24:00.817 I/PreDnsController(  697): CanPreDnsQuery,persist.sys.predns is false!
02-15 09:24:00.826 I/flutter ( 7315): [閫氱煡] 瑙掓爣 updateBadgeCount(count=0) 宸叉墽琛?
02-15 09:24:00.945 W/System  ( 7315): Ignoring header X-Firebase-Locale because its value was null.
02-15 09:24:00.990 I/NetworkStats( 1828): openSessionForUsageStats, pid = 3582, pkg = com.ss.android.ugc.aweme
02-15 09:24:00.993 I/NetworkStats( 1828): getSummaryForAllUid, uid = 10151
02-15 09:24:00.993 I/NetworkStatsCollection( 1828): getSummary, uid = 10151stats size = 183
02-15 09:24:00.999 I/NetworkStats( 1828): openSessionForUsageStats, pid = 3582, pkg = com.ss.android.ugc.aweme
02-15 09:24:01.001 I/NetworkStats( 1828): getSummaryForAllUid, uid = 10151
02-15 09:24:01.001 I/NetworkStatsCollection( 1828): getSummary, uid = 10151stats size = 183
02-15 09:24:01.005 W/migration/7(   54): type=1400 audit(0.0:766889): avc: granted { setsched } for pid=54 scontext=u:r:kernel:s0 tcontext=u:r:kernel:s0 tclass=process
02-15 09:24:01.025 W/migration/7(   54): type=1400 audit(0.0:766890): avc: granted { setsched } for pid=54 scontext=u:r:kernel:s0 tcontext=u:r:kernel:s0 tclass=process
02-15 09:24:01.107 D/LteRecoveryEngine( 2544): UnRecoverState processMessage UPDATE_PS_SLOW_VALUE
02-15 09:24:01.145 W/migration/7(   54): type=1400 audit(0.0:766891): avc: granted { setsched } for pid=54 scontext=u:r:kernel:s0 tcontext=u:r:kernel:s0 tclass=process
02-15 09:24:01.145 W/migration/6(   48): type=1400 audit(0.0:766892): avc: granted { setsched } for pid=48 scontext=u:r:kernel:s0 tcontext=u:r:kernel:s0 tclass=process
02-15 09:24:01.271 I/NotificationManager( 1828): android: cancel(8)
02-15 09:24:01.285 W/migration/6(   48): type=1400 audit(0.0:766893): avc: granted { setsched } for pid=48 scontext=u:r:kernel:s0 tcontext=u:r:kernel:s0 tclass=process
02-15 09:24:01.278 I/chatty  ( 1828): uid=1000(system) Binder:1828_B expire 1 line
02-15 09:24:01.279 I/ClipboardService( 1828): callingPackage:com.example.teacher_hub, uid =10359, isFocusedWindow =true
02-15 09:24:01.283 I/ConnectivityService( 1828): true for 10197(41) on netId 127
02-15 09:24:01.283 I/ConnectivityService( 1828): true for 10197(42) on netId 127
02-15 09:24:01.283 I/ConnectivityService( 1828): true for 10197(43) on netId 127
02-15 09:24:01.284 I/ConnectivityService( 1828): true for 10197(73) on netId 127
02-15 09:24:01.284 I/ConnectivityService( 1828): true for 10197(719) on netId 127
02-15 09:24:01.285 I/ConnectivityService( 1828): true for 10197(720) on netId 127
02-15 09:24:01.285 I/NotificationListener( 2541): onNotificationRemoved: StatusBarNotification(pkg=android user=UserHandle{-1} id=8 tag=null key=-1|android|8|null|1000: Notification(channel=VIRTUAL_KEYBOARD pri=0 contentView=null vibrate=null sound=null defaults=0x0 flags=0x2 color=0xff607d8b category=sys groupKey=ranker_group8 vis=PRIVATE))
02-15 09:24:01.285 I/ConnectivityService( 1828): true for 10197(721) on netId 127
02-15 09:24:01.286 I/ConnectivityService( 1828): true for 10197(867) on netId 127
02-15 09:24:01.286 I/ConnectivityService( 1828): true for 10197(868) on netId 127
02-15 09:24:01.287 I/NotificationViewHierarchyManager( 2541): updateNotificationViews activeNotificationSize=4
02-15 09:24:01.287 D/PluginInstanceManager( 2541): stopListening
02-15 09:24:01.287 I/ScrollLayout2( 2541): removeContainerView StatusBarNotification(pkg=android user=UserHandle{-1} id=8 tag=null key=-1|android|8|null|1000: Notification(channel=VIRTUAL_KEYBOARD pri=0 contentView=null vibrate=null sound=null defaults=0x0 flags=0x2 color=0xff607d8b category=sys groupKey=ranker_group8 vis=PRIVATE))
02-15 09:24:01.296 W/BufferQueueProducer(  766): [InputMethod#0]:1390: disconnect: not connected (req=1)
02-15 09:24:01.297 W/libEGL  ( 5656): EGLNativeWindowType 0x72f93bcd50 disconnect failed
02-15 09:24:01.304 I/WindowManager( 1828): dispatchResized : win = Window{df76a75 u0 com.example.teacher_hub/com.example.teacher_hub.MainActivity} drawState = HAS_DRAWN
02-15 09:24:01.494 E/SmartChgBase/File( 2622): file /data/user_de/0/com.huawei.systemmanager/files/smart_charge/base/mock/enable is invalid in IsFileExist
02-15 09:24:01.533 I/WindowManager( 1828): Exit animation finished in Window{b547a8e u0 InputMethod EXITING}: remove=false
02-15 09:24:01.494 E/SmartChgBase/File( 2622): file /data/user_de/0/com.huawei.systemmanager/files/smart_charge/base/mock/enable is invalid in IsFileExist
02-15 09:24:01.563 E/Booster_Qoe( 2544): PreprocessModemData, IsCellularCtx false
02-15 09:24:01.563 I/Booster_Qoe( 2544): AdaBoostPredict rlt,index:7,NisPsSlow:0,NProba:279,rsrp(rssi):-50,rsrq(noise):-100,rtt(chload):14,buffhigh(uldelay):0,buffcomm(rtt):134
02-15 09:24:01.563 E/Booster_Qoe( 2544): PreprocessModemData, IsCellularCtx false
02-15 09:24:01.563 I/Booster_Qoe( 2544): AdaBoostPredict rlt,index:2,NisPsSlow:0,NProba:279,rsrp(rssi):-50,rsrq(noise):-100,rtt(chload):14,buffhigh(uldelay):0,buffcomm(rtt):45
02-15 09:24:01.563 I/Collector( 2544): HandleRawWifiInfo: flag:0, netId:0!
02-15 09:24:01.563 I/NetworkQoeProxy( 2544): calcChannelNoRx dnsData is not present
02-15 09:24:01.564 E/BoosterUtil( 2544): convertSubIdToSlotId failed, subId:5, slotId:-1
02-15 09:24:01.564 E/BoosterUtil( 2544): getDefaultDataSlotId failed, invalid slotId:-1, subId:5
02-15 09:24:01.564 E/NrSmartCure( 2544): onNetworkQoeUpdate failed, invalid defaultDataSlotId=-1
02-15 09:24:01.566 E/FourNetCombinationChr( 2544): getNetworkQoeInfo failed, qoeTcpDataOpt is null
02-15 09:24:01.567 I/Hicom_Monitor( 2544): handleNetworkQoeReport. foregroundAppTcpRtt: 134, maxRatioChannelId: 2
02-15 09:24:01.567 I/Hicom_Monitor( 2544): handleNetworkQoeReport. qoeString: 10359,4,0,279,1,2,4,0,279,720600,960700,10,10,0,62,87,0
02-15 09:24:01.567 I/WiFi_PRO_WifiProStateMachine( 1828): APP_SERVICE_QOE_NOTIFY Qoe info 10359,4,0,279,1,2,4,0,279,720600,960700,10,10,0,62,87,0 CID 2 mMasterWifiRssi -50 mMasterCardAmbr 1048576 mSlaveCardAmbr 1048576
02-15 09:24:01.567 I/HwWifiProServiceProxy( 1828): ctrlHwWifiNetwork pkgName: WIFIPRO_SERVICE interfaceId: 9
02-15 09:24:01.567 I/WiFi_PRO_WifiProStateMachine( 1828): isWifi2WifiProcess = false, mIsNeedIgnoreQoeUpdate = false, mIsAppInBlacklist = false, mIsAppInBlacklistFullScreen = false, mIsWiFiNoInternet false, screen on = true, full screen = false, isLandscapeMode = false, mNotifyWifiLinkPoorReason = -1
02-15 09:24:01.568 I/WiFi_PRO_WifiProStateMachine( 1828): mChannelQoeBadCnt = 0, mAppQoeBadCnt = 0, mNetworkSlowReason = 0, mNetworkSlowChannelBadCnt = 0
02-15 09:24:01.568 E/WiFi_PROHumanFactorRecommend( 1828): isRichTrafficUser, invalid slotId=-1
02-15 09:24:01.569 E/WiFi_PROHumanFactorRecommend( 1828): isEconomicTrafficUser, invalid slotId=-1
02-15 09:24:01.734 E/bastetd (  965): [ProxySocket    ] NotifySocketErrState# No record found by comm prop, state=196619
02-15 09:24:01.820 I/NetworkStats( 1828): performPollLocked, pid = 1828
02-15 09:24:01.820 I/PowerManagerService( 1828): handleSandman: wakefulness: 1,startDreaming: false
02-15 09:24:01.822 I/netd    (  697): trafficSwapActiveStatsMap() <0.82ms>
02-15 09:24:01.824 I/netd    (  697): tetherGetStats() <1.25ms>
02-15 09:24:01.826 I/HwNetworkStatsServiceEx( 1828): hwRecordUidAndProcSnapshotLocked currentTime = 1771122612956
02-15 09:24:01.827 I/HwNetworkManagementService( 1828): request swap success.
02-15 09:24:01.835 I/NetworkStatsCollection( 1828): getSummary, uid = 1000stats size = 2
02-15 09:24:01.835 I/NetworkStatsCollection( 1828): getSummary, uid = 1000stats size = 2
02-15 09:24:01.835 I/NetworkStatsCollection( 1828): getSummary, uid = 1000stats size = 91
02-15 09:24:01.836 I/NetworkStatsCollection( 1828): getSummary, uid = 1000stats size = 2
02-15 09:24:01.836 I/NetworkStatsCollection( 1828): getSummary, uid = 1000stats size = 2
02-15 09:24:01.836 I/NetworkStatsCollection( 1828): getSummary, uid = 1000stats size = 91
02-15 09:24:01.838 I/PowerManagerService( 1828): handleSandman: wakefulness: 1,startDreaming: false
02-15 09:24:01.838 I/netd    (  697): bandwidthSetGlobalAlert(2097152) <0.53ms>
02-15 09:24:01.839 W/HSM_BG-11.1.1.543( 2622): TrafficNotifyDelegate:Current data imsi is null, so return.
02-15 09:24:01.887 I/WificondControl( 1828): Noise: -100, Snr: 16, Chload: 35, rssi: -51, txBitrate: 720, rxBitrate: 960, frequency: 5320, UlDelay: 0, currentTxBytes: 226072664, currentTxPackets: 861375, currentTxFailed: 0, currentRxBytes: 688034843, currentRxPackets: 851699
02-15 09:24:01.889 D/HuaweiWifiWatchdogStateMachine( 1828): nothing to do
02-15 09:24:01.890 I/WiFi_PRO( 1828): MSG_RETURN_AP_CURRY_RSSI rssi = -51
02-15 09:24:01.890 I/HuaweiWifiWatchdogStateMachine( 1828): POta txb txg rxg:0, 639, 0. Lr =0% Totpkt=639
02-15 09:24:01.890 I/QosMonitor( 1828): queryRtt: rttType = 3
02-15 09:24:01.890 I/HwWifiProServiceProxy( 1828): ctrlHwWifiNetwork pkgName: WIFIPRO_SERVICE interfaceId: 8
02-15 09:24:01.890 I/HwDualBandManager( 1828): handle2gApStrongWifiRssiChange
02-15 09:24:01.891 I/QosMonitor( 1828): postEventFromNative: msg=100,arg1=4,arg2=10
02-15 09:24:01.891 I/HwWifiProServiceProxy( 1828): ctrlHwWifiNetwork pkgName: WIFIPRO_SERVICE interfaceId: 8
02-15 09:24:01.891 I/QosMonitor( 1828): postEventFromNative: msg=100,arg1=0,arg2=10
02-15 09:24:01.891 D/HuaweiWifiWatchdogStateMachine( 1828): nothing to do
02-15 09:24:01.892 I/MQoS    ( 1828): rtt=352,tcpTxPkts=4144915,tcpRxPkts=7174775
02-15 09:24:01.892 I/QosMonitor( 1828): resetRtt: rttType = 3
02-15 09:24:01.892 I/HwWifiProServiceProxy( 1828): ctrlHwWifiNetwork pkgName: WIFIPRO_SERVICE interfaceId: 8
02-15 09:24:01.892 D/HwConnectivityServiceEx( 1828): set 1000 wlan0 value false
02-15 09:24:01.892 I/MQoS    ( 1828): QOS_level:0(0),DataDisable;use level-0
02-15 09:24:01.892 I/HuaweiWifiWatchdogStateMachine( 1828): PTcp RTT:352, rtt pkt=203, tcp_rx=605, tcp_tx=559, tcp_reTran=5, rtRate=0.01
02-15 09:24:01.893 I/HuaweiWifiWatchdogStateMachine( 1828): start computeQosLevel tcpRtt = 352 ,rssi = -51 ,mBestSpeedInPeriod = 0
02-15 09:24:01.893 I/HuaweiWifiWatchdogStateMachine( 1828): smoothConsecutiveQosResults, currentQosLevel = 3
02-15 09:24:02.109 D/LteRecoveryEngine( 2544): UnRecoverState processMessage UPDATE_PS_SLOW_VALUE
02-15 09:24:02.183 D/LogUtil_LogConfig(29158): getLogFile(): logFilePath = /data/user/0/com.huawei.health/files/com.huawei.health/com.huawei.health_PhoneService/
02-15 09:24:02.186 D/LogUtil_LogConfig(29158): acquireMaxLogFileLengthContainsOffset describe: com.huawei.health:PhoneService result:10485760
02-15 09:24:02.198 W/Settings( 7315): Setting adb_enabled has moved from android.provider.Settings.Secure to android.provider.Settings.Global.
02-15 09:24:02.229 W//system/bin/netd(  697): A binder object at 0x72c421a700 is being transacted on, however, this object is in the same process as its proxy. Transacting with this binder is expensive compared to just calling the corresponding functionality in the same process.
02-15 09:24:02.230 I/PreDnsController(  697): CanPreDnsQuery,persist.sys.predns is false!
02-15 09:24:02.233 D/HwConnectivityManagerImpl( 1828): getNetworkPolicyFlag flagStr null
02-15 09:24:02.233 I/        (  697): ApiCount[0, 0, 9, 1831, 0, 0, 0, 5, 0, 0, 3676, 7695, 0, 3629, 71, 0, 247, 0, 15441, 2003813]
02-15 09:24:02.299 D/HwConnectivityServiceEx( 1828): set 10359 wlan0 value false
02-15 09:24:02.327 I/TrafficMonitor( 1828): update:rxPkts:598,txPkts:604,rxBytes:394186,txBytes:205353
02-15 09:24:02.327 I/TrafficMonitor( 1828): no expired. level:5
02-15 09:24:02.327 I/TrafficMonitor( 1828): gettimer:interval=2000
02-15 09:24:02.327 I/TrafficMonitor( 1828): during_ms:2003,period_ms:2000
02-15 09:24:02.327 I/TrafficMonitor( 1828): count:621,rx_sum:598,tx_sum:604,rxBytes:394186,during_ms:2003,rx_speed:196797.8032950574,tx_speed:102522.71592611083,rto:0.9900662251655629
02-15 09:24:02.327 I/HuaweiWifiWatchdogStateMachine( 1828): Get speed information rx_speed = 196797 ,tx_speed = 102522 ,isSpeedOk = true ,mBestSpeedInPeriod = 196797
02-15 09:24:02.397 D/HwConnectivityServiceEx( 1828): set 10151 wlan0 value false
02-15 09:24:02.590 E/Booster_Qoe( 2544): PreprocessModemData, IsCellularCtx false
02-15 09:24:02.591 I/Booster_Qoe( 2544): AdaBoostPredict rlt,index:7,NisPsSlow:0,NProba:346,rsrp(rssi):-51,rsrq(noise):-100,rtt(chload):35,buffhigh(uldelay):0,buffcomm(rtt):206
02-15 09:24:02.591 E/Booster_Qoe( 2544): PreprocessModemData, IsCellularCtx false
02-15 09:24:02.591 I/Booster_Qoe( 2544): AdaBoostPredict rlt,index:2,NisPsSlow:0,NProba:346,rsrp(rssi):-51,rsrq(noise):-100,rtt(chload):35,buffhigh(uldelay):0,buffcomm(rtt):171
02-15 09:24:02.591 I/Collector( 2544): HandleRawWifiInfo: flag:0, netId:0!
02-15 09:24:02.591 I/NetworkQoeProxy( 2544): calcChannelNoRx dnsData is not present
02-15 09:24:02.593 E/BoosterUtil( 2544): convertSubIdToSlotId failed, subId:5, slotId:-1
02-15 09:24:02.593 E/BoosterUtil( 2544): getDefaultDataSlotId failed, invalid slotId:-1, subId:5
02-15 09:24:02.593 E/NrSmartCure( 2544): onNetworkQoeUpdate failed, invalid defaultDataSlotId=-1
02-15 09:24:02.593 E/FourNetCombinationChr( 2544): getNetworkQoeInfo failed, qoeTcpDataOpt is null
02-15 09:24:02.594 I/Hicom_Monitor( 2544): handleNetworkQoeReport. foregroundAppTcpRtt: 206, maxRatioChannelId: 2
02-15 09:24:02.594 I/Hicom_Monitor( 2544): handleNetworkQoeReport. qoeString: 10359,4,0,346,1,2,4,0,346,720600,960700,10,10,0,1754,3042,0
02-15 09:24:02.595 I/WiFi_PRO_WifiProStateMachine( 1828): APP_SERVICE_QOE_NOTIFY Qoe info 10359,4,0,346,1,2,4,0,346,720600,960700,10,10,0,1754,3042,0 CID 2 mMasterWifiRssi -51 mMasterCardAmbr 1048576 mSlaveCardAmbr 1048576
02-15 09:24:02.595 I/HwWifiProServiceProxy( 1828): ctrlHwWifiNetwork pkgName: WIFIPRO_SERVICE interfaceId: 9
02-15 09:24:02.595 I/WiFi_PRO_WifiProStateMachine( 1828): isWifi2WifiProcess = false, mIsNeedIgnoreQoeUpdate = false, mIsAppInBlacklist = false, mIsAppInBlacklistFullScreen = false, mIsWiFiNoInternet false, screen on = true, full screen = false, isLandscapeMode = false, mNotifyWifiLinkPoorReason = -1
02-15 09:24:02.595 I/WiFi_PRO_WifiProStateMachine( 1828): mChannelQoeBadCnt = 0, mAppQoeBadCnt = 0, mNetworkSlowReason = 0, mNetworkSlowChannelBadCnt = 0
02-15 09:24:02.598 E/WiFi_PROHumanFactorRecommend( 1828): isRichTrafficUser, invalid slotId=-1
02-15 09:24:02.600 E/WiFi_PROHumanFactorRecommend( 1828): isEconomicTrafficUser, invalid slotId=-1
02-15 09:24:03.088 I/WificondControl( 1828): Noise: -100, Snr: 32, Chload: 10, rssi: -50, txBitrate: 720, rxBitrate: 960, frequency: 5320, UlDelay: 0, currentTxBytes: 226079066, currentTxPackets: 861393, currentTxFailed: 0, currentRxBytes: 688050046, currentRxPackets: 851712
02-15 09:24:03.091 V/HwWifiServiceFactory( 1828): get AllImpl object = com.android.server.wifi.HwWifiServiceFactoryImpl@da21258
02-15 09:24:03.111 D/LteRecoveryEngine( 2544): UnRecoverState processMessage UPDATE_PS_SLOW_VALUE
02-15 09:24:03.315 D/HwConnectivityServiceEx( 1828): set 10197 wlan0 value true
02-15 09:24:03.315 I/ConnectivityService( 1828): B uid 10197
02-15 09:24:03.316 I/ConnectivityService( 1828): B net to uid=10197
02-15 09:24:03.466 I/SensorService( 1828): cleanupConnection begin
02-15 09:24:03.467 I/SensorService( 1828): cleanupConnection end
02-15 09:24:03.472 D/HwConnectivityServiceEx( 1828): set 10166 wlan0 value true
02-15 09:24:03.472 I/ConnectivityService( 1828): B uid 10166
02-15 09:24:03.618 E/Booster_Qoe( 2544): PreprocessModemData, IsCellularCtx false
02-15 09:24:03.618 I/Booster_Qoe( 2544): AdaBoostPredict rlt,index:7,NisPsSlow:0,NProba:356,rsrp(rssi):-50,rsrq(noise):-100,rtt(chload):10,buffhigh(uldelay):0,buffcomm(rtt):268
02-15 09:24:03.618 E/Booster_Qoe( 2544): PreprocessModemData, IsCellularCtx false
02-15 09:24:03.618 I/Booster_Qoe( 2544): AdaBoostPredict rlt,index:2,NisPsSlow:0,NProba:356,rsrp(rssi):-50,rsrq(noise):-100,rtt(chload):10,buffhigh(uldelay):0,buffcomm(rtt):254
02-15 09:24:03.619 I/Collector( 2544): HandleRawWifiInfo: flag:0, netId:0!
02-15 09:24:03.619 I/NetworkQoeProxy( 2544): calcChannelNoRx dnsData is not present
02-15 09:24:03.620 E/BoosterUtil( 2544): convertSubIdToSlotId failed, subId:5, slotId:-1
02-15 09:24:03.620 E/BoosterUtil( 2544): getDefaultDataSlotId failed, invalid slotId:-1, subId:5
02-15 09:24:03.620 E/NrSmartCure( 2544): onNetworkQoeUpdate failed, invalid defaultDataSlotId=-1
02-15 09:24:03.622 E/FourNetCombinationChr( 2544): getNetworkQoeInfo failed, qoeTcpDataOpt is null
02-15 09:24:03.623 I/Hicom_Monitor( 2544): handleNetworkQoeReport. foregroundAppTcpRtt: 268, maxRatioChannelId: 2
02-15 09:24:03.623 I/Hicom_Monitor( 2544): handleNetworkQoeReport. qoeString: 10359,4,0,356,1,2,4,0,356,720600,960700,10,10,0,50,118,0
02-15 09:24:03.623 I/WiFi_PRO_WifiProStateMachine( 1828): APP_SERVICE_QOE_NOTIFY Qoe info 10359,4,0,356,1,2,4,0,356,720600,960700,10,10,0,50,118,0 CID 2 mMasterWifiRssi -50 mMasterCardAmbr 1048576 mSlaveCardAmbr 1048576
02-15 09:24:03.624 I/HwWifiProServiceProxy( 1828): ctrlHwWifiNetwork pkgName: WIFIPRO_SERVICE interfaceId: 9
02-15 09:24:03.624 I/WiFi_PRO_WifiProStateMachine( 1828): isWifi2WifiProcess = false, mIsNeedIgnoreQoeUpdate = false, mIsAppInBlacklist = false, mIsAppInBlacklistFullScreen = false, mIsWiFiNoInternet false, screen on = true, full screen = false, isLandscapeMode = false, mNotifyWifiLinkPoorReason = -1
02-15 09:24:03.624 I/WiFi_PRO_WifiProStateMachine( 1828): mChannelQoeBadCnt = 0, mAppQoeBadCnt = 0, mNetworkSlowReason = 0, mNetworkSlowChannelBadCnt = 0
02-15 09:24:03.625 E/WiFi_PROHumanFactorRecommend( 1828): isRichTrafficUser, invalid slotId=-1
02-15 09:24:03.626 E/WiFi_PROHumanFactorRecommend( 1828): isEconomicTrafficUser, invalid slotId=-1
02-15 09:24:03.680 W/Settings( 7315): Setting adb_enabled has moved from android.provider.Settings.Secure to android.provider.Settings.Global.
02-15 09:24:03.701 W/Settings( 7315): Setting adb_enabled has moved from android.provider.Settings.Secure to android.provider.Settings.Global.
02-15 09:24:03.785 E/JavaBinder( 7315): !!! FAILED BINDER TRANSACTION !!!  (parcel size = 136)
02-15 09:24:04.054 E/Thermal-daemon:hw_thermal(  992): [shell_frame] tempNew :36  tempOld :37
02-15 09:24:04.055 I/LogPowerAdapter( 2542): do thermal temperature:36action:app_action value:0 sensorType:22 to PG
02-15 09:24:04.056 E/Thermal-daemon:hw_thermal(  992): Report temperature: [shell_frame] temp :36  reportThreshold:1
02-15 09:24:04.057 I/DeviceStateService( 2542): thermal app_action step = 0 temperature = 36
02-15 09:24:04.063 I/storaged(  991): storaged_t::event: storage_info refreshed.
02-15 09:24:04.113 D/LteRecoveryEngine( 2544): UnRecoverState processMessage UPDATE_PS_SLOW_VALUE
02-15 09:24:04.134 I/NetworkStats( 1828): openSessionForUsageStats, pid = 9044, pkg = com.tencent.mm
02-15 09:24:04.136 I/NetworkStats( 1828): getSummaryForAllUid, uid = 10192
02-15 09:24:04.136 I/NetworkStatsCollection( 1828): getSummary, uid = 10192stats size = 184
02-15 09:24:04.137 I/NetworkStats( 1828): openSessionForUsageStats, pid = 9044, pkg = com.tencent.mm
02-15 09:24:04.138 I/NetworkStats( 1828): getSummaryForAllUid, uid = 10192
02-15 09:24:04.138 I/NetworkStatsCollection( 1828): getSummary, uid = 10192stats size = 184
02-15 09:24:04.141 V/AudioManager( 9044): isMusicActive...
02-15 09:24:04.168 E/bastetd (  965): [ProxySocket    ] NotifySocketErrState# No record found by comm prop, state=196619
02-15 09:24:04.192 E/bastetd (  965): [ProxySocket    ] NotifySocketErrState# No record found by comm prop, state=196619
02-15 09:24:04.330 I/TrafficMonitor( 1828): update:rxPkts:69,txPkts:63,rxBytes:84528,txBytes:6682
02-15 09:24:04.330 I/TrafficMonitor( 1828): no expired. level:4
02-15 09:24:04.330 I/TrafficMonitor( 1828): gettimer:interval=2000
02-15 09:24:04.330 I/TrafficMonitor( 1828): during_ms:2003,period_ms:2000
02-15 09:24:04.330 I/TrafficMonitor( 1828): count:622,rx_sum:69,tx_sum:63,rxBytes:84528,during_ms:2003,rx_speed:42200.69895157264,tx_speed:3335.996005991013,rto:1.0952380952380953
02-15 09:24:04.331 I/HuaweiWifiWatchdogStateMachine( 1828): Get speed information rx_speed = 42200 ,tx_speed = 3335 ,isSpeedOk = true ,mBestSpeedInPeriod = 196797
02-15 09:24:04.401 D/HwConnectivityServiceEx( 1828): set 10151 wlan0 value false
02-15 09:24:04.507 I/netd    (  697): trafficSwapActiveStatsMap() <0.88ms>
02-15 09:24:04.635 E/Booster_Qoe( 2544): PreprocessModemData, IsCellularCtx false
02-15 09:24:04.635 I/Booster_Qoe( 2544): AdaBoostPredict rlt,index:7,NisPsSlow:0,NProba:328,rsrp(rssi):-50,rsrq(noise):-100,rtt(chload):20,buffhigh(uldelay):0,buffcomm(rtt):233
02-15 09:24:04.635 E/Booster_Qoe( 2544): PreprocessModemData, IsCellularCtx false
02-15 09:24:04.635 I/Booster_Qoe( 2544): AdaBoostPredict rlt,index:2,NisPsSlow:0,NProba:328,rsrp(rssi):-50,rsrq(noise):-100,rtt(chload):20,buffhigh(uldelay):0,buffcomm(rtt):227
02-15 09:24:04.635 I/Collector( 2544): HandleRawWifiInfo: flag:0, netId:0!
02-15 09:24:04.635 I/NetworkQoeProxy( 2544): calcChannelNoRx dnsData is not present
02-15 09:24:04.636 E/BoosterUtil( 2544): convertSubIdToSlotId failed, subId:5, slotId:-1
02-15 09:24:04.636 E/BoosterUtil( 2544): getDefaultDataSlotId failed, invalid slotId:-1, subId:5
02-15 09:24:04.636 E/NrSmartCure( 2544): onNetworkQoeUpdate failed, invalid defaultDataSlotId=-1
02-15 09:24:04.637 E/FourNetCombinationChr( 2544): getNetworkQoeInfo failed, qoeTcpDataOpt is null
02-15 09:24:04.637 I/Hicom_Monitor( 2544): handleNetworkQoeReport. foregroundAppTcpRtt: 233, maxRatioChannelId: 2
02-15 09:24:04.637 I/Hicom_Monitor( 2544): handleNetworkQoeReport. qoeString: 10359,4,0,328,1,2,4,0,328,720600,864700,10,10,0,38,646,0
02-15 09:24:04.637 I/WiFi_PRO_WifiProStateMachine( 1828): APP_SERVICE_QOE_NOTIFY Qoe info 10359,4,0,328,1,2,4,0,328,720600,864700,10,10,0,38,646,0 CID 2 mMasterWifiRssi -50 mMasterCardAmbr 1048576 mSlaveCardAmbr 1048576
02-15 09:24:04.638 I/HwWifiProServiceProxy( 1828): ctrlHwWifiNetwork pkgName: WIFIPRO_SERVICE interfaceId: 9
02-15 09:24:04.638 I/WiFi_PRO_WifiProStateMachine( 1828): isWifi2WifiProcess = false, mIsNeedIgnoreQoeUpdate = false, mIsAppInBlacklist = false, mIsAppInBlacklistFullScreen = false, mIsWiFiNoInternet false, screen on = true, full screen = false, isLandscapeMode = false, mNotifyWifiLinkPoorReason = -1
02-15 09:24:04.638 I/WiFi_PRO_WifiProStateMachine( 1828): mChannelQoeBadCnt = 0, mAppQoeBadCnt = 0, mNetworkSlowReason = 0, mNetworkSlowChannelBadCnt = 0
02-15 09:24:04.640 E/WiFi_PROHumanFactorRecommend( 1828): isRichTrafficUser, invalid slotId=-1
02-15 09:24:04.641 E/WiFi_PROHumanFactorRecommend( 1828): isEconomicTrafficUser, invalid slotId=-1
02-15 09:24:04.650 I/SpeedTestNotifier( 2544): is low speed scene
02-15 09:24:05.003 I/PowerManagerService( 1828): handleSandman: wakefulness: 1,startDreaming: false
