--------- beginning of main
02-15 09:23:40.388 I/HwLauncher(11858): Model onPackageChanged userAppPackage:Package:com.example.teacher_hub,User:UserHandle{0},IsClone:false
02-15 09:23:40.388 I/HwLauncher(11858): PowerSaveLauncherModel onPackageChanged:Package:com.example.teacher_hub,User:UserHandle{0},IsClone:false
02-15 09:23:40.388 E/HwLauncher(11858): PowerSaveLauncherModel onPackageChanged: not inPowerSaveLauncher 
02-15 09:23:40.388 I/HwLauncher(11858): StreetModeLauncherModel onPackageChanged:Package:com.example.teacher_hub,User:UserHandle{0},IsClone:false
02-15 09:23:40.388 E/HwLauncher(11858): StreetModeLauncherModel onPackageChanged: not inStreetModeLauncher 
02-15 09:23:40.388 I/HwResourcesImpl(11858): remove icon, packageName = com.example.teacher_hub
02-15 09:23:40.388 I/Icon_Cache(11858): removeByPackageName: key = 2131558400#com.example.teacher_hub
02-15 09:23:40.392 I/Icon_Cache(11858): add:2131558400#com.example.teacher_hub
02-15 09:23:40.414 D/BaseIconCache(11858): Looper.myLooper():Looper (main, tid 1) {281c5d},mBgLooper:Looper (launcher-loader, tid 3945) {6a699d2}
02-15 09:23:40.414 D/BaseIconCache(11858): Looper.myLooper():Looper (main, tid 1) {281c5d},mBgLooper:Looper (launcher-loader, tid 3945) {6a699d2}
02-15 09:23:40.416 D/BundleMgrProxy(20782): getServiceBundleNames bundleName:com.achievo.vipshop, isEntryInstallationFree:false
02-15 09:23:40.416 D/BundleMgrProxy(20782): getServiceBundleNames entryModuleName:entry
02-15 09:23:40.416 D/BundleMgrProxy(20782): getServiceBundleNames bundleName:com.huawei.android.remotecontroller, isEntryInstallationFree:true
02-15 09:23:40.416 D/BundleMgrProxy(20782): getServiceBundleNames bundleName:com.huawei.android.thememanager, isEntryInstallationFree:false
02-15 09:23:40.417 D/BundleMgrProxy(20782): getServiceBundleNames entryModuleName:entry
02-15 09:23:40.417 D/BundleMgrProxy(20782): getServiceBundleNames bundleName:com.huawei.android.totemweather, isEntryInstallationFree:false
02-15 09:23:40.417 D/BundleMgrProxy(20782): getServiceBundleNames entryModuleName:entry_phone
02-15 09:23:40.417 D/BundleMgrProxy(20782): getServiceBundleNames bundleName:com.huawei.audioaccessorymanager, isEntryInstallationFree:false
02-15 09:23:40.417 D/BundleMgrProxy(20782): getServiceBundleNames entryModuleName:entry
02-15 09:23:40.417 D/BundleMgrProxy(20782): getServiceBundleNames bundleName:com.huawei.calendar, isEntryInstallationFree:false
02-15 09:23:40.417 D/BundleMgrProxy(20782): getServiceBundleNames entryModuleName:entry_phone
02-15 09:23:40.417 D/BundleMgrProxy(20782): getServiceBundleNames bundleName:com.huawei.contacts, isEntryInstallationFree:false
02-15 09:23:40.417 D/BundleMgrProxy(20782): getServiceBundleNames entryModuleName:entry
02-15 09:23:40.417 D/BundleMgrProxy(20782): getServiceBundleNames bundleName:com.huawei.deskclock, isEntryInstallationFree:false
02-15 09:23:40.417 D/BundleMgrProxy(20782): getServiceBundleNames entryModuleName:entry_phone
02-15 09:23:40.417 D/BundleMgrProxy(20782): getServiceBundleNames bundleName:com.huawei.email, isEntryInstallationFree:false
02-15 09:23:40.417 D/BundleMgrProxy(20782): getServiceBundleNames entryModuleName:entry
02-15 09:23:40.417 D/BundleMgrProxy(20782): getServiceBundleNames bundleName:com.huawei.meetime, isEntryInstallationFree:false
02-15 09:23:40.417 D/BundleMgrProxy(20782): getServiceBundleNames entryModuleName:entry_hicontacts
02-15 09:23:40.417 D/BundleMgrProxy(20782): getServiceBundleNames bundleName:com.huawei.music, isEntryInstallationFree:false
02-15 09:23:40.417 D/BundleMgrProxy(20782): getServiceBundleNames entryModuleName:entry
02-15 09:23:40.417 D/BundleMgrProxy(20782): getServiceBundleNames bundleName:com.huawei.notepad, isEntryInstallationFree:false
02-15 09:23:40.417 D/BundleMgrProxy(20782): getServiceBundleNames entryModuleName:entry
02-15 09:23:40.417 D/BundleMgrProxy(20782): getServiceBundleNames bundleName:com.huawei.ohos.famanager, isEntryInstallationFree:false
02-15 09:23:40.417 D/BundleMgrProxy(20782): getServiceBundleNames entryModuleName:entry
02-15 09:23:40.433 D/BundleMgrProxy(20782): getServiceBundleNames bundleName:com.huawei.tipsove, isEntryInstallationFree:false
02-15 09:23:40.433 D/BundleMgrProxy(20782): getServiceBundleNames entryModuleName:entry_phone
02-15 09:23:40.433 D/BundleMgrProxy(20782): getServiceBundleNames bundleName:com.jingdong.app.mall, isEntryInstallationFree:false
02-15 09:23:40.433 D/BundleMgrProxy(20782): getServiceBundleNames entryModuleName:entry
02-15 09:23:40.433 D/BundleMgrProxy(20782): getServiceBundleNames bundleName:com.zhihu.android, isEntryInstallationFree:false
02-15 09:23:40.433 D/BundleMgrProxy(20782): getServiceBundleNames entryModuleName:entry
02-15 09:23:40.433 D/BundleMgrProxy(20782): getServiceBundleNames bundleName:ohos.global.systemres, isEntryInstallationFree:false
02-15 09:23:40.433 D/BundleMgrProxy(20782): getServiceBundleNames entryModuleName:entry
02-15 09:23:40.455 I/FormalHASDK(20782): HAImpl==> onEvent. tag:_default_config_tag, type:0, eventId:1010900606
--------- beginning of system
02-15 09:23:40.456 D/HwConnectivityServiceEx( 1828): set 10027 wlan0 value false
02-15 09:23:40.521 W/PackageParser(20782): Unknown element under <manifest>: queries at /data/app/com.example.teacher_hub-3OZ2mA5d9FpDvdahnCWz5Q==/base.apk Binary XML file line #29
02-15 09:23:40.527 W/HiApp.UpM/AppKeySetsManager(20782): ApkObtainTask-0{9062} com.example.teacher_hub Apply Undefined KeySets
02-15 09:23:40.541 I/HslPackageManager(20782): Get Hsl Package Manager.
02-15 09:23:40.541 I/HslPackageManager(20782): is Support Hsl false
02-15 09:23:40.554 I/NK_RealHttpClient(20782): ApkObtainTask-0|embedded.a1|23|request: ConnectTimeout:, ConcurrentConnectDelay:锛宺equest firstIpv6ClientConcurrentConnectDelay锛歨ttpclient: ConnectTimeout:10000, ConcurrentConnectDelay:500锛宧ttpclient firstIpv6ClientConcurrentConnectDelay锛?50
02-15 09:23:40.561 I/NK_CountryCodeBean(20782): ApkObtainTask-0|network.grs.local.model.CountryCodeBean|49|get issue_country code from LOCALE_INFO
02-15 09:23:40.564 I/NK_OkReqTsk(20782): ApkObtainTask-0|embedded.j3|285|the request has used the okhttp! 
02-15 09:23:40.641 D/AwareLog(  996): iawared: WorkingsetProcessCommand subCmd = 351, userId=10359, pid=7315, com.example.teacher_hub
02-15 09:23:40.641 D/AwareLog(  996): iawared: WorkingsetPause com.example.teacher_hub
02-15 09:23:40.828 I/RoleUserState( 1828): Wrote roles.xml successfully
02-15 09:23:40.968 I/NK_InterceptorExecutor(28601): NK_request_4|embedded.p2|424|response code:200
02-15 09:23:40.968 I/NK_Netdiag(28601): NK_request_4 ->NK_netdiag_1|netdiag.tools.NetDetectAndPolicy|1|the time count will reset!
02-15 09:23:40.969 D/HwConnectivityServiceEx( 1828): set 10098 wlan0 value false
02-15 09:23:40.969 D/HwConnectivityServiceEx( 1828): set 10098 wlan0 value false
02-15 09:23:40.969 W/FormalHASDK(28601): HADM==> tag:  not found
02-15 09:23:40.970 E/WifiService( 1828): enforceCanAccessScanResults: hiding ssid and bssidLocation mode is disabled for the device
02-15 09:23:40.970 I/HwGameAssistant-15.4.2.300-GameDataManager(28601): InstallAppResCallback count:1
02-15 09:23:40.971 I/HwGameAssistant-15.4.2.300-GameDataDBHelper(28601): updateAppinfo
02-15 09:23:40.971 I/FormalHASDK(28601): HAImpl==> onEvent. tag:GameAssistant, type:1, eventId:907134000
02-15 09:23:40.971 I/HwGameAssistant-15.4.2.300-HiAnalyticsUtil(28601): onOprEvrnt eventId:907134000
02-15 09:23:40.975 I/HwGameAssistant-15.4.2.300-GameDataProvider(28601): applyBatch:4
02-15 09:23:40.980 E/HwGameAssistant-15.4.2.300-GameDataManager(28601): appDataTss is null!
02-15 09:23:41.002 I/NK_Netdiag(20782): ApkObtainTask-0 ->NK_netdiag_5|netdiag.tools.NetDetectAndPolicy|1|the time count will reset!
02-15 09:23:41.006 I/NK_InterceptorExecutor(20782): ApkObtainTask-0|embedded.p2|409|response code:200
02-15 09:23:41.013 E/WifiService( 1828): enforceCanAccessScanResults: hiding ssid and bssidLocation mode is disabled for the device
02-15 09:23:41.021 I/FormalHASDK(20782): HAImpl==> onEvent. tag:_default_config_tag, type:1, eventId:907112013
02-15 09:23:41.024 W/HiApp.UpM/UpdateCheckImpl(20782): ApkObtainTask-0{9062} get no app update
02-15 09:23:41.025 I/FormalHASDK(20782): HAImpl==> onEvent. tag:_default_config_tag, type:0, eventId:120108
02-15 09:23:41.027 W/HiApp.AppInstalledUpdateChange(20782): ApkObtainTask-0{9062} invalid info
02-15 09:23:41.028 I/NK_Netdiag(28601): pool-12-thread-1 ->NK_netdiag_1|netdiag.tools.NetDetectAndPolicy|1|the time count will reset!
02-15 09:23:41.028 I/FormalHASDK(20782): HAImpl==> onEvent. tag:_default_config_tag, type:0, eventId:1010901501
02-15 09:23:41.028 I/NK_InterceptorExecutor(28601): pool-12-thread-1|embedded.p2|424|response code:200
02-15 09:23:41.029 W/FormalHASDK(28601): HADM==> tag:  not found
02-15 09:23:41.053 I/ConnCureStateMonitor( 2544): handleMessage: msg[4]
02-15 09:23:41.055 I/ConnCureStateMonitor( 2544): canPerformConnCure: network is not in service.
02-15 09:23:41.055 D/ConnCureConfigUtil( 2544): isCaredApp: input = com.example.teacher_hub
02-15 09:23:41.055 I/ConnCureStateMonitor( 2544): isCaredApp:false,isAllowed:true,isDataEnabled:false
02-15 09:23:41.061 D/LteRecoveryEngine( 2544): UnRecoverState processMessage UPDATE_PS_SLOW_VALUE
02-15 09:23:41.072 E/WifiService( 1828): enforceCanAccessScanResults: hiding ssid and bssidLocation mode is disabled for the device
02-15 09:23:41.073 I/FormalHASDK(28601): HAImpl==> onEvent. tag:GameAssistant, type:1, eventId:907134000
02-15 09:23:41.073 I/HwGameAssistant-15.4.2.300-HiAnalyticsUtil(28601): onOprEvrnt eventId:907134000
02-15 09:23:41.074 I/HwGameAssistant-15.4.2.300-GameDataManager(28601): getGameListInJXS rtnCode:0
02-15 09:23:41.077 I/HwGameAssistant-15.4.2.300-GameDataManager(28601): getGameListInJXS game:{com.tencent.tmgp.sgame=02, com.netease.mc.huawei=02, com.lanse.chinachess.huawei=02, com.netease.sky.huawei=02, com.zeptolab.ctrm.free.NonCMCC=02, com.duole.chinachess.huawei=02, com.wedobest.shudu.xtt=02}
02-15 09:23:41.078 I/HwGameAssistant-15.4.2.300-GameDataManager(28601): getGameListInJXS nogame:[com.android.mms, com.android.settings, com.huawei.android.findmyphone, com.huawei.browser, com.huawei.calendar, com.huawei.camera, com.huawei.contacts, com.huawei.deskclock, com.huawei.email, com.huawei.filemanager, com.huawei.gamebox, com.huawei.hiassistantoversea, com.huawei.himovie.overseas, com.huawei.hwread.dz, com.huawei.hwsearch, com.huawei.music, com.huawei.notepad, com.huawei.photos, com.achievo.vipshop, com.baidu.BaiduMap, com.cat.readall, com.grabtaxi.passenger, com.luna.music, com.snapchat.android, com.sohu.inputmethod.sogou, com.ss.android.lark, com.hicloud.android.clone, com.huawei.HwMultiScreenShot, com.huawei.android.hwouc, com.huawei.android.remotecontroller, com.huawei.android.thememanager, com.huawei.android.totemweather, com.huawei.appmarket, com.huawei.ar.measure, com.huawei.calculator, com.huawei.compass, com.huawei.gameassistant, com.huawei.health, com.huawei.hidisk, com.huawei.maps.app, com.huawei.meetime, com.huawei.mirror, com.huawei.mycenter, com.huawei.ohos.inputmethod, com.huawei.phoneservice, com.huawei.soundrecorder, com.huawei.systemmanager, com.huawei.tipsove, com.huawei.wallet, com.huawei.welinknow, com.touchtype.swiftkey, cn.wps.moffice_eng, com.Qunar, com.alibaba.aliexpresshd, com.autonavi.minimap, com.baidu.searchbox, com.chinatelecom.bestpayclient, com.dragon.read, com.duolingo, com.eg.android.AlipayGphone, com.eggflower.read, com.fvcorp.android.aijiasuclient, com.google.android.apps.translate, com.hexin.plat.android, com.huawei.fans, com.huawei.lives, com.huawei.smarthome, com.hundsun.winner.pazq, com.jingdong.app.mall, com.kmxs.reader, com.kugou.android, com.microsoft.amp.apps.bingnews, com.microsoft.bingintl, com.microsoft.office.officehubrow, com.microsoft.translator, com.mm.android.lc, com.phoenix.read, com.qidian.QDReader, com.qiyi.video, com.sankuai.meituan, com.shinnytech.futures.kuaiqixiaoq.release, com.sina.weibo, com.ss.android.article.lite, com.ss.android.article.news, com.ss.android.article.video, com.ss.android.ugc.aweme, com.taobao.taobao, com.tencent.androidqqmail, com.tencent.mm, com.tencent.mobileqq, com.tencent.mtt, com.tencent.qqlive, com.tencent.qqmusic, com.tmri.app.main, com.vmall.client, com.whatsapp, com.wuba, com.ximalaya.ting.android, com.xingin.xhs, com.xs.fm, com.xunmeng.pinduoduo, com.zhihu.android, esunny.estarandroid, im.token.app, ai.totok.chat, com.baixing.screenshot, com.hundsun.stockwinner.sczq, com.suncitygroup.apps.booking, com.suncitygroup.apps.suncity, org.xianliao]
02-15 09:23:41.079 E/HwGameAssistant-15.4.2.300-GameDataManager(28601): query iawaresdk res is null.
02-15 09:23:41.082 E/Booster_Qoe( 2544): PreprocessModemData, IsCellularCtx false
02-15 09:23:41.082 I/Booster_Qoe( 2544): AdaBoostPredict rlt,index:7,NisPsSlow:0,NProba:307,rsrp(rssi):-51,rsrq(noise):-100,rtt(chload):19,buffhigh(uldelay):0,buffcomm(rtt):137
02-15 09:23:41.082 E/Booster_Qoe( 2544): PreprocessModemData, IsCellularCtx false
02-15 09:23:41.082 I/Booster_Qoe( 2544): AdaBoostPredict rlt,index:2,NisPsSlow:0,NProba:356,rsrp(rssi):-51,rsrq(noise):-100,rtt(chload):19,buffhigh(uldelay):0,buffcomm(rtt):281
02-15 09:23:41.082 I/Collector( 2544): HandleRawWifiInfo: flag:0, netId:0!
02-15 09:23:41.083 I/NetworkQoeProxy( 2544): calcChannelNoRx dnsData is not present
02-15 09:23:41.083 E/BoosterUtil( 2544): convertSubIdToSlotId failed, subId:5, slotId:-1
02-15 09:23:41.083 E/BoosterUtil( 2544): getDefaultDataSlotId failed, invalid slotId:-1, subId:5
02-15 09:23:41.083 E/NrSmartCure( 2544): onNetworkQoeUpdate failed, invalid defaultDataSlotId=-1
02-15 09:23:41.083 E/FourNetCombinationChr( 2544): getNetworkQoeInfo failed, qoeTcpDataOpt is null
02-15 09:23:41.084 I/WiFi_PRO_WifiProStateMachine( 1828): APP_SERVICE_QOE_NOTIFY Qoe info 10359,4,0,307,1,2,4,0,356,720600,1080900,10,10,0,75,103,0 CID 2 mMasterWifiRssi -51 mMasterCardAmbr 1048576 mSlaveCardAmbr 1048576
02-15 09:23:41.084 I/Hicom_Monitor( 2544): handleNetworkQoeReport. foregroundAppTcpRtt: 137, maxRatioChannelId: 2
02-15 09:23:41.084 I/Hicom_Monitor( 2544): handleNetworkQoeReport. qoeString: 10359,4,0,307,1,2,4,0,356,720600,1080900,10,10,0,75,103,0
02-15 09:23:41.084 I/HwWifiProServiceProxy( 1828): ctrlHwWifiNetwork pkgName: WIFIPRO_SERVICE interfaceId: 9
02-15 09:23:41.084 I/WiFi_PRO_WifiProStateMachine( 1828): isWifi2WifiProcess = false, mIsNeedIgnoreQoeUpdate = false, mIsAppInBlacklist = false, mIsAppInBlacklistFullScreen = false, mIsWiFiNoInternet false, screen on = true, full screen = false, isLandscapeMode = false, mNotifyWifiLinkPoorReason = -1
02-15 09:23:41.084 I/WiFi_PRO_WifiProStateMachine( 1828): mChannelQoeBadCnt = 0, mAppQoeBadCnt = 0, mNetworkSlowReason = 0, mNetworkSlowChannelBadCnt = 0
02-15 09:23:41.084 E/WiFi_PROHumanFactorRecommend( 1828): isRichTrafficUser, invalid slotId=-1
02-15 09:23:41.084 E/WiFi_PROHumanFactorRecommend( 1828): isEconomicTrafficUser, invalid slotId=-1
02-15 09:23:41.090 I/HwGameAssistant-15.4.2.300-GameDataManager(28601): updateFWKData listNew:[com.tencent.tmgp.sgame, com.netease.mc.huawei, com.lanse.chinachess.huawei, com.netease.sky.huawei, com.zeptolab.ctrm.free.NonCMCC, com.duole.chinachess.huawei, com.wedobest.shudu.xtt]
02-15 09:23:41.090 I/HwGameAssistant-15.4.2.300-GameFwkServiceImpl(28601): getGameListFromFWKByReflect
02-15 09:23:41.090 D/HwGameAssistantController( 1828): getGameList: [com.tencent.tmgp.sgame, com.netease.mc.huawei, com.lanse.chinachess.huawei, com.netease.sky.huawei, com.zeptolab.ctrm.free.NonCMCC, com.duole.chinachess.huawei, com.wedobest.shudu.xtt]
02-15 09:23:41.090 I/HwGameAssistant-15.4.2.300-GameFwkServiceImpl(28601): getGameListFromFWK: com.tencent.tmgp.sgame
02-15 09:23:41.091 I/HwGameAssistant-15.4.2.300-GameFwkServiceImpl(28601): getGameListFromFWK: com.netease.mc.huawei
02-15 09:23:41.092 I/HwGameAssistant-15.4.2.300-GameFwkServiceImpl(28601): getGameListFromFWK: com.lanse.chinachess.huawei
02-15 09:23:41.092 I/HwGameAssistant-15.4.2.300-GameFwkServiceImpl(28601): getGameListFromFWK: com.netease.sky.huawei
02-15 09:23:41.092 I/HwGameAssistant-15.4.2.300-GameFwkServiceImpl(28601): getGameListFromFWK: com.zeptolab.ctrm.free.NonCMCC
02-15 09:23:41.093 I/HwGameAssistant-15.4.2.300-GameFwkServiceImpl(28601): getGameListFromFWK: com.duole.chinachess.huawei
02-15 09:23:41.093 I/HwGameAssistant-15.4.2.300-GameFwkServiceImpl(28601): getGameListFromFWK: com.wedobest.shudu.xtt
02-15 09:23:41.093 W/HwGameAssistant-15.4.2.300-SyncAppProvider(28601): syncAppList await result : success
02-15 09:23:41.094 I/AssistantService-11.2.1.200( 2544): notifyAssistant cursor == null :false
02-15 09:23:41.094 I/AssistantService-11.2.1.200( 2544): notifyAssistant cursor.getcount : 1
02-15 09:23:41.094 I/AssistantService-11.2.1.200( 2544): notifyAssistant returnCode =  0
02-15 09:23:41.123 I/NK_PolicyService(20782): HASDK-OnReport-29|httpclient.excutor.ProcessPolicyNetworkService|16|options = {"metric_policy":1}
02-15 09:23:41.129 I/NK_RealHttpClient(20782): HASDK-OnReport-29|embedded.a1|23|request: ConnectTimeout:, ConcurrentConnectDelay:锛宺equest firstIpv6ClientConcurrentConnectDelay锛歨ttpclient: ConnectTimeout:15000, ConcurrentConnectDelay:锛宧ttpclient firstIpv6ClientConcurrentConnectDelay锛?
02-15 09:23:41.136 I/NK_CountryCodeBean(20782): HASDK-OnReport-29|network.grs.local.model.CountryCodeBean|49|get issue_country code from LOCALE_INFO
02-15 09:23:41.139 I/NK_OkReqTsk(20782): HASDK-OnReport-29|embedded.j3|285|the request has used the okhttp! 
02-15 09:23:41.232 I/AppTypeRecogManager( 2542): Update app type name:com.example.teacher_hub type:65535
02-15 09:23:41.232 I/AppTypeRecogManager( 2542): Update app type by self. name:com.example.teacher_hub type:65535
02-15 09:23:41.270 D/AudioPolicyService(  762): getUidState(10107) !cacheIter->second.first, return PROCESS_STATE_UNKNOWN
02-15 09:23:41.279 I/HiAdKit.DC.AppDataCollectionManager(16394):  report third
02-15 09:23:41.280 W/fwkit_kims(16394): [fwkit KIMSServiceController.java:61] Can't find the specific package.
02-15 09:23:41.284 I/NetworkSdk_CountryCodeBean(16394): [HMSCore NetworkLog.java:1] pps-msg-queue|network.grs.local.model.CountryCodeBean|50|get issue_country code from LOCALE_INFO
02-15 09:23:41.285 D/HwConnectivityServiceEx( 1828): set 10066 wlan0 value false
02-15 09:23:41.286 I/HiAdKit.DC.NetworkUtil(16394):  multicard device
02-15 09:23:41.289 I/HiAdKit.DC.PpsOpenDevicePreference(16394):  getOaidMode: 0
02-15 09:23:41.289 I/HiAdKit.DC.CommonSystemUtil(16394):  hasPermissions true
02-15 09:23:41.290 I/HiAdKit.DC.CommonSystemUtil(16394):  hasPermissions true
02-15 09:23:41.290 I/HiAdKit.DC.PpsOpenDevicePreference(16394):  getOaidMode: 0
02-15 09:23:41.291 I/HiAdKit.DC.PpsOpenDevicePreference(16394):  getOaidMode: 0
02-15 09:23:41.293 I/HiAdKit.DC.CommonSystemUtil(16394):  isDeviceProvisioned: true
02-15 09:23:41.294 I/HiAdKit.DC.ADCP(16394):  addAppDataCollectionToCache - cache valide time: 7200 expireTime: 1770690221294
02-15 09:23:41.306 W//system/bin/netd(  697): A binder object at 0x72c421a700 is being transacted on, however, this object is in the same process as its proxy. Transacting with this binder is expensive compared to just calling the corresponding functionality in the same process.
02-15 09:23:41.306 I/PreDnsController(  697): CanPreDnsQuery,persist.sys.predns is false!
02-15 09:23:41.318 W/ActivityManager( 1828): Sending non-protected broadcast com.huawei.android.APPSTARTUP_CHANGED from system 1828:system/1000 pkg android
02-15 09:23:41.319 D/ApplistMgr( 2542): handle apps optimize changed
02-15 09:23:41.319 I/PushLog110123300( 3854): [main-1]action is com.huawei.android.APPSTARTUP_CHANGED
02-15 09:23:41.320 I/ApplistMgr( 2542): mNeverOptimizeApps : [com.huawei.localBackup, com.huawei.appmarket, com.huawei.email]
02-15 09:23:41.320 I/ApplistMgr( 2542): mNeverOptimizeHideApps: [com.huawei.hwid]
02-15 09:23:41.320 I/ApplistMgr( 2542): mAlwaysOptimizeApps : [com.ss.android.ugc.aweme]
02-15 09:23:41.321 I/ApplistMgr( 2542): mSmartOptimizeApps : [com.alibaba.aliexpresshd, com.tencent.tmgp.sgame, com.netease.sky.huawei, com.qiyi.video, com.huawei.ar.measure, com.sohu.inputmethod.sogou, com.huawei.mirror, com.microsoft.amp.apps.bingnews, com.mm.android.lc, com.tmri.app.main, com.sankuai.meituan, com.zeptolab.ctrm.free.NonCMCC, com.tencent.qqmusic, com.luna.music, com.huawei.tipsove, org.xianliao, com.phoenix.read, com.shinnytech.futures.kuaiqixiaoq.release, com.hexin.plat.android, com.whatsapp, com.tencent.androidqqmail, com.huawei.android.totemweather, com.netease.mc.huawei, com.huawei.android.findmyphone, com.suncitygroup.apps.booking, com.huawei.videoeditor, com.duolingo, com.huawei.hms5gkit.agentservice, com.chinatelecom.bestpayclient, com.huawei.ohos.inputmethod, com.tianming.shiji.qwer, com.android.simappdialog, com.xingin.xhs, com.huawei.smarthome, com.tencent.mm, com.qidian.QDReader, com.huawei.fans, com.huawei.tips, com.baidu.searchbox, com.huawei.mycenter, com.huawei.calculator, com.wuba, com.cat.readall, com.huawei.hwread.dz, com.huawei.gamebox, com.huawei.lives, com.huawei.soundrecorder, se.raketspel.digaround.cn, com.huawei.maps.app, com.eggflower.read, com.tencent.qqlive, com.tencent.mtt, com.xunmeng.pinduoduo, ai.totok.chat, com.hicloud.android.clone, com.grabtaxi.passenger, com.huawei.contacts.sync, com.hundsun.winner.pazq, com.huawei.featurelayer.sharedfeature.xrkit, com.ss.android.article.lite, com.ss.android.article.news, com.huawei.welinknow, com.microsoft.translator, com.tencent.mobileqq, com.ss.android.lark, com.duole.chinachess.huawei, com.android.localtransport, com.kugou.android, com.huawei.contactscamcard, com.fvcorp.android.aijiasuclient, com.huawei.livewallpaper.starrysky, com.huawei.meetime, com.microsoft.office.officehubrow, com.huawei.compass, com.ximalaya.ting.android, com.baidu.BaiduMap, com.zhihu.android, com.lanse.chinachess.huawei, com.dragon.read, com.Qunar, com.xs.fm, com.google.android.apps.translate, com.suncitygroup.apps.suncity, com.jingdong.app.mall, com.vmall.client, com.autonavi.minimap, com.huawei.android.remotecontroller, esunny.estarandroid, com.kmxs.reader, com.sina.weibo, com.hundsun.stockwinner.sczq, com.example.teacher_hub, com.microsoft.bingintl, com.wedobest.shudu.xtt, com.baixing.screenshot, com.ss.android.article.video, www.jukixin.com, com.huawei.game.kitserver, com.taobao.taobao, com.eg.android.AlipayGphone, im.token.app, cn.wps.moffice_eng, com.huawei.hwsearch, com.snapchat.android, com.achievo.vipshop]
02-15 09:23:41.321 I/AppFasManager( 2542): delay set fas when optimize changed , delay : 10000
02-15 09:23:41.322 I/ash_r   ( 2542): request wkp pkgs: [com.huawei.localBackup, com.huawei.appmarket, com.huawei.email, com.huawei.hwid] reason: nerver_opt_apps
02-15 09:23:41.322 I/PowerManagerService( 1828): handleSandman: wakefulness: 1,startDreaming: false
02-15 09:23:41.322 D/NetworkSecurityConfig( 7317): No Network Security Config specified, using platform default
02-15 09:23:41.324 W//system/bin/netd(  697): A binder object at 0x72c421a700 is being transacted on, however, this object is in the same process as its proxy. Transacting with this binder is expensive compared to just calling the corresponding functionality in the same process.
02-15 09:23:41.324 I/PreDnsController(  697): CanPreDnsQuery,persist.sys.predns is false!
02-15 09:23:41.324 I/OemNetd (  697): startPreDnsQuery(10359)
02-15 09:23:41.325 D/HwConnectivityManagerImpl( 1828): getNetworkPolicyFlag flagStr null
02-15 09:23:41.344 I/dubaid  (  980): [DubaiStorage.cpp] DoFlushEntriesBuffer# Flush all entries into database: /data/system_ce/0/dubai/dubai.db
02-15 09:23:41.344 D/keymaster_worker(  985): Keystore begin
02-15 09:23:41.344 D/keymaster_worker(  985): Keystore begin hidl
02-15 09:23:41.344 I/HisiKeyMaster(  604): HisiKmBegin start
02-15 09:23:41.344 I/HisiKeyMaster(  604): Disable the enhanced crypto!
02-15 09:23:41.348 D/HwConnectivityManagerImpl( 1828): getNetworkPolicyFlag flagStr null
02-15 09:23:41.351 I/HisiKeyMaster(  604): out_params_buffer_len = 32
02-15 09:23:41.351 I/HisiKeyMaster(  604): HisiKmBegin success
02-15 09:23:41.351 D/keymaster_worker(  985): Keystore begin hidl end
02-15 09:23:41.351 D/keymaster_worker(  985): Keystore begin end
02-15 09:23:41.352 D/keymaster_worker(  985): Keystore update
02-15 09:23:41.352 D/keymaster_worker(  985): Keystore update hidl
02-15 09:23:41.353 I/HisiKeyMaster(  604): HisiKmUpdate start
02-15 09:23:41.353 I/HisiKeyMaster(  604): Disable the enhanced crypto!
02-15 09:23:41.356 I/HisiKeyMaster(  604): HisiKmUpdate success
02-15 09:23:41.356 D/keymaster_worker(  985): Keystore update hidl end
02-15 09:23:41.356 D/keymaster_worker(  985): Keystore update end
02-15 09:23:41.357 D/keymaster_worker(  985): Keystore update
02-15 09:23:41.357 D/keymaster_worker(  985): Keystore update hidl
02-15 09:23:41.357 I/HisiKeyMaster(  604): HisiKmUpdate start
02-15 09:23:41.357 I/HisiKeyMaster(  604): Disable the enhanced crypto!
02-15 09:23:41.360 I/HisiKeyMaster(  604): HisiKmUpdate success
02-15 09:23:41.360 D/keymaster_worker(  985): Keystore update hidl end
02-15 09:23:41.360 D/keymaster_worker(  985): Keystore update end
02-15 09:23:41.361 D/keymaster_worker(  985): Keystore finish
02-15 09:23:41.361 D/keymaster_worker(  985): Keystore finish hidl
02-15 09:23:41.361 I/HisiKeyMaster(  604): HisiKmFinish start
02-15 09:23:41.361 I/HisiKeyMaster(  604): Disable the enhanced crypto!
02-15 09:23:41.363 I/HisiKeyMaster(  604): output data size=16
02-15 09:23:41.363 I/HisiKeyMaster(  604): HisiKmFinish success
02-15 09:23:41.363 D/keymaster_worker(  985): Keystore finish hidl end
02-15 09:23:41.363 D/keymaster_worker(  985): Keystore finish end
02-15 09:23:41.366 I/dubaid  (  980): [DubaiStorage.cpp] DoFlushEntriesBuffer# Flush all entries into database: /data/system_ce/0/dubai/dubai.db
02-15 09:23:41.366 I/SecurityProfileDB( 1828): Write database file end
02-15 09:23:41.387 I/NK_InterceptorExecutor(20782): HASDK-OnReport-29|embedded.p2|409|response code:200
02-15 09:23:41.389 I/FormalHASDK(20782): SendTask==> send event type: oper, tag: _default_config_tag, resultCode: 200, reqID: 49c12c95d2c35818e972e7398fa8cf66
02-15 09:23:41.389 I/NK_Netdiag(20782): HASDK-OnReport-29 ->NK_netdiag_5|netdiag.tools.NetDetectAndPolicy|1|the time count will reset!
02-15 09:23:41.483 I/HwGameAssistant-15.4.2.300-GameDataManager(31595): onDataChange
02-15 09:23:41.526 I/HwGameAssistant-15.4.2.300-GameDataDBHelper(31595): queryAppInfo = com.huawei.android.hsf,1
02-15 09:23:41.530 I/HwGameAssistant-15.4.2.300-GameDataDBHelper(31595): queryAppInfo = com.cxkzblti.qpgvreso,1
02-15 09:23:41.532 I/HwGameAssistant-15.4.2.300-GameDataDBHelper(31595): queryAppInfo = com.example.teacher_hub,1
02-15 09:23:41.533 I/HwGameAssistant-15.4.2.300-GameDataDBHelper(31595): queryAppInfo = com.huawei.hwid,2
02-15 09:23:41.534 I/HwGameAssistant-15.4.2.300-GameDataDBHelper(31595): queryAppInfo size:4
02-15 09:23:41.535 I/HwGameAssistant-15.4.2.300-GameDataManager(31595): loadAppInfoToCache size:4, hasNewInfo:true
02-15 09:23:41.536 I/HwGameAssistant-15.4.2.300-GameDataManager(31595): appList size:125 gameMap size:7
02-15 09:23:41.539 I/HwGameAssistant-15.4.2.300-GameDataManager(31595): sInfoCache size:7, hasNewGameInfo:false
02-15 09:23:41.540 E/HwGameAssistant-15.4.2.300-GameDataManager(31595): appDataTss is null!
02-15 09:23:41.617 I/FormalHASDK(20782): HAImpl==> onEvent. tag:_default_config_tag, type:1, eventId:2010800204
02-15 09:23:41.618 I/FormalHASDK(20782): HAImpl==> onEvent. tag:_default_config_tag, type:1, eventId:2030100102
02-15 09:23:41.630 I/FormalHASDK(20782): HAImpl==> onEvent. tag:_default_config_tag, type:1, eventId:2030100101
02-15 09:23:41.631 I/FormalHASDK(20782): HAImpl==> onEvent. tag:_default_config_tag, type:0, eventId:1200300101
02-15 09:23:41.636 I/HslPackageManager(20782): Get Hsl Package Manager.
02-15 09:23:41.636 I/HslPackageManager(20782): is Support Hsl false
02-15 09:23:41.668 I/NK_RealHttpClient(20782): CORE_THREAD_POOL-1|embedded.a1|23|request: ConnectTimeout:, ConcurrentConnectDelay:锛宺equest firstIpv6ClientConcurrentConnectDelay锛歨ttpclient: ConnectTimeout:10000, ConcurrentConnectDelay:500锛宧ttpclient firstIpv6ClientConcurrentConnectDelay锛?50
02-15 09:23:41.697 I/NK_CountryCodeBean(20782): CORE_THREAD_POOL-1|network.grs.local.model.CountryCodeBean|49|get issue_country code from LOCALE_INFO
02-15 09:23:41.700 I/NK_OkReqTsk(20782): CORE_THREAD_POOL-1|embedded.j3|285|the request has used the okhttp! 
02-15 09:23:41.328 I/PowerManagerService( 1828): handleSandman: wakefulness: 1,startDreaming: false
02-15 09:23:41.774 D/HwConnectivityServiceEx( 1828): set 10359 wlan0 value false
02-15 09:23:41.777 W//system/bin/netd(  697): A binder object at 0x72c421a700 is being transacted on, however, this object is in the same process as its proxy. Transacting with this binder is expensive compared to just calling the corresponding functionality in the same process.
02-15 09:23:41.777 I/PreDnsController(  697): CanPreDnsQuery,persist.sys.predns is false!
02-15 09:23:41.800 E/Thermal-daemon:ambient(  992): UpdateAmbientInformation: is first history!!
02-15 09:23:41.816 D/HwConnectivityManagerImpl( 1828): getNetworkPolicyFlag flagStr null
02-15 09:23:41.854 D/SensorHub(  998): Get acc data 0.124020, 0.052960, 9.855664
02-15 09:23:41.857 W/DisplayEventDispatcher( 1828): dispatcher 0x73ac0bf1e0 ~ ignoring unknown event type 0x736f6674
02-15 09:23:41.857 W/DisplayEventDispatcher( 1828): dispatcher 0x73ac0c0920 ~ ignoring unknown event type 0x736f6674
02-15 09:23:41.857 W/DisplayEventDispatcher( 1828): dispatcher 0x73ac0bf240 ~ ignoring unknown event type 0x736f6674
02-15 09:23:41.857 W/DisplayEventDispatcher( 1828): dispatcher 0x73ac0c14c0 ~ ignoring unknown event type 0x736f6674
02-15 09:23:41.857 W/DisplayEventDispatcher( 1828): dispatcher 0x73181a9420 ~ ignoring unknown event type 0x736f6674
02-15 09:23:41.857 W/DisplayEventDispatcher( 1828): dispatcher 0x73ac0c1640 ~ ignoring unknown event type 0x736f6674
02-15 09:23:41.858 W/DisplayEventDispatcher( 5656): dispatcher 0x72efd72f60 ~ ignoring unknown event type 0x736f6674
02-15 09:23:41.858 W/DisplayEventDispatcher(16394): dispatcher 0x73b8f6ddc0 ~ ignoring unknown event type 0x736f6674
02-15 09:23:41.858 W/DisplayEventDispatcher(26819): dispatcher 0x73b8f6b240 ~ ignoring unknown event type 0x736f6674
02-15 09:23:41.858 W/DisplayEventDispatcher(11858): dispatcher 0x73b8f6b300 ~ ignoring unknown event type 0x736f6674
02-15 09:23:41.858 W/DisplayEventDispatcher(21477): dispatcher 0x73b8e2f160 ~ ignoring unknown event type 0x736f6674
02-15 09:23:41.858 W/DisplayEventDispatcher(20251): dispatcher 0x73330b25c0 ~ ignoring unknown event type 0x736f6674
02-15 09:23:41.858 W/DisplayEventDispatcher(28429): dispatcher 0x73b8f6bea0 ~ ignoring unknown event type 0x736f6674
02-15 09:23:41.858 W/DisplayEventDispatcher( 9044): dispatcher 0x73b8f6c200 ~ ignoring unknown event type 0x736f6674
02-15 09:23:41.858 W/DisplayEventDispatcher(28808): dispatcher 0x7333fd7c20 ~ ignoring unknown event type 0x736f6674
02-15 09:23:41.858 W/DisplayEventDispatcher(21930): dispatcher 0x730804ac60 ~ ignoring unknown event type 0x736f6674
02-15 09:23:41.858 W/DisplayEventDispatcher(28172): dispatcher 0x73b8e1baa0 ~ ignoring unknown event type 0x736f6674
02-15 09:23:41.859 W/DisplayEventDispatcher(30299): dispatcher 0x73b8f6c140 ~ ignoring unknown event type 0x736f6674
02-15 09:23:41.859 W/DisplayEventDispatcher(26883): dispatcher 0x73b8f6b540 ~ ignoring unknown event type 0x736f6674
02-15 09:23:41.859 W/DisplayEventDispatcher( 3968): dispatcher 0x73b8e1bb00 ~ ignoring unknown event type 0x736f6674
02-15 09:23:41.859 W/DisplayEventDispatcher(20782): dispatcher 0x73a9ca5420 ~ ignoring unknown event type 0x736f6674
02-15 09:23:41.859 W/DisplayEventDispatcher( 2541): dispatcher 0x73b8f6b540 ~ ignoring unknown event type 0x736f6674
02-15 09:23:41.859 W/DisplayEventDispatcher( 1828): dispatcher 0x728074dba0 ~ ignoring unknown event type 0x736f6674
02-15 09:23:41.859 W/DisplayEventDispatcher(31595): dispatcher 0x73b8f6b3c0 ~ ignoring unknown event type 0x736f6674
02-15 09:23:41.859 W/DisplayEventDispatcher(28395): dispatcher 0x73b8f6c560 ~ ignoring unknown event type 0x736f6674
02-15 09:23:41.859 W/DisplayEventDispatcher(11859): dispatcher 0x73b8f6b360 ~ ignoring unknown event type 0x736f6674
02-15 09:23:41.859 W/DisplayEventDispatcher( 6640): dispatcher 0x73b8f6c920 ~ ignoring unknown event type 0x736f6674
02-15 09:23:41.859 W/DisplayEventDispatcher( 7315): dispatcher 0x73b8f6b000 ~ ignoring unknown event type 0x736f6674
02-15 09:23:41.859 W/DisplayEventDispatcher( 7315): dispatcher 0x731e410e00 ~ ignoring unknown event type 0x736f6674
02-15 09:23:41.866 I/WificondControl( 1828): Noise: -100, Snr: 19, Chload: 17, rssi: -51, txBitrate: 720, rxBitrate: 1080, frequency: 5320, UlDelay: 0, currentTxBytes: 225735256, currentTxPackets: 860045, currentTxFailed: 0, currentRxBytes: 686834367, currentRxPackets: 850801
02-15 09:23:41.868 D/HuaweiWifiWatchdogStateMachine( 1828): nothing to do
02-15 09:23:41.868 I/WiFi_PRO( 1828): MSG_RETURN_AP_CURRY_RSSI rssi = -51
02-15 09:23:41.869 I/HuaweiWifiWatchdogStateMachine( 1828): POta txb txg rxg:0, 112, 0. Lr =0% Totpkt=112
02-15 09:23:41.869 I/QosMonitor( 1828): queryRtt: rttType = 3
02-15 09:23:41.869 I/HwDualBandManager( 1828): handle2gApStrongWifiRssiChange
02-15 09:23:41.869 I/HwWifiProServiceProxy( 1828): ctrlHwWifiNetwork pkgName: WIFIPRO_SERVICE interfaceId: 8
02-15 09:23:41.871 I/QosMonitor( 1828): postEventFromNative: msg=100,arg1=4,arg2=10
02-15 09:23:41.872 I/HwWifiProServiceProxy( 1828): ctrlHwWifiNetwork pkgName: WIFIPRO_SERVICE interfaceId: 8
02-15 09:23:41.872 I/QosMonitor( 1828): postEventFromNative: msg=100,arg1=0,arg2=10
02-15 09:23:41.872 D/HuaweiWifiWatchdogStateMachine( 1828): nothing to do
02-15 09:23:41.872 I/MQoS    ( 1828): rtt=2568,tcpTxPkts=4143708,tcpRxPkts=7173492
02-15 09:23:41.872 I/QosMonitor( 1828): resetRtt: rttType = 3
02-15 09:23:41.872 I/HwWifiProServiceProxy( 1828): ctrlHwWifiNetwork pkgName: WIFIPRO_SERVICE interfaceId: 8
02-15 09:23:41.872 I/MQoS    ( 1828): QOS_level:0(0),DataDisable;use level-0
02-15 09:23:41.872 I/MQoS    ( 1828): skip-low-Level:0(0),DataDisable;use level-0
02-15 09:23:41.873 I/HuaweiWifiWatchdogStateMachine( 1828): PTcp RTT:2568, rtt pkt=48, tcp_rx=88, tcp_tx=109, tcp_reTran=11, rtRate=0.1
02-15 09:23:41.873 I/HuaweiWifiWatchdogStateMachine( 1828): start computeQosLevel tcpRtt = 2568 ,rssi = -51 ,mBestSpeedInPeriod = 18044
02-15 09:23:41.873 I/HuaweiWifiWatchdogStateMachine( 1828): smoothConsecutiveQosResults, currentQosLevel = 2
02-15 09:23:42.045 I/WificondControl( 1828): Noise: -100, Snr: 19, Chload: 17, rssi: -51, txBitrate: 720, rxBitrate: 1080, frequency: 5320, UlDelay: 0, currentTxBytes: 225735256, currentTxPackets: 860045, currentTxFailed: 0, currentRxBytes: 686834367, currentRxPackets: 850801
02-15 09:23:42.048 V/HwWifiServiceFactory( 1828): get AllImpl object = com.android.server.wifi.HwWifiServiceFactoryImpl@da21258
02-15 09:23:42.063 D/LteRecoveryEngine( 2544): UnRecoverState processMessage UPDATE_PS_SLOW_VALUE
02-15 09:23:42.100 D/AudioPolicyService(  762): getUidState(10098) cacheIter->second.first, return cacheIter->second.second(6)
02-15 09:23:42.106 E/Booster_Qoe( 2544): PreprocessModemData, IsCellularCtx false
02-15 09:23:42.106 I/Booster_Qoe( 2544): AdaBoostPredict rlt,index:7,NisPsSlow:0,NProba:328,rsrp(rssi):-51,rsrq(noise):-100,rtt(chload):17,buffhigh(uldelay):0,buffcomm(rtt):246
02-15 09:23:42.106 E/Booster_Qoe( 2544): PreprocessModemData, IsCellularCtx false
02-15 09:23:42.106 I/Booster_Qoe( 2544): AdaBoostPredict rlt,index:2,NisPsSlow:0,NProba:356,rsrp(rssi):-51,rsrq(noise):-100,rtt(chload):17,buffhigh(uldelay):0,buffcomm(rtt):292
02-15 09:23:42.106 I/NetworkQoeProxy( 2544): calcChannelNoRx dnsData is not present
02-15 09:23:42.107 E/BoosterUtil( 2544): convertSubIdToSlotId failed, subId:5, slotId:-1
02-15 09:23:42.107 E/BoosterUtil( 2544): getDefaultDataSlotId failed, invalid slotId:-1, subId:5
02-15 09:23:42.107 E/NrSmartCure( 2544): onNetworkQoeUpdate failed, invalid defaultDataSlotId=-1
02-15 09:23:42.108 E/FourNetCombinationChr( 2544): getNetworkQoeInfo failed, qoeTcpDataOpt is null
02-15 09:23:42.108 I/Hicom_Monitor( 2544): handleNetworkQoeReport. foregroundAppTcpRtt: 246, maxRatioChannelId: 2
02-15 09:23:42.108 I/Hicom_Monitor( 2544): handleNetworkQoeReport. qoeString: 10359,4,0,328,1,2,4,0,356,720600,1080900,10,10,0,84,205,0
02-15 09:23:42.108 I/WiFi_PRO_WifiProStateMachine( 1828): APP_SERVICE_QOE_NOTIFY Qoe info 10359,4,0,328,1,2,4,0,356,720600,1080900,10,10,0,84,205,0 CID 2 mMasterWifiRssi -51 mMasterCardAmbr 1048576 mSlaveCardAmbr 1048576
02-15 09:23:42.111 I/HwWifiProServiceProxy( 1828): ctrlHwWifiNetwork pkgName: WIFIPRO_SERVICE interfaceId: 9
02-15 09:23:42.111 I/WiFi_PRO_WifiProStateMachine( 1828): isWifi2WifiProcess = false, mIsNeedIgnoreQoeUpdate = false, mIsAppInBlacklist = false, mIsAppInBlacklistFullScreen = false, mIsWiFiNoInternet false, screen on = true, full screen = false, isLandscapeMode = false, mNotifyWifiLinkPoorReason = -1
02-15 09:23:42.111 I/WiFi_PRO_WifiProStateMachine( 1828): mChannelQoeBadCnt = 0, mAppQoeBadCnt = 0, mNetworkSlowReason = 0, mNetworkSlowChannelBadCnt = 0
02-15 09:23:42.112 E/WiFi_PROHumanFactorRecommend( 1828): isRichTrafficUser, invalid slotId=-1
02-15 09:23:42.112 E/WiFi_PROHumanFactorRecommend( 1828): isEconomicTrafficUser, invalid slotId=-1
02-15 09:23:42.114 I/Collector( 2544): HandleRawWifiInfo: flag:0, netId:0!
02-15 09:23:42.284 I/NK_Netdiag(20782): CORE_THREAD_POOL-1 ->NK_netdiag_5|netdiag.tools.NetDetectAndPolicy|1|the time count will reset!
02-15 09:23:42.288 I/NK_InterceptorExecutor(20782): CORE_THREAD_POOL-1|embedded.p2|409|response code:200
02-15 09:23:42.300 I/TrafficMonitor( 1828): update:rxPkts:43,txPkts:54,rxBytes:24078,txBytes:14102
02-15 09:23:42.300 I/TrafficMonitor( 1828): no expired. level:2
02-15 09:23:42.300 I/TrafficMonitor( 1828): gettimer:interval=2000
02-15 09:23:42.300 I/TrafficMonitor( 1828): during_ms:2002,period_ms:2000
02-15 09:23:42.300 I/TrafficMonitor( 1828): count:611,rx_sum:43,tx_sum:54,rxBytes:24078,during_ms:2002,rx_speed:12026.973026973028,tx_speed:7043.956043956045,rto:0.7962962962962963
02-15 09:23:42.300 I/HuaweiWifiWatchdogStateMachine( 1828): Get speed information rx_speed = 12026 ,tx_speed = 7043 ,isSpeedOk = false ,mBestSpeedInPeriod = 12026
02-15 09:23:42.319 E/WifiService( 1828): enforceCanAccessScanResults: hiding ssid and bssidLocation mode is disabled for the device
02-15 09:23:42.322 I/FormalHASDK(20782): HAImpl==> onEvent. tag:_default_config_tag, type:1, eventId:907112013
02-15 09:23:42.326 D/AudioPolicyService(  762): getUidState(10198) cacheIter->second.first, return cacheIter->second.second(7)
02-15 09:23:42.340 I/HslPackageManager(20782): Get Hsl Package Manager.
02-15 09:23:42.340 I/HslPackageManager(20782): is Support Hsl false
02-15 09:23:42.342 E/HiApp.AgGuard/SecurityControlManagerUtils(20782): CORE_THREAD_POOL-1{9090} isUnderSecurityControl packageName is empty!
02-15 09:23:42.342 D/AudioPolicyService(  762): getUidState(10198) cacheIter->second.first, return cacheIter->second.second(11)
02-15 09:23:42.343 I/FormalHASDK(20782): HAImpl==> onEvent. tag:_default_config_tag, type:0, eventId:1200300104
02-15 09:23:42.353 W/AlarmManager( 1828): WAKEUP alarm trigger action = ALARM_ACTION(10000) package name is: com.tencent.mm tag: *walarm*:ALARM_ACTION(10000) window:0 originWhen:589562800 when:589562800 maxWhen:589562800
02-15 09:23:42.354 I/ActivityManager( 1828): sendIntentSender target:PendingIntentRecord{4fc0a0f com.tencent.mm broadcastIntent}, intent:flg=0x4 hwFlg=0x810
02-15 09:23:42.355 I/mars::stn( 9039): [longlink_connect_monitor.cc:536, OnHeartbeatAlarmReceived]:longlink_progress on_heartbeat_alarm, time: 589562801, is_noop_timeout:false
02-15 09:23:42.356 I/PowerManagerService( 1828): handleSandman: wakefulness: 1,startDreaming: false
02-15 09:23:42.360 D/HwConnectivityServiceEx( 1828): set 10151 wlan0 value false
02-15 09:23:42.360 D/HwConnectivityServiceEx( 1828): set 10192 wlan0 value false
02-15 09:23:42.361 I/PowerManagerService( 1828): handleSandman: wakefulness: 1,startDreaming: false
02-15 09:23:42.365 I/LocationDetection( 2542): need regisiter L_H_F
02-15 09:23:42.363 I/PowerManagerService( 1828): handleSandman: wakefulness: 1,startDreaming: false
02-15 09:23:42.365 W/ProcBatteryStats( 1828): timer is running , not start, name: com.tencent.mm, uid: 10192, tag: MicroMsg.PlatformCommC2JavaCallBack
02-15 09:23:42.365 I/PowerManagerService( 1828): handleSandman: wakefulness: 1,startDreaming: false
02-15 09:23:42.366 I/CAWARENESS_CompatibleBinder( 6330): registerLocationFence
02-15 09:23:42.368 I/CAWARENESS_CompatibleBinder( 6330): registerLocationFence
02-15 09:23:42.368 W/CAWARENESS_ThreadPool( 6330): thread pool FenceManager(1) is busy 1/2
02-15 09:23:42.369 I/CAWARENESS_CompatibleBinder( 6330): registerLocationFence
02-15 09:23:42.369 W/CAWARENESS_ThreadPool( 6330): thread pool FenceManager(1) is busy 2/3
02-15 09:23:42.370 I/CAWARENESS_CompatibleBinder( 6330): registerLocationFence
02-15 09:23:42.370 I/CAWARENESS_FenceManager( 6330): addDataId name = null
02-15 09:23:42.370 W/CAWARENESS_ThreadPool( 6330): thread pool FenceManager(1) is busy 3/4
02-15 09:23:42.370 I/CAWARENESS_FenceManager( 6330): addDataId dataId = -1
02-15 09:23:42.370 I/CAWARENESS_ManagedFenceFactory( 6330): AwarenessFence parsing to Optional.empty
02-15 09:23:42.370 I/CAWARENESS_FenceManager( 6330): onResult, onResultListener=com.huawei.hiai.awareness.opencapacity.fence.FenceManager$3@2f33cdc, code=0
02-15 09:23:42.370 I/CAWARENESS_CacheReportDataService( 6330): insertData
02-15 09:23:42.370 I/LocationDetection( 2542): leaveHomeFence: RequestResult{6, 2, 3, null, 0, 0, 100, com.huawei.powergenie_1:1;6,2,3, 1, null, 4, 200007, error_unknown}
02-15 09:23:42.371 I/CAWARENESS_FenceManager( 6330): addDataId name = null
02-15 09:23:42.371 I/CAWARENESS_FenceManager( 6330): addDataId dataId = -1
02-15 09:23:42.371 I/CAWARENESS_ManagedFenceFactory( 6330): AwarenessFence parsing to Optional.empty
02-15 09:23:42.371 I/CAWARENESS_FenceManager( 6330): onResult, onResultListener=com.huawei.hiai.awareness.opencapacity.fence.FenceManager$3@51bbf6b, code=0
02-15 09:23:42.371 I/CAWARENESS_CacheReportDataService( 6330): insertData
02-15 09:23:42.371 W/CAWARENESS_ThreadPool( 6330): thread pool CacheReportDataService(1) is busy 1/2
02-15 09:23:42.371 I/LocationDetection( 2542): arriveHomeFence: RequestResult{6, 1, 3, null, 0, 0, 100, com.huawei.powergenie_1:1;6,1,3, 1, null, 4, 200007, error_unknown}
02-15 09:23:42.371 I/CAWARENESS_FenceManager( 6330): addDataId name = null
02-15 09:23:42.371 I/CAWARENESS_FenceManager( 6330): addDataId dataId = -1
02-15 09:23:42.372 I/CAWARENESS_ManagedFenceFactory( 6330): AwarenessFence parsing to Optional.empty
02-15 09:23:42.372 I/CAWARENESS_FenceManager( 6330): onResult, onResultListener=com.huawei.hiai.awareness.opencapacity.fence.FenceManager$3@519f761, code=0
02-15 09:23:42.372 I/CAWARENESS_CacheReportDataService( 6330): insertData
02-15 09:23:42.372 W/CAWARENESS_ThreadPool( 6330): thread pool CacheReportDataService(1) is busy 2/3
02-15 09:23:42.372 I/CAWARENESS_AwarenessSQLiteDatabase( 6330): insert recId is 7434819
02-15 09:23:42.372 I/LocationDetection( 2542): leaveCompanyFence: RequestResult{6, 8, 3, null, 0, 0, 100, com.huawei.powergenie_1:1;6,8,3, 1, null, 4, 200007, error_unknown}
02-15 09:23:42.372 I/CAWARENESS_CacheReportDataService( 6330): Current count 9
02-15 09:23:42.372 I/CAWARENESS_FenceManager( 6330): addDataId name = null
02-15 09:23:42.372 I/CAWARENESS_FenceManager( 6330): addDataId dataId = -1
02-15 09:23:42.372 I/CAWARENESS_ManagedFenceFactory( 6330): AwarenessFence parsing to Optional.empty
02-15 09:23:42.372 I/CAWARENESS_FenceManager( 6330): onResult, onResultListener=com.huawei.hiai.awareness.opencapacity.fence.FenceManager$3@e684b74, code=0
02-15 09:23:42.372 I/CAWARENESS_CacheReportDataService( 6330): insertData
02-15 09:23:42.372 W/CAWARENESS_ThreadPool( 6330): thread pool CacheReportDataService(1) is busy 2/3
02-15 09:23:42.372 I/LocationDetection( 2542): arriveCompanyFence: RequestResult{6, 4, 3, null, 0, 0, 100, com.huawei.powergenie_1:1;6,4,3, 1, null, 4, 200007, error_unknown}
02-15 09:23:42.369 I/chatty  ( 1828): uid=1000(system) PowerManagerSer identical 2 lines
02-15 09:23:42.372 I/PowerManagerService( 1828): handleSandman: wakefulness: 1,startDreaming: false
02-15 09:23:42.373 W/ProcBatteryStats( 1828): timer is running , not start, name: com.tencent.mm, uid: 10192, tag: MicroMsg:ReentrantGuard
02-15 09:23:42.373 I/PowerManagerService( 1828): handleSandman: wakefulness: 1,startDreaming: false
02-15 09:23:42.373 I/CAWARENESS_AwarenessSQLiteDatabase( 6330): insert recId is 7434820
02-15 09:23:42.374 I/CAWARENESS_CacheReportDataService( 6330): Current count 10
02-15 09:23:42.375 I/CAWARENESS_AwarenessSQLiteDatabase( 6330): insert recId is 7434821
02-15 09:23:42.375 I/CAWARENESS_CacheReportDataService( 6330): Current count 11
02-15 09:23:42.376 I/CAWARENESS_AwarenessSQLiteDatabase( 6330): insert recId is 7434822
02-15 09:23:42.376 I/CAWARENESS_CacheReportDataService( 6330): Current count 12
02-15 09:23:42.379 I/chatty  ( 1828): uid=1000(system) PowerManagerSer identical 2 lines
02-15 09:23:42.381 I/PowerManagerService( 1828): handleSandman: wakefulness: 1,startDreaming: false
02-15 09:23:42.381 W/ProcBatteryStats( 1828): timer is not running , not stop, name: com.tencent.mm, uid: 10192, tag: MicroMsg:ReentrantGuard
02-15 09:23:42.381 I/PowerManagerService( 1828): handleSandman: wakefulness: 1,startDreaming: false
02-15 09:23:42.382 I/AlarmManager( 1828): remove alarm:Alarm{ca39868 type 2 when 589570802 PendingIntent{303b549: PendingIntentRecord{9469e4e com.tencent.mm broadcastIntent}}com.tencent.mm procName com.tencent.mm:push} according to operation:287c481
02-15 09:23:42.387 V/BroadcastQueue( 1828): Finished with ordered broadcast BroadcastRecord{9a5c113 u0 ALARM_ACTION(10000)}
02-15 09:23:42.392 I/PowerManagerService( 1828): handleSandman: wakefulness: 1,startDreaming: false
02-15 09:23:42.399 I/mars::stn( 9039): [longlink_connect_monitor.cc:530, OnHeartbeatAlarmSet]:longlink_progress on_heartbeat_set, time: 589562846, time interval:250000
02-15 09:23:42.396 I/chatty  ( 1828): uid=1000(system) PowerManagerSer identical 3 lines
02-15 09:23:42.397 I/PowerManagerService( 1828): handleSandman: wakefulness: 1,startDreaming: false
02-15 09:23:42.400 I/AlarmManager( 1828): remove alarm:Alarm{72782b9 type 2 when 589812844 PendingIntent{dd11503: PendingIntentRecord{9bf0c80 com.tencent.mm broadcastIntent}}com.tencent.mm procName com.tencent.mm:push} according to operation:9bd36fe
02-15 09:23:42.405 I/HslPackageManager(20782): Get Hsl Package Manager.
02-15 09:23:42.405 I/mars::stn( 9039): [longlink_connect_monitor.cc:530, OnHeartbeatAlarmSet]:longlink_progress on_heartbeat_set, time: 589562852, time interval:250000
02-15 09:23:42.405 I/HslPackageManager(20782): is Support Hsl false
02-15 09:23:42.422 I/HslPackageManager(20782): Get Hsl Package Manager.
02-15 09:23:42.422 I/HslPackageManager(20782): is Support Hsl false
02-15 09:23:42.471 I/HslPackageManager(20782): Get Hsl Package Manager.
02-15 09:23:42.471 I/HslPackageManager(20782): is Support Hsl false
02-15 09:23:42.472 I/HslPackageManager(20782): Get Hsl Package Manager.
02-15 09:23:42.472 I/HslPackageManager(20782): is Support Hsl false
02-15 09:23:42.485 I/HslPackageManager(20782): Get Hsl Package Manager.
02-15 09:23:42.485 I/HslPackageManager(20782): is Support Hsl false
02-15 09:23:42.486 I/HslPackageManager(20782): Get Hsl Package Manager.
02-15 09:23:42.486 I/HslPackageManager(20782): is Support Hsl false
02-15 09:23:42.486 I/HslPackageManager(20782): Get Hsl Package Manager.
02-15 09:23:42.486 I/HslPackageManager(20782): is Support Hsl false
02-15 09:23:42.488 W/HSC_AddViewInterceptionListManager(28406): onVirusPackageChange: abroad version, ignore
02-15 09:23:42.489 V/ActivityManager( 1828): Successfully start provider ContentProviderRecord{99c72d3 u0 com.huawei.systemmanager/.comm.preferenceprovider.SharedPreferenceProvider} launchingApp=null caller pid= 28406
02-15 09:23:42.492 I/AlarmManager( 1828): remove alarm:Alarm{521eb98 type 2 when 589570833 PendingIntent{5634967: PendingIntentRecord{84dd314 com.tencent.mm broadcastIntent}}com.tencent.mm procName com.tencent.mm:push} according to operation:4c9cff1
02-15 09:23:42.496 W/HiApp.PackageKit(20782): FACardServiceUtil-0{9075} not found: com.huawei.harmonyupdater
02-15 09:23:42.497 E/HiApp.AgGuard/AgGuardPackageUtil(20782): FACardServiceUtil-0{9075} not found package info
02-15 09:23:42.498 I/PowerManagerService( 1828): handleSandman: wakefulness: 1,startDreaming: false
02-15 09:23:42.502 D/AudioPolicyService(  762): getUidState(10078) cacheIter->second.first, return cacheIter->second.second(11)
02-15 09:23:42.502 D/AudioPolicyService(  762): getUidState(10027) cacheIter->second.first, return cacheIter->second.second(11)
02-15 09:23:42.531 W/HiApp.PackageKit(20782): FACardServiceUtil-0{9075} not found: com.huawei.harmonyupdater
02-15 09:23:42.532 W/HiApp.AgGuard/FACardServiceUtil(20782): FACardServiceUtil-0{9075} calling packageName sign not match
02-15 09:23:42.532 W/HiApp.AgGuard/FACardServiceUtil(20782): FACardServiceUtil-0{9075} it's not HW Brand or Harmony system or sign not match
02-15 09:23:42.602 E/HSM_BG-11.1.1.543( 2622): SmartControlDbOpenHelper:queryInfo catch exception with SmartControlRecordTable
02-15 09:23:42.603 E/SQLiteDatabase( 2622): Error inserting UNIQUE constraint failed: SmartControlRecordTable.packageName, SmartControlRecordTable.callerPackageName, SmartControlRecordTable.startupResult, SmartControlRecordTable.timeOfDay (Sqlite code 2067 SQLITE_CONSTRAINT_UNIQUE), (OS error - 2:No such file or directory)
