02-15 09:23:45.929 D/installd(  984): forkNotifyToRMS parcel pid=0, ppid=984, pkg=com.example.teacher_hub, status=1, num=6, time=1771103350
02-15 09:23:45.930 V/installd(  984): DexInv: --- BEGIN '/data/app/com.example.teacher_hub-3OZ2mA5d9FpDvdahnCWz5Q==/base.apk' ---
02-15 09:23:45.930 D/TurboZone(  984): TurboZoneDex compilationReason unknown
02-15 09:23:45.930 D/installd(  984): forkNotifyToRMS parcel pid=9114, ppid=984, pkg=com.example.teacher_hub, status=0, num=0, time=0
02-15 09:23:45.950 W//apex/com.android.runtime/bin/dex2oat( 9114): [MemLeak.JavaTrack]: failed to dlopen libmemleak_tracker.so
02-15 09:23:45.999 I/dex2oat ( 9114): /apex/com.android.runtime/bin/dex2oat --input-vdex-fd=11 --output-vdex-fd=12 --resolve-startup-const-strings=true --max-image-block-size=1048576 --compiler-filter=speed-profile -j1 --profile-file-fd=15 --classpath-dir=/data/app/com.example.teacher_hub-3OZ2mA5d9FpDvdahnCWz5Q== --class-loader-context=PCL[] --generate-mini-debug-info --compilation-reason=unknown
02-15 09:23:46.000 I/dex2oat ( 9114): setting boot class path to /apex/com.android.runtime/javalib/core-oj.jar:/apex/com.android.runtime/javalib/core-libart.jar:/apex/com.android.runtime/javalib/okhttp.jar:/apex/com.android.runtime/javalib/bouncycastle.jar:/apex/com.android.runtime/javalib/apache-xml.jar:/system/framework/framework.jar:/system/framework/ext.jar:/system/framework/telephony-common.jar:/system/framework/voip-common.jar:/system/framework/ims-common.jar:/system/framework/android.test.base.jar:/system/framework/featurelayer-widget.jar:/system/framework/hwEmui.jar:/system/framework/hwPartBasicplatform.jar:/system/framework/telephony-separated.jar:/system/framework/hwTelephony-common.jar:/system/framework/hwPartTelephony.jar:/system/framework/hwPartTelephonyVSim.jar:/system/framework/hwPartTelephonyCust.jar:/system/framework/hwPartTelephonyFullnetworkOpt.jar:/system/framework/hwPartTelephonyTimezoneOpt.jar:/system/framework/hwPartTelephonyOpt.jar:/system/framework/hwPartSecurity.jar:/system/framework/hwPartSecurityFaceId.jar:/system/fra
02-15 09:23:46.000 I/        ( 9114): HwCustType is 0
02-15 09:23:46.000 E/        ( 9114): open file error
02-15 09:23:46.000 I/        ( 9114): no cota live update cust policy found
02-15 09:23:46.000 I/        ( 9114): GetCfgDirRealPolicyValue: custPolicyDirs: /system/emui/base:/system/emui/oversea:/vendor/etc:/odm/etc:/odm/hw_odm/ELS-N29:/hw_product/etc:/hw_product/region_comm/oversea:/preas/oversea:/hw_product/hw_oem/ELS-N29:/preload/ELS-N29/hw/meafnaf:/cust/global:/cust/hw/meafnaf:/hw_product/special_cust/ELS-N29/hw/meafnaf:/version/special_cust/ELS-N29/hw/meafnaf:/cust/cotalite:/cust/ecota
02-15 09:23:46.010 E/bastetd (  965): [ProxySocket    ] NotifySocketErrState# No record found by comm prop, state=196619
02-15 09:23:46.049 V/ActivityManager( 1828): Successfully start provider ContentProviderRecord{b08a4a0 u0 com.example.teacher_hub/com.getui.gtc.base.GtcProvider} launchingApp=null caller pid= 7317
02-15 09:23:46.052 W//system/bin/netd(  697): A binder object at 0x72c421a700 is being transacted on, however, this object is in the same process as its proxy. Transacting with this binder is expensive compared to just calling the corresponding functionality in the same process.
02-15 09:23:46.052 I/PreDnsController(  697): CanPreDnsQuery,persist.sys.predns is false!
02-15 09:23:46.065 D/HiTraceC( 9119): entered HiTraceInit, Log Registered: 1
02-15 09:23:46.068 D/LteRecoveryEngine( 2544): UnRecoverState processMessage UPDATE_PS_SLOW_VALUE
02-15 09:23:46.069 I/PackageManager( 1828): getInstalledPackages cost 2 ms, flags: 786432, userId: 0, callingUid: 10359, callingPid: 9119
02-15 09:23:46.085 D/HwConnectivityManagerImpl( 1828): getNetworkPolicyFlag flagStr null
02-15 09:23:46.181 I/ApsAGPAdapter( 2542): APS: APK: setStringInfoToAgpByScene scene = exit
02-15 09:23:46.181 I/AGPService(  975): aps-info: focus pkgName - com.example.teacher_hub, with 0 more apps
02-15 09:23:46.182 E/AGPService(  975): FrameRateManager: iaware strange app type: -1
02-15 09:23:46.182 I/AGPService(  975): FrameRateManager: aps-info: new pkgName - com.example.teacher_hub, type - -1
02-15 09:23:46.182 I/Sched hal(  750): SlideResMng receive currentFps = 90
02-15 09:23:46.182 I/        (  750): [SlidResMng]: currentFps == m_lastFpsAGP!
02-15 09:23:46.182 I/AGPService(  975): LcdFpsMonitor: send lcd freq 90 to sched v0
02-15 09:23:46.182 I/AGPService(  975): GpuPolicyManager: m_currentPkgName - com.example.teacher_hub
02-15 09:23:46.182 D/HW_DISPLAY_TEST(  747): display_get_fps: Get FPS successful
02-15 09:23:46.183 D/HW_DISPLAY_TEST(  747): display_get_fps: open file /sys/class/graphics/fb0/lcd_fps_scence:0:current_fps:90;default_fps:60;support_fps_list:60,90
02-15 09:23:46.183 D/HW_DISPLAY_TEST(  747):  success
02-15 09:23:46.183 I/AGPService(  975): FrameRefreshThread: set refreshrate - 60
02-15 09:23:46.184 I/AGPService(  975): FrameRateManager: set active config - id = 1
02-15 09:23:46.184 D/HW_DISPLAY_TEST(  747): display_set_fps: display_set_fps:3
02-15 09:23:46.184 D/HW_DISPLAY_TEST(  747): display_get_fps: Get FPS successful
02-15 09:23:46.184 D/HW_DISPLAY_TEST(  747): display_get_fps: open file /sys/class/graphics/fb0/lcd_fps_scence:0:current_fps:90;default_fps:60;support_fps_list:60,90
02-15 09:23:46.184 D/HW_DISPLAY_TEST(  747):  success
02-15 09:23:46.190 I/HwNormalizedRampAnimator( 1828): onEvent, frameRate=60
02-15 09:23:46.200 D/HW_DISPLAY_TEST(  747): display_get_fps: Get FPS successful
02-15 09:23:46.200 D/HW_DISPLAY_TEST(  747): display_get_fps: open file /sys/class/graphics/fb0/lcd_fps_scence:0:current_fps:90;default_fps:60;support_fps_list:60,90
02-15 09:23:46.200 D/HW_DISPLAY_TEST(  747):  success
02-15 09:23:46.201 D/DisplayCutout( 1828): pathAndDisplayCutoutFromSpec sCachedDensity=3.3125,sCachedDisplayWidth=1200,sCachedDisplayHeight=2640,density=3.3125 displayWidth 1200 displayHeight 2640
02-15 09:23:46.201 V/LocalDisplayAdapter( 1828): getDisplayDeviceInfoLocked called,1200x2640, 1200x2640displayCutout DisplayCutout{insets=Rect(0, 141 - 0, 0) waterfall=Insets{left=0, top=0, right=0, bottom=0} boundingRect={Bounds=[Rect(0, 0 - 0, 0), Rect(0, 0 - 392, 141), Rect(0, 0 - 0, 0), Rect(0, 0 - 0, 0)]}}
02-15 09:23:46.201 I/DisplayManagerService( 1828): Display device changed: DisplayDeviceInfo{"鍐呯疆灞忓箷": uniqueId="****", 1200 x 2640, modeId 2, defaultModeId 2, supportedModes [{id=1, width=1200, height=2640, fps=90.0}, {id=2, width=1200, height=2640, fps=60.000004}], colorMode 0, supportedColorModes [0, 7], HdrCapabilities android.view.Display$HdrCapabilities@6cb03a39, density 530, 441.739 x 441.157 dpi, appVsyncOff 2000000, presDeadline 15666666, cutout DisplayCutout{insets=Rect(0, 141 - 0, 0) waterfall=Insets{left=0, top=0, right=0, bottom=0} boundingRect={Bounds=[Rect(0, 0 - 0, 0), Rect(0, 0 - 392, 141), Rect(0, 0 - 0, 0), Rect(0, 0 - 0, 0)]}}, touch INTERNAL, rotation 0, type BUILT_IN, address ****, state ON, FLAG_DEFAULT_DISPLAY, FLAG_ROTATES_WITH_CONTENT, FLAG_SECURE, FLAG_SUPPORTS_PROTECTED_BUFFERS}
02-15 09:23:46.202 I/NetworkTimeUpdateService( 1828): Display displayState:2
02-15 09:23:46.204 I/HwMultiDisplayManager( 1828): onDisplayChanged: 0
02-15 09:23:46.204 I/HwMediaSessionServiceEx( 1828): MediaDisplayEventReceiver onDisplayChanged: 0
02-15 09:23:46.204 E/Booster_Qoe( 2544): PreprocessModemData, IsCellularCtx false
02-15 09:23:46.204 I/Booster_Qoe( 2544): AdaBoostPredict rlt,index:7,NisPsSlow:0,NProba:450,rsrp(rssi):-51,rsrq(noise):-100,rtt(chload):63,buffhigh(uldelay):0,buffcomm(rtt):327
02-15 09:23:46.204 E/Booster_Qoe( 2544): PreprocessModemData, IsCellularCtx false
02-15 09:23:46.204 I/Booster_Qoe( 2544): AdaBoostPredict rlt,index:2,NisPsSlow:0,NProba:374,rsrp(rssi):-51,rsrq(noise):-100,rtt(chload):63,buffhigh(uldelay):0,buffcomm(rtt):297
02-15 09:23:46.204 I/Collector( 2544): HandleRawWifiInfo: flag:0, netId:0!
02-15 09:23:46.204 V/scrcpy  (30549): DisplaySizeMonitor: onDisplayChanged(0)
02-15 09:23:46.204 I/NetworkQoeProxy( 2544): calcChannelNoRx dnsData is not present
02-15 09:23:46.205 V/scrcpy  (30549): DisplaySizeMonitor: Size not changed (1200x2640): do not requestReset()
02-15 09:23:46.205 I/NetworkTimeUpdateService( 1828): skew is :371136mBasePollingIntervalMs start is :7200000
02-15 09:23:46.205 I/NetworkTimeUpdateService( 1828): mBasePollingIntervalMs process is :7200000
02-15 09:23:46.205 I/PowerManagerService( 1828): handleSandman: wakefulness: 1,startDreaming: false
02-15 09:23:46.205 I/AlarmManager( 1828): remove alarm:Alarm{681e9f7 type 3 when 596766025 PendingIntent{1690e75: PendingIntentRecord{fa0fe0a android broadcastIntent}}android procName system} according to operation:1690e75
02-15 09:23:46.208 E/Telephony-accessory( 2964): [HwPhoneAccessoryService]:Failed to get instance of HwPhoneAccessoryService, not init yet.
02-15 09:23:46.208 I/PowerManagerService( 1828): handleSandman: wakefulness: 1,startDreaming: false
02-15 09:23:46.209 I/hwcomposer(  733): SetPrimaryPanelDfrInfo:3331: SetPrimaryPanelFps 60Hz
02-15 09:23:46.209 I/hwcomposer(  733): UpdateFps:586: UpdateFps=60, mPorchRatio=10!
02-15 09:23:46.209 I/PowerManagerService( 1828): handleSandman: wakefulness: 1,startDreaming: false
02-15 09:23:46.210 E/BoosterUtil( 2544): convertSubIdToSlotId failed, subId:5, slotId:-1
02-15 09:23:46.210 E/BoosterUtil( 2544): getDefaultDataSlotId failed, invalid slotId:-1, subId:5
02-15 09:23:46.210 E/NrSmartCure( 2544): onNetworkQoeUpdate failed, invalid defaultDataSlotId=-1
02-15 09:23:46.210 E/FourNetCombinationChr( 2544): getNetworkQoeInfo failed, qoeTcpDataOpt is null
02-15 09:23:46.210 I/Hicom_Monitor( 2544): handleNetworkQoeReport. foregroundAppTcpRtt: 327, maxRatioChannelId: 2
02-15 09:23:46.210 I/Hicom_Monitor( 2544): handleNetworkQoeReport. qoeString: 10359,4,0,450,1,2,4,0,374,720600,1080900,10,10,0,90,1210,0
02-15 09:23:46.215 I/WiFi_PRO_WifiProStateMachine( 1828): APP_SERVICE_QOE_NOTIFY Qoe info 10359,4,0,450,1,2,4,0,374,720600,1080900,10,10,0,90,1210,0 CID 2 mMasterWifiRssi -51 mMasterCardAmbr 1048576 mSlaveCardAmbr 1048576
02-15 09:23:46.215 I/HwWifiProServiceProxy( 1828): ctrlHwWifiNetwork pkgName: WIFIPRO_SERVICE interfaceId: 9
02-15 09:23:46.215 I/WiFi_PRO_WifiProStateMachine( 1828): isWifi2WifiProcess = false, mIsNeedIgnoreQoeUpdate = false, mIsAppInBlacklist = false, mIsAppInBlacklistFullScreen = false, mIsWiFiNoInternet false, screen on = true, full screen = false, isLandscapeMode = false, mNotifyWifiLinkPoorReason = -1
02-15 09:23:46.215 I/WiFi_PRO_WifiProStateMachine( 1828): mChannelQoeBadCnt = 0, mAppQoeBadCnt = 0, mNetworkSlowReason = 0, mNetworkSlowChannelBadCnt = 0
02-15 09:23:46.217 D/HW_DISPLAY_TEST(  747): display_get_fps: Get FPS successful
02-15 09:23:46.217 I/HwLauncher(11858): GestureExt initTouchBounds region=Rect(0, 2567 - 1200, 2640) mIsLand=false
02-15 09:23:46.217 D/HW_DISPLAY_TEST(  747): display_get_fps: open file /sys/class/graphics/fb0/lcd_fps_scence:0:current_fps:60;default_fps:60;support_fps_list:60,90
02-15 09:23:46.217 D/HW_DISPLAY_TEST(  747):  success
02-15 09:23:46.218 I/AGPService(  975): FrameRefreshThread: set refreshrate finished, tryRefreshCount = 2, lcdFps = 60
02-15 09:23:46.218 I/HwActivityStackSupervisorEx( 1828): handleVrDisplayChanged displayId = 0
02-15 09:23:46.218 W/HwActivityStackSupervisorEx( 1828): handleVrDisplayChanged other vr mode displayId: 0
02-15 09:23:46.219 V/InputDispatcher( 1828): Asynchronous input event injection succeeded.
02-15 09:23:46.219 I/InputDispatcher( 1828): stylus touch down, set lcd event 1
02-15 09:23:46.219 I/chatty  ( 1828): uid=1000(system) InputDispatcher identical 1 line
02-15 09:23:46.219 I/InputDispatcher( 1828): stylus touch down, set lcd event 1
02-15 09:23:46.219 I/View    ( 7315): requestUnbufferedDispatch window com.example.teacher_hub/com.example.teacher_hub.MainActivity
02-15 09:23:46.220 D/LogicalDisplay( 1828): configureDisplayLocked mTempLayerStackRect=Rect(0, 0 - 1200, 2640) mTempDisplayRect=Rect(0, 0 - 1200, 2640) orientation = 0
02-15 09:23:46.220 I/DisplayDevice( 1828): setProjectionLocked displayId 0 orientation(0->0) LayerStackRect(Rect(0, 0 - 1200, 2640)->Rect(0, 0 - 1200, 2640)) DisplayRect(Rect(0, 0 - 1200, 2640)->Rect(0, 0 - 1200, 2640))
02-15 09:23:46.220 I/DisplayDevice( 1828): isNeedRefreshOrientaion orientation 0
02-15 09:23:46.220 I/HwPCUtils#HwPCManagerService( 1828): onDisplayChanged, displayId:0
02-15 09:23:46.220 I/PowerManagerService( 1828): handleSandman: wakefulness: 1,startDreaming: false
02-15 09:23:46.221 E/WiFi_PROHumanFactorRecommend( 1828): isRichTrafficUser, invalid slotId=-1
02-15 09:23:46.223 I/NavigationBarPolicy( 1828): pointY:2481.0realSize.y:2640HIT_REGION_TO_MAX:37
02-15 09:23:46.224 E/WiFi_PROHumanFactorRecommend( 1828): isEconomicTrafficUser, invalid slotId=-1
02-15 09:23:46.225 I/AGPService(  975): LcdFpsMonitor: send lcd freq 60 to sched v0
02-15 09:23:46.225 I/Sched hal(  750): SlideResMng receive currentFps = 60
02-15 09:23:46.225 I/        (  750): [SlidResMng]: lastFpsAGP is 90: current is 60
02-15 09:23:46.225 I/        (  750): [SlidResMng]: Ioctl SetPara!
02-15 09:23:46.237 I/PGConfigUpdateManager( 2542): reParse Config file
02-15 09:23:46.241 I/PGConfigUpdateManager( 2542): local file is crypted
02-15 09:23:46.243 I/PGConfigUpdateManager( 2542): doParseConfigFileLocked, total use:2
02-15 09:23:46.243 I/PGConfigUpdateManager( 2542): notifyClient
02-15 09:23:46.245 I/PassThroughStats( 2542): report app type, msg: flag=0 count=1 name=com.eg.android.AlipayGphone
02-15 09:23:46.245 I/AppTypeRecogManager( 2542): removeAppFromList pkg: com.eg.android.AlipayGphone
02-15 09:23:46.245 I/PassThroughStats( 2542): report app type, msg: flag=1 count=1 name=com.eg.android.AlipayGphone type=19
02-15 09:23:46.249 I/ApplistMgr( 2542): App Info database change !
02-15 09:23:46.249 I/AppTypeRecogManager( 2542): Cloud push type pkgName : com.eg.android.AlipayGphone type: 19
02-15 09:23:46.249 I/PG_ash  ( 2542): not add SIM_STATE_CHANGE in oversea
02-15 09:23:46.250 I/PG_ash  ( 2542): load default bc proxy actions, modify: false, sProxyActionList: [android.intent.action.ANY_DATA_STATE, android.intent.action.TIME_TICK, android.intent.action.BATTERY_CHANGED, android.intent.action.SCREEN_ON, android.intent.action.SCREEN_OFF, android.intent.action.SIG_STR, android.intent.action.CONFIGURATION_CHANGED, android.intent.action.SERVICE_STATE, android.intent.action.USER_PRESENT, android.intent.action.PACKAGE_RESTARTED, android.intent.action.CLOSE_SYSTEM_DIALOGS, android.intent.action.PACKAGE_ADDED, android.intent.action.PACKAGE_REMOVED, android.intent.action.PACKAGE_CHANGED, android.intent.action.PACKAGE_REPLACED, android.intent.action.PHONE_STATE, android.intent.action.MEDIA_SCANNER_FINISHED, android.intent.action.MEDIA_SCANNER_STARTED, android.intent.action.HEADSET_PLUG, android.intent.action.ACTION_DSDS_SUB1_OPERATOR_CHANGED, android.media.VOLUME_CHANGED_ACTION, android.net.conn.CONNECTIVITY_CHANGE, android.net.wifi.supplicant.CONNECTION_CHANGE, android.net.wifi.supplicant.STATE_CHANGE, android.net.wifi.WIFI_STATE_CHANGED, android.net.wifi.SCAN_RESULTS, android.net.wifi.STATE_CHANGE, android.net.wifi.RSSI_CHANGED, android.location.GPS_ENABLED_CHANGE, org.agoo.android.intent.action.ELECTION_RESULT_V4, com.tencent.android.tpush.service.channel.heartbeatIntent, com.tencent.android.tpush.action.SDK, com.baidu.android.pushservice.action.METHOD, com.igexin.sdk.action.execute, com.igexin.sdk.action.pushmanager, com.tencent.mm.plugin.openapi.Intent.ACTION_REFRESH_WXAPP, com.tencent.mm.plugin.openapi.Intent.ACTION_HANDLE_APP_REGISTER, com.huawei.espace.pushcheck, com.baidu.sapi2.ACTION_HOUR_FREQUENCY, com.baidu.android.pushservice.action.BIND_SYNC, android.location.GPS_FIX_CHANGE, com.android.eguan.drivermonitor, android.bluetooth.device.action.ACL_CONNECTED, android.bluetooth.device.action.ACL_DISCONNECTED, android.bluetooth.headset.profile.action.CONNECTION_STATE_CHANGED, android.os.action.DEVICE_IDLE_MODE_CHANGED, android.net.wifi.CONFIGURED_NETWORKS_CHANGE, com.action.utdid, wx_global_action, com.jingdong.jdpush.MSG_CENTER]
02-15 09:23:46.250 I/ApplistMgr( 2542): mNightRequestInteractionApps: null
02-15 09:23:46.250 I/ApplistMgr( 2542): mIgnoreAudioApps: null
02-15 09:23:46.250 I/AppResManager( 2542): No Power kit config, list is null!!! 
02-15 09:23:46.263 I/dubaid  (  980): [DubaiStorage.cpp] DoFlushEntriesBuffer# Flush all entries into database: /data/system_ce/0/dubai/dubai.db
02-15 09:23:46.264 I/dubaid  (  980): [DubaiStorage.cpp] DoFlushEntriesBuffer# Flush all entries into database: /data/system_ce/0/dubai/dubai.db
02-15 09:23:46.290 V/InputDispatcher( 1828): Asynchronous input event injection succeeded.
02-15 09:23:46.292 W/hub:pushservic( 7317): resources.arsc in APK '/data/app/com.sankuai.meituan-vI-aIs6wXnhgRAEmRAnG3w==/base.apk' is compressed.
02-15 09:23:46.297 V/InputDispatcher( 1828): Asynchronous input event injection succeeded.
02-15 09:23:46.297 I/InputDispatcher( 1828): stylus touch up, set lcd event 0
02-15 09:23:46.297 I/chatty  ( 1828): uid=1000(system) InputDispatcher identical 1 line
02-15 09:23:46.297 I/InputDispatcher( 1828): stylus touch up, set lcd event 0
02-15 09:23:46.298 I/View    ( 7315): requestUnbufferedDispatch window com.example.teacher_hub/com.example.teacher_hub.MainActivity
02-15 09:23:46.299 I/View    ( 7315): requestUnbufferedDispatch window com.example.teacher_hub/com.example.teacher_hub.MainActivity
02-15 09:23:46.300 V/AudioManager( 7315): querySoundEffectsEnabled...
02-15 09:23:46.303 I/TrafficMonitor( 1828): update:rxPkts:141,txPkts:102,rxBytes:153130,txBytes:9241
02-15 09:23:46.303 I/TrafficMonitor( 1828): no expired. level:5
02-15 09:23:46.303 I/TrafficMonitor( 1828): gettimer:interval=2000
02-15 09:23:46.303 I/TrafficMonitor( 1828): during_ms:2001,period_ms:2000
02-15 09:23:46.303 I/TrafficMonitor( 1828): count:613,rx_sum:141,tx_sum:102,rxBytes:153130,during_ms:2001,rx_speed:76526.73663168417,tx_speed:4618.190904547726,rto:1.3823529411764706
02-15 09:23:46.303 I/HuaweiWifiWatchdogStateMachine( 1828): Get speed information rx_speed = 76526 ,tx_speed = 4618 ,isSpeedOk = true ,mBestSpeedInPeriod = 76526
02-15 09:23:46.307 I/Pged-IPgedBinderService(  996): ****action is 2, pid num is 13***
02-15 09:23:46.307 I/Pged-Freezer(  996): thawPids
02-15 09:23:46.310 W/dex2oat ( 9114): Accessing hidden method Landroid/view/WindowInsets$Type;->systemGestures()I (blacklist, linking, denied)
02-15 09:23:46.310 W/dex2oat ( 9114): Accessing hidden method Landroid/view/WindowInsets$Type;->mandatorySystemGestures()I (blacklist, linking, denied)
02-15 09:23:46.310 W/dex2oat ( 9114): Accessing hidden method Landroid/view/WindowInsets$Type;->tappableElement()I (blacklist, linking, denied)
02-15 09:23:46.310 W/dex2oat ( 9114): Accessing hidden method Landroid/view/WindowInsets$Type;->systemBars()I (blacklist, linking, denied)
02-15 09:23:46.310 D/PgedBinderAdapter( 2542): unF_Z ok, pid: [25782, 20782, 29161, 29158, 26811, 4760, 28808, 27540, 26819, 29341, 31601, 2255]
02-15 09:23:46.310 W/dex2oat ( 9114): Accessing hidden method Landroid/view/WindowInsets;->getInsets(I)Landroid/graphics/Insets; (blacklist, linking, denied)
02-15 09:23:46.310 W/dex2oat ( 9114): Accessing hidden method Landroid/view/Window;->getInsetsController()Landroid/view/WindowInsetsController; (blacklist, linking, denied)
02-15 09:23:46.310 W/dex2oat ( 9114): Accessing hidden method Landroid/view/WindowInsets$Builder;->setInsets(ILandroid/graphics/Insets;)Landroid/view/WindowInsets$Builder; (blacklist, linking, denied)
02-15 09:23:46.310 W/dex2oat ( 9114): Accessing hidden method Landroid/view/WindowInsets;->isVisible(I)Z (blacklist, linking, denied)
02-15 09:23:46.310 W/dex2oat ( 9114): Accessing hidden method Landroid/view/WindowInsets$Type;->ime()I (blacklist, linking, denied)
02-15 09:23:46.316 I/system_server( 1828): Background young concurrent copying GC freed 496325(16MB) AllocSpace objects, 7(268KB) LOS objects, 14% free, 91MB/107MB, paused 116us total 107.847ms
02-15 09:23:46.328 I/flutter ( 7315): [閫氱煡] 瑙掓爣 updateBadgeCount(count=0) 宸叉墽琛?
02-15 09:23:46.226 I/PowerManagerService( 1828): handleSandman: wakefulness: 1,startDreaming: false
02-15 09:23:46.366 D/HwConnectivityServiceEx( 1828): set 10151 wlan0 value false
02-15 09:23:46.345 I/flutter ( 7315): [閫氱煡] 瑙掓爣 updateBadgeCount(count=0) 宸叉墽琛?
02-15 09:23:46.394 W/hub:pushservic( 7317): resources.arsc in APK '/data/app/com.hexin.plat.android-KnX4THI66BaZ5JF4lzOenQ==/base.apk' is compressed.
02-15 09:23:46.507 I/CAWARENESS_ServiceMonitor( 6330): memory(kB) static totalPss=15430, dalvikPss=1525, nativePss=3101
02-15 09:23:46.554 I/AppFasManager( 2542): set fas when standby protected app list changed : 
02-15 09:23:46.722 D/SensorHub(  998): Get acc data 0.148699, 0.053649, 9.831683
02-15 09:23:46.732 W/hub:pushservic( 7317): resources.arsc in APK '/data/app/com.xunmeng.pinduoduo-GYwZCy6-L_H3gCrfUXf7uA==/base.apk' is compressed.
02-15 09:23:46.755 W/hub:pushservic( 7317): resources.arsc in APK '/data/app/ai.totok.chat-EvbwIGn3gZJg3y8HTgrENQ==/base.apk' is compressed.
02-15 09:23:46.916 W/hub:pushservic( 7317): resources.arsc in APK '/data/app/com.kugou.android-ussr13a_eeV6n7_6I-Unbg==/base.apk' is compressed.
02-15 09:23:47.000 V/InputDispatcher( 1828): Asynchronous input event injection succeeded.
02-15 09:23:47.002 I/InputDispatcher( 1828): stylus touch down, set lcd event 1
02-15 09:23:47.002 I/chatty  ( 1828): uid=1000(system) InputDispatcher identical 1 line
02-15 09:23:47.002 I/InputDispatcher( 1828): stylus touch down, set lcd event 1
02-15 09:23:47.003 I/NavigationBarPolicy( 1828): pointY:481.0realSize.y:2640HIT_REGION_TO_MAX:37
02-15 09:23:47.004 I/PowerManagerService( 1828): handleSandman: wakefulness: 1,startDreaming: false
02-15 09:23:47.006 I/View    ( 7315): requestUnbufferedDispatch window com.example.teacher_hub/com.example.teacher_hub.MainActivity
02-15 09:23:47.071 D/LteRecoveryEngine( 2544): UnRecoverState processMessage UPDATE_PS_SLOW_VALUE
02-15 09:23:47.088 V/InputDispatcher( 1828): Asynchronous input event injection succeeded.
02-15 09:23:47.088 I/InputDispatcher( 1828): stylus touch up, set lcd event 0
02-15 09:23:47.088 I/chatty  ( 1828): uid=1000(system) InputDispatcher identical 1 line
02-15 09:23:47.088 I/InputDispatcher( 1828): stylus touch up, set lcd event 0
02-15 09:23:47.089 I/View    ( 7315): requestUnbufferedDispatch window com.example.teacher_hub/com.example.teacher_hub.MainActivity
02-15 09:23:47.092 V/AudioManager( 7315): querySoundEffectsEnabled...
02-15 09:23:47.116 I/ClipboardService( 1828): callingPackage:com.example.teacher_hub, uid =10359, isFocusedWindow =true
02-15 09:23:47.117 I/ClipboardService( 1828): callingPackage:com.example.teacher_hub, uid =10359, isFocusedWindow =true
02-15 09:23:47.127 W/ple.teacher_hu( 7315): resources.arsc in APK '/data/app/com.huawei.hwsearch-y4aUYOUCacaoW9zZlLN6hQ==/base.apk' is compressed.
02-15 09:23:47.204 I/ClipboardService( 1828): callingPackage:com.example.teacher_hub, uid =10359, isFocusedWindow =true
02-15 09:23:47.205 I/ClipboardService( 1828): callingPackage:com.example.teacher_hub, uid =10359, isFocusedWindow =true
02-15 09:23:47.227 E/Booster_Qoe( 2544): PreprocessModemData, IsCellularCtx false
02-15 09:23:47.227 I/Booster_Qoe( 2544): AdaBoostPredict rlt,index:7,NisPsSlow:0,NProba:356,rsrp(rssi):-51,rsrq(noise):-100,rtt(chload):19,buffhigh(uldelay):0,buffcomm(rtt):291
02-15 09:23:47.227 E/Booster_Qoe( 2544): PreprocessModemData, IsCellularCtx false
02-15 09:23:47.227 I/Booster_Qoe( 2544): AdaBoostPredict rlt,index:2,NisPsSlow:0,NProba:279,rsrp(rssi):-51,rsrq(noise):-100,rtt(chload):19,buffhigh(uldelay):0,buffcomm(rtt):125
02-15 09:23:47.227 I/Collector( 2544): HandleRawWifiInfo: flag:0, netId:0!
02-15 09:23:47.227 I/NetworkQoeProxy( 2544): calcChannelNoRx dnsData is not present
02-15 09:23:47.228 E/BoosterUtil( 2544): convertSubIdToSlotId failed, subId:5, slotId:-1
02-15 09:23:47.228 E/BoosterUtil( 2544): getDefaultDataSlotId failed, invalid slotId:-1, subId:5
02-15 09:23:47.228 E/NrSmartCure( 2544): onNetworkQoeUpdate failed, invalid defaultDataSlotId=-1
02-15 09:23:47.228 E/FourNetCombinationChr( 2544): getNetworkQoeInfo failed, qoeTcpDataOpt is null
02-15 09:23:47.228 I/WiFi_PRO_WifiProStateMachine( 1828): APP_SERVICE_QOE_NOTIFY Qoe info 10359,4,0,356,1,2,4,0,279,720600,1080900,10,10,0,27,73,0 CID 2 mMasterWifiRssi -51 mMasterCardAmbr 1048576 mSlaveCardAmbr 1048576
02-15 09:23:47.228 I/Hicom_Monitor( 2544): handleNetworkQoeReport. foregroundAppTcpRtt: 291, maxRatioChannelId: 2
02-15 09:23:47.228 I/HwWifiProServiceProxy( 1828): ctrlHwWifiNetwork pkgName: WIFIPRO_SERVICE interfaceId: 9
02-15 09:23:47.228 I/WiFi_PRO_WifiProStateMachine( 1828): isWifi2WifiProcess = false, mIsNeedIgnoreQoeUpdate = false, mIsAppInBlacklist = false, mIsAppInBlacklistFullScreen = false, mIsWiFiNoInternet false, screen on = true, full screen = false, isLandscapeMode = false, mNotifyWifiLinkPoorReason = -1
02-15 09:23:47.228 I/WiFi_PRO_WifiProStateMachine( 1828): mChannelQoeBadCnt = 0, mAppQoeBadCnt = 0, mNetworkSlowReason = 0, mNetworkSlowChannelBadCnt = 0
02-15 09:23:47.228 E/WiFi_PROHumanFactorRecommend( 1828): isRichTrafficUser, invalid slotId=-1
02-15 09:23:47.229 E/WiFi_PROHumanFactorRecommend( 1828): isEconomicTrafficUser, invalid slotId=-1
02-15 09:23:47.228 I/Hicom_Monitor( 2544): handleNetworkQoeReport. qoeString: 10359,4,0,356,1,2,4,0,279,720600,1080900,10,10,0,27,73,0
02-15 09:23:47.268 W//system/bin/netd(  697): A binder object at 0x72c421a700 is being transacted on, however, this object is in the same process as its proxy. Transacting with this binder is expensive compared to just calling the corresponding functionality in the same process.
02-15 09:23:47.268 I/PreDnsController(  697): CanPreDnsQuery,persist.sys.predns is false!
02-15 09:23:47.270 D/HwConnectivityManagerImpl( 1828): getNetworkPolicyFlag flagStr null
02-15 09:23:47.410 I/OllieMsgCenter( 2544): publishEvt=2135097345
02-15 09:23:47.470 E/bastetd (  965): [ProxySocket    ] NotifySocketErrState# No record found by comm prop, state=196619
02-15 09:23:47.631 I/SpeedTestNotifier( 2544): is not speed test scene, send 0 to IAware
02-15 09:23:47.697 V/InputDispatcher( 1828): Asynchronous input event injection succeeded.
02-15 09:23:47.698 I/InputDispatcher( 1828): stylus touch down, set lcd event 1
02-15 09:23:47.699 I/chatty  ( 1828): uid=1000(system) InputDispatcher identical 1 line
02-15 09:23:47.699 I/InputDispatcher( 1828): stylus touch down, set lcd event 1
02-15 09:23:47.699 I/View    ( 7315): requestUnbufferedDispatch window com.example.teacher_hub/com.example.teacher_hub.MainActivity
02-15 09:23:47.701 I/NavigationBarPolicy( 1828): pointY:721.0realSize.y:2640HIT_REGION_TO_MAX:37
02-15 09:23:47.703 I/PowerManagerService( 1828): handleSandman: wakefulness: 1,startDreaming: false
02-15 09:23:47.780 V/InputDispatcher( 1828): Asynchronous input event injection succeeded.
02-15 09:23:47.780 I/InputDispatcher( 1828): stylus touch up, set lcd event 0
02-15 09:23:47.780 I/chatty  ( 1828): uid=1000(system) InputDispatcher identical 1 line
02-15 09:23:47.780 I/InputDispatcher( 1828): stylus touch up, set lcd event 0
02-15 09:23:47.781 I/View    ( 7315): requestUnbufferedDispatch window com.example.teacher_hub/com.example.teacher_hub.MainActivity
02-15 09:23:47.797 W/InputMethodManager( 7315): startInputReason = 4
02-15 09:23:47.798 W/HwRemoteInputMethodManager( 7315): isCasting false because IHwDistributedWindowManager is invalid.
02-15 09:23:47.799 I/InputMethodManager( 7315): showSoftInput
02-15 09:23:47.799 V/WindowManager( 1828): setImeHolder from Window{d435acf u0 com.example.teacher_hub/com.example.teacher_hub.MainActivity} to Window{df76a75 u0 com.example.teacher_hub/com.example.teacher_hub.MainActivity}
02-15 09:23:47.804 W/        ( 1828): Failed to UpdateQosForCgroupInner, tid=0, policy=10
02-15 09:23:47.809 D/InputMethodManagerService( 1828): onInputShow
02-15 09:23:47.810 D/AudioPolicyService(  762): getUidState(99046) cacheIter->second.first, return cacheIter->second.second(8)
02-15 09:23:47.810 D/AudioPolicyService(  762): getUidState(10197) cacheIter->second.first, return cacheIter->second.second(8)
02-15 09:23:47.813 I/netd    (  697): firewallSetUidRule(2, 10197, 1) <0.03ms>
02-15 09:23:47.813 I/NetworkPolicy( 1828): upPwResUL:10197,idle:1,resPw:0,dIdle:0,fg=1,white=0,old=64,new=32,newUid=32,oldUid=64,resBg=0
02-15 09:23:47.814 D/HwActivityManagerServiceEx( 1828): notifyAppToTop pid:5656, enable:1
02-15 09:23:47.815 I/ConnectivityService( 1828): false for 10197(41) on netId 127
02-15 09:23:47.816 I/ConnectivityService( 1828): false for 10197(42) on netId 127
02-15 09:23:47.816 I/ConnectivityService( 1828): false for 10197(43) on netId 127
02-15 09:23:47.816 I/ConnectivityService( 1828): false for 10197(73) on netId 127
02-15 09:23:47.816 I/ConnectivityService( 1828): false for 10197(719) on netId 127
02-15 09:23:47.816 I/ConnectivityService( 1828): false for 10197(720) on netId 127
02-15 09:23:47.818 I/ConnectivityService( 1828): false for 10197(721) on netId 127
02-15 09:23:47.818 I/ConnectivityService( 1828): false for 10197(867) on netId 127
02-15 09:23:47.819 I/ConnectivityService( 1828): false for 10197(868) on netId 127
02-15 09:23:47.824 I/ClipboardService( 1828): callingPackage:com.example.teacher_hub, uid =10359, isFocusedWindow =true
02-15 09:23:47.825 I/ClipboardService( 1828): callingPackage:com.example.teacher_hub, uid =10359, isFocusedWindow =true
02-15 09:23:47.825 D/HwConnectivityServiceEx( 1828): set 10197 wlan0 value false
02-15 09:23:47.825 I/ConnectivityService( 1828): UB net to uid=10197
02-15 09:23:47.828 I/AssistStructure( 7315): Flattened final assist data: 452 bytes, containing 1 windows, 3 views
02-15 09:23:47.830 I/NavigationBarHelper( 5656): isNavigationBarShow: 0
02-15 09:23:47.835 D/HwConnectivityServiceEx( 1828): set 10197 NULL value false
02-15 09:23:47.844 W/ConstraintSet( 5656): id unknown b82
02-15 09:23:47.849 E/memtrack( 5656): Couldn't load memtrack module
02-15 09:23:47.849 W/android.os.Debug( 5656): failed to get memory consumption info: -1
02-15 09:23:47.849 I/PGServer( 2542): report state:10005 event type:1 pid:0 uid:0 pkg:null to pid: 2542
02-15 09:23:47.849 I/ApsAppsTypeHandler( 2542): APS: APK: ApsAppsTypeHandler.getInstance, sInstance = com.huawei.android.hwaps.o@54c9f84
02-15 09:23:47.852 I/HwInputMethodManagerServiceEx( 1828): NaviBar defValue = 1
02-15 09:23:47.852 I/HwInputMethodManagerServiceEx( 1828): --- show navigation bar status: isEnableNavBar = true ,isGestureNavigation = true
02-15 09:23:47.852 I/NotificationService( 1828): enqueueNotificationInternal: pkg=android id=8 notification=Notification(channel=VIRTUAL_KEYBOARD pri=0 contentView=null vibrate=null sound=null defaults=0x0 flags=0x2 color=0xff607d8b category=sys groupKey=ranker_group8 vis=PRIVATE)
02-15 09:23:47.852 I/NotificationService( 1828): enqueueNotificationInternal Channel Info : pkg=android id=8 importance =2
02-15 09:23:47.852 I/HwNotificationService( 1828): shouldBlockByMediaController : pkgName =android,isCustomNotification =false,isMediaNotification =false
02-15 09:23:47.853 D/HwNotificationService( 1828): doForUpdateNotification: Notificatin Switch is false!
02-15 09:23:47.855 I/HwNotificationService( 1828): specialType is: ,topFullscreen is:false,isRequestSingleLine :false,HWMULTIWIN_ENABLED is:true
02-15 09:23:47.855 D/HwNotificationService( 1828): mGameDndStatus is:false ,isGameDndSwitchOn is:false,isDeferLaunchActivity is:false
02-15 09:23:47.861 I/NotificationListener( 2541): onNotificationPosted: StatusBarNotification(pkg=android user=UserHandle{-1} id=8 tag=null key=-1|android|8|null|1000: Notification(channel=VIRTUAL_KEYBOARD pri=0 contentView=null vibrate=null sound=null defaults=0x0 flags=0x2 color=0xff607d8b category=sys groupKey=ranker_group8 vis=PRIVATE)) important=2, post=1771122227852, when=0,showWhen=true, vis=0, userid=-1, hasFullScreenIntent=false,style=null
02-15 09:23:47.866 I/HwInputMethodManagerServiceEx( 1828): NaviBar defValue = 1
02-15 09:23:47.866 I/chromium( 5656): [0215/092347:INFO:config_service.cc(233)] Load config buffer. err_code = 0, err_msg = 
02-15 09:23:47.866 I/HwInputMethodManagerServiceEx( 1828): --- show navigation bar status: isEnableNavBar = true ,isGestureNavigation = true
02-15 09:23:47.866 I/NotificationService( 1828): enqueueNotificationInternal: pkg=android id=8 notification=Notification(channel=VIRTUAL_KEYBOARD pri=0 contentView=null vibrate=null sound=null defaults=0x0 flags=0x2 color=0xff607d8b category=sys groupKey=ranker_group8 vis=PRIVATE)
02-15 09:23:47.866 I/NotificationService( 1828): enqueueNotificationInternal Channel Info : pkg=android id=8 importance =2
02-15 09:23:47.867 I/HwNotificationService( 1828): shouldBlockByMediaController : pkgName =android,isCustomNotification =false,isMediaNotification =false
02-15 09:23:47.867 I/RmeSchedManager( 5656): init Rme, version is: v1.0
02-15 09:23:47.868 D/HwNotificationService( 1828): doForUpdateNotification: Notificatin Switch is false!
02-15 09:23:47.874 D/mali_winsys( 5656): EGLint new_window_surface(egl_winsys_display *, void *, EGLSurface, EGLConfig, egl_winsys_surface **, EGLBoolean) returns 0x3000
02-15 09:23:47.875 I/HwNotificationService( 1828): specialType is: ,topFullscreen is:false,isRequestSingleLine :false,HWMULTIWIN_ENABLED is:true
02-15 09:23:47.875 D/HwNotificationService( 1828): mGameDndStatus is:false ,isGameDndSwitchOn is:false,isDeferLaunchActivity is:false
02-15 09:23:47.876 I/WindowManager( 1828): dispatchResized : win = Window{df76a75 u0 com.example.teacher_hub/com.example.teacher_hub.MainActivity} drawState = HAS_DRAWN
02-15 09:23:47.878 I/NotificationListener( 2541): onNotificationPosted: StatusBarNotification(pkg=android user=UserHandle{-1} id=8 tag=null key=-1|android|8|null|1000: Notification(channel=VIRTUAL_KEYBOARD pri=0 contentView=null vibrate=null sound=null defaults=0x0 flags=0x2 color=0xff607d8b category=sys groupKey=ranker_group8 vis=PRIVATE)) important=2, post=1771122227867, when=0,showWhen=true, vis=0, userid=-1, hasFullScreenIntent=false,style=null
02-15 09:23:47.891 I/netd    (  697): trafficSwapActiveStatsMap() <0.85ms>
02-15 09:23:47.894 I/HwViewRootImpl( 5656): removeInvalidNode all the node in jank list is out of time
02-15 09:23:47.909 I/NotificationViewHierarchyManager( 2541): updateNotificationViews activeNotificationSize=5
02-15 09:23:47.910 D/PluginInstanceManager( 2541): startListening
02-15 09:23:47.910 I/ScrollLayout2( 2541): addContainerView StatusBarNotification(pkg=android user=UserHandle{-1} id=8 tag=null key=-1|android|8|null|1000: Notification(channel=VIRTUAL_KEYBOARD pri=0 contentView=null vibrate=null sound=null defaults=0x0 flags=0x2 color=0xff607d8b category=sys groupKey=ranker_group8 vis=PRIVATE))
02-15 09:23:47.910 D/PluginInstanceManager( 2541): stopListening
02-15 09:23:47.910 D/PluginInstanceManager( 2541): startListening
02-15 09:23:47.911 D/PluginInstanceManager( 2541): queryAll com.android.systemui.action.PLUGIN_NOTIFICATION_MENU_ROW
02-15 09:23:47.911 D/PluginInstanceManager( 2541): Found 0 plugins
02-15 09:23:47.912 D/PluginInstanceManager( 2541): queryAll com.android.systemui.action.PLUGIN_NOTIFICATION_MENU_ROW
02-15 09:23:47.912 D/PluginInstanceManager( 2541): Found 0 plugins
02-15 09:23:48.055 I/WificondControl( 1828): Noise: -100, Snr: 19, Chload: 15, rssi: -51, txBitrate: 720, rxBitrate: 1080, frequency: 5320, UlDelay: 0, currentTxBytes: 225770090, currentTxPackets: 860246, currentTxFailed: 0, currentRxBytes: 687026668, currentRxPackets: 850935
02-15 09:23:48.056 V/HwWifiServiceFactory( 1828): get AllImpl object = com.android.server.wifi.HwWifiServiceFactoryImpl@da21258
02-15 09:23:48.064 W/Process ( 1828): Unable to open /proc/-1/status
02-15 09:23:48.064 D/HwActivityManagerServiceEx( 1828): notifyAppToTop pid:5656, enable:0
02-15 09:23:48.065 I/RmeSchedManager( 5656): init Rme, version is: v1.0
02-15 09:23:48.073 D/LteRecoveryEngine( 2544): UnRecoverState processMessage UPDATE_PS_SLOW_VALUE
02-15 09:23:48.250 W//system/bin/netd(  697): A binder object at 0x72c421a700 is being transacted on, however, this object is in the same process as its proxy. Transacting with this binder is expensive compared to just calling the corresponding functionality in the same process.
02-15 09:23:48.250 I/PreDnsController(  697): CanPreDnsQuery,persist.sys.predns is false!
02-15 09:23:48.250 W//system/bin/netd(  697): A binder object at 0x72c421a700 is being transacted on, however, this object is in the same process as its proxy. Transacting with this binder is expensive compared to just calling the corresponding functionality in the same process.
02-15 09:23:48.250 I/PreDnsController(  697): CanPreDnsQuery,persist.sys.predns is false!
02-15 09:23:48.251 E/Booster_Qoe( 2544): PreprocessModemData, IsCellularCtx false
02-15 09:23:48.251 I/Booster_Qoe( 2544): AdaBoostPredict rlt,index:7,NisPsSlow:0,NProba:390,rsrp(rssi):-51,rsrq(noise):-100,rtt(chload):15,buffhigh(uldelay):0,buffcomm(rtt):311
02-15 09:23:48.251 E/Booster_Qoe( 2544): PreprocessModemData, IsCellularCtx false
02-15 09:23:48.251 I/Booster_Qoe( 2544): AdaBoostPredict rlt,index:2,NisPsSlow:0,NProba:328,rsrp(rssi):-51,rsrq(noise):-100,rtt(chload):15,buffhigh(uldelay):0,buffcomm(rtt):249
02-15 09:23:48.251 I/Collector( 2544): HandleRawWifiInfo: flag:0, netId:0!
02-15 09:23:48.252 I/NetworkQoeProxy( 2544): calcChannelNoRx dnsData is not present
02-15 09:23:48.253 E/BoosterUtil( 2544): convertSubIdToSlotId failed, subId:5, slotId:-1
02-15 09:23:48.253 E/BoosterUtil( 2544): getDefaultDataSlotId failed, invalid slotId:-1, subId:5
02-15 09:23:48.253 E/NrSmartCure( 2544): onNetworkQoeUpdate failed, invalid defaultDataSlotId=-1
02-15 09:23:48.253 E/FourNetCombinationChr( 2544): getNetworkQoeInfo failed, qoeTcpDataOpt is null
02-15 09:23:48.254 I/WiFi_PRO_WifiProStateMachine( 1828): APP_SERVICE_QOE_NOTIFY Qoe info 10359,4,0,390,1,2,4,0,328,720600,1080900,10,10,0,6,3,0 CID 2 mMasterWifiRssi -51 mMasterCardAmbr 1048576 mSlaveCardAmbr 1048576
02-15 09:23:48.254 I/Hicom_Monitor( 2544): handleNetworkQoeReport. foregroundAppTcpRtt: 311, maxRatioChannelId: 2
02-15 09:23:48.254 I/Hicom_Monitor( 2544): handleNetworkQoeReport. qoeString: 10359,4,0,390,1,2,4,0,328,720600,1080900,10,10,0,6,3,0
02-15 09:23:48.254 I/HwWifiProServiceProxy( 1828): ctrlHwWifiNetwork pkgName: WIFIPRO_SERVICE interfaceId: 9
02-15 09:23:48.254 I/WiFi_PRO_WifiProStateMachine( 1828): isWifi2WifiProcess = false, mIsNeedIgnoreQoeUpdate = false, mIsAppInBlacklist = false, mIsAppInBlacklistFullScreen = false, mIsWiFiNoInternet false, screen on = true, full screen = false, isLandscapeMode = false, mNotifyWifiLinkPoorReason = -1
02-15 09:23:48.254 I/WiFi_PRO_WifiProStateMachine( 1828): mChannelQoeBadCnt = 0, mAppQoeBadCnt = 0, mNetworkSlowReason = 0, mNetworkSlowChannelBadCnt = 0
02-15 09:23:48.255 E/WiFi_PROHumanFactorRecommend( 1828): isRichTrafficUser, invalid slotId=-1
02-15 09:23:48.255 E/WiFi_PROHumanFactorRecommend( 1828): isEconomicTrafficUser, invalid slotId=-1
02-15 09:23:48.271 D/ZrHung.AppEyeUiProbe( 7317): stop UiProbe
02-15 09:23:48.271 D/ZrHung.AppEyeUiProbe( 7317): not watching, wait.
02-15 09:23:48.292 D/HwConnectivityManagerImpl( 1828): getNetworkPolicyFlag flagStr null
02-15 09:23:48.303 I/TrafficMonitor( 1828): update:rxPkts:16,txPkts:24,rxBytes:7962,txBytes:3399
02-15 09:23:48.303 I/TrafficMonitor( 1828): gettimer:interval=2000
02-15 09:23:48.306 D/HwConnectivityManagerImpl( 1828): getNetworkPolicyFlag flagStr null
02-15 09:23:48.368 D/HwConnectivityServiceEx( 1828): set 10151 wlan0 value false
02-15 09:23:48.395 V/ActivityManager( 1828): Successfully start provider ContentProviderRecord{b08a4a0 u0 com.example.teacher_hub/com.getui.gtc.base.GtcProvider} launchingApp=null caller pid= 7317
02-15 09:23:48.399 D/HwCustPhoneWindowManager( 1828): answer call by keyCode = 48, down = true, isSupVolumnkeyAnswerCall = false
02-15 09:23:48.399 I/HwPhoneWindowManager( 1828): enter wakeupNoteEditor
02-15 09:23:48.399 E/EasyWakeUpManager( 1828): enter wakeUpDoing !
02-15 09:23:48.399 I/EasyWakeUpManager( 1828): keycode: 48 minKeyCode: 131 maxKeyCode: 142
02-15 09:23:48.399 I/WindowManager( 1828): interceptKeyBeforeQueueing: key 48 , result : 1
02-15 09:23:48.400 I/HwPhoneWindowManager( 1828): isHardwareKeyboardConnected--begin
02-15 09:23:48.400 I/HwPhoneWindowManager( 1828): isHardwareKeyboardConnected--end
02-15 09:23:48.401 V/InputDispatcher( 1828): Asynchronous input event injection succeeded.
02-15 09:23:48.401 I/PowerManagerService( 1828): handleSandman: wakefulness: 1,startDreaming: false
02-15 09:23:48.401 V/InputMethodManager( 7315): dispatchInputEvent
02-15 09:23:48.408 I/HwBatteryService( 1828): power_ui state= 1 mQuickChargeStatus=1
02-15 09:23:48.408 I/HwBatteryService( 1828): handleWirelessTxStatus
02-15 09:23:48.408 I/HwBatteryService( 1828): switch not open, return, mWirelessTxFlag : 0
02-15 09:23:48.408 W/HwBatteryService( 1828): need return. Invalid value: 0
02-15 09:23:48.408 D/HwBatteryService( 1828): setHwChargeTimeRemaining, time = -1 String time: 0
02-15 09:23:48.409 I/HwBatteryService( 1828): IS_WATCH : false
02-15 09:23:48.412 D/HwConnectivityServiceEx( 1828): set 10359 wlan0 value false
02-15 09:23:48.413 W//system/bin/netd(  697): A binder object at 0x72c421a700 is being transacted on, however, this object is in the same process as its proxy. Transacting with this binder is expensive compared to just calling the corresponding functionality in the same process.
02-15 09:23:48.413 I/PreDnsController(  697): CanPreDnsQuery,persist.sys.predns is false!
02-15 09:23:48.419 W//system/bin/netd(  697): A binder object at 0x72c421a700 is being transacted on, however, this object is in the same process as its proxy. Transacting with this binder is expensive compared to just calling the corresponding functionality in the same process.
02-15 09:23:48.419 I/PreDnsController(  697): CanPreDnsQuery,persist.sys.predns is false!
02-15 09:23:48.423 D/HwConnectivityManagerImpl( 1828): getNetworkPolicyFlag flagStr null
02-15 09:23:48.426 D/HwConnectivityManagerImpl( 1828): getNetworkPolicyFlag flagStr null
02-15 09:23:48.436 E/libc    (  734): Access denied finding property "sys.check.usbupdate"
02-15 09:23:48.437 W/libc    (  734): Unable to set property "sys.check.usbupdate" to "start": connection failed; errno=13 (Permission denied)
02-15 09:23:48.433 W/health@2.0-serv(  734): type=1400 audit(0.0:766869): avc: denied { read } for pid=734 name="u:object_r:system_prop:s0" dev="tmpfs" ino=16818 scontext=u:r:hal_health_default:s0 tcontext=u:object_r:system_prop:s0 tclass=file permissive=0
02-15 09:23:48.467 D/HwConnectivityServiceEx( 1828): set 10166 wlan0 value true
02-15 09:23:48.467 I/ConnectivityService( 1828): B uid 10166
02-15 09:23:48.516 D/HwCustPhoneWindowManager( 1828): answer call by keyCode = 48, down = false, isSupVolumnkeyAnswerCall = false
02-15 09:23:48.516 I/HwPhoneWindowManager( 1828): enter wakeupNoteEditor
02-15 09:23:48.516 E/EasyWakeUpManager( 1828): enter wakeUpDoing !
02-15 09:23:48.516 I/EasyWakeUpManager( 1828): keycode: 48 minKeyCode: 131 maxKeyCode: 142
02-15 09:23:48.516 I/WindowManager( 1828): interceptKeyBeforeQueueing: key 48 , result : 1
02-15 09:23:48.518 I/PowerManagerService( 1828): handleSandman: wakefulness: 1,startDreaming: false
02-15 09:23:48.518 I/HwPhoneWindowManager( 1828): isHardwareKeyboardConnected--begin
02-15 09:23:48.518 I/HwPhoneWindowManager( 1828): isHardwareKeyboardConnected--end
02-15 09:23:48.518 V/InputDispatcher( 1828): Asynchronous input event injection succeeded.
02-15 09:23:48.519 V/InputMethodManager( 7315): dispatchInputEvent
02-15 09:23:48.548 D/HwCustPhoneWindowManager( 1828): answer call by keyCode = 49, down = true, isSupVolumnkeyAnswerCall = false
02-15 09:23:48.548 I/HwPhoneWindowManager( 1828): enter wakeupNoteEditor
02-15 09:23:48.548 E/EasyWakeUpManager( 1828): enter wakeUpDoing !
02-15 09:23:48.548 I/EasyWakeUpManager( 1828): keycode: 49 minKeyCode: 131 maxKeyCode: 142
02-15 09:23:48.548 I/WindowManager( 1828): interceptKeyBeforeQueueing: key 49 , result : 1
02-15 09:23:48.549 I/HwPhoneWindowManager( 1828): isHardwareKeyboardConnected--begin
02-15 09:23:48.549 I/HwPhoneWindowManager( 1828): isHardwareKeyboardConnected--end
02-15 09:23:48.549 V/InputDispatcher( 1828): Asynchronous input event injection succeeded.
02-15 09:23:48.550 V/InputMethodManager( 7315): dispatchInputEvent
02-15 09:23:48.637 D/HwCustPhoneWindowManager( 1828): answer call by keyCode = 49, down = false, isSupVolumnkeyAnswerCall = false
02-15 09:23:48.637 I/HwPhoneWindowManager( 1828): enter wakeupNoteEditor
02-15 09:23:48.638 E/EasyWakeUpManager( 1828): enter wakeUpDoing !
02-15 09:23:48.638 I/EasyWakeUpManager( 1828): keycode: 49 minKeyCode: 131 maxKeyCode: 142
02-15 09:23:48.638 I/WindowManager( 1828): interceptKeyBeforeQueueing: key 49 , result : 1
02-15 09:23:48.639 I/HwPhoneWindowManager( 1828): isHardwareKeyboardConnected--begin
02-15 09:23:48.639 I/HwPhoneWindowManager( 1828): isHardwareKeyboardConnected--end
02-15 09:23:48.639 V/InputDispatcher( 1828): Asynchronous input event injection succeeded.
02-15 09:23:48.639 V/InputMethodManager( 7315): dispatchInputEvent
02-15 09:23:48.661 D/HwCustPhoneWindowManager( 1828): answer call by keyCode = 34, down = true, isSupVolumnkeyAnswerCall = false
02-15 09:23:48.661 I/HwPhoneWindowManager( 1828): enter wakeupNoteEditor
02-15 09:23:48.661 E/EasyWakeUpManager( 1828): enter wakeUpDoing !
02-15 09:23:48.661 I/EasyWakeUpManager( 1828): keycode: 34 minKeyCode: 131 maxKeyCode: 142
02-15 09:23:48.661 I/WindowManager( 1828): interceptKeyBeforeQueueing: key 34 , result : 1
02-15 09:23:48.661 I/HwPhoneWindowManager( 1828): isHardwareKeyboardConnected--begin
02-15 09:23:48.661 I/HwPhoneWindowManager( 1828): isHardwareKeyboardConnected--end
02-15 09:23:48.662 V/InputDispatcher( 1828): Asynchronous input event injection succeeded.
02-15 09:23:48.662 V/InputMethodManager( 7315): dispatchInputEvent
02-15 09:23:48.685 I/dex2oat ( 9114): Explicit concurrent copying GC freed 55365(8456KB) AllocSpace objects, 0(0B) LOS objects, 75% free, 908KB/3635KB, paused 37us total 7.680ms
02-15 09:23:48.714 D/HwCustPhoneWindowManager( 1828): answer call by keyCode = 33, down = true, isSupVolumnkeyAnswerCall = false
02-15 09:23:48.714 I/HwPhoneWindowManager( 1828): enter wakeupNoteEditor
02-15 09:23:48.715 E/EasyWakeUpManager( 1828): enter wakeUpDoing !
02-15 09:23:48.715 I/EasyWakeUpManager( 1828): keycode: 33 minKeyCode: 131 maxKeyCode: 142
02-15 09:23:48.715 I/WindowManager( 1828): interceptKeyBeforeQueueing: key 33 , result : 1
02-15 09:23:48.715 I/HwPhoneWindowManager( 1828): isHardwareKeyboardConnected--begin
02-15 09:23:48.715 I/HwPhoneWindowManager( 1828): isHardwareKeyboardConnected--end
02-15 09:23:48.715 V/InputDispatcher( 1828): Asynchronous input event injection succeeded.
02-15 09:23:48.716 V/InputMethodManager( 7315): dispatchInputEvent
02-15 09:23:48.776 D/HwCustPhoneWindowManager( 1828): answer call by keyCode = 34, down = false, isSupVolumnkeyAnswerCall = false
02-15 09:23:48.777 I/HwPhoneWindowManager( 1828): enter wakeupNoteEditor
02-15 09:23:48.777 E/EasyWakeUpManager( 1828): enter wakeUpDoing !
02-15 09:23:48.777 I/EasyWakeUpManager( 1828): keycode: 34 minKeyCode: 131 maxKeyCode: 142
02-15 09:23:48.777 I/WindowManager( 1828): interceptKeyBeforeQueueing: key 34 , result : 1
02-15 09:23:48.778 D/HwCustPhoneWindowManager( 1828): answer call by keyCode = 37, down = true, isSupVolumnkeyAnswerCall = false
02-15 09:23:48.778 I/HwPhoneWindowManager( 1828): enter wakeupNoteEditor
02-15 09:23:48.778 E/EasyWakeUpManager( 1828): enter wakeUpDoing !
02-15 09:23:48.778 I/EasyWakeUpManager( 1828): keycode: 37 minKeyCode: 131 maxKeyCode: 142
02-15 09:23:48.778 I/WindowManager( 1828): interceptKeyBeforeQueueing: key 37 , result : 1
02-15 09:23:48.778 I/HwPhoneWindowManager( 1828): isHardwareKeyboardConnected--begin
02-15 09:23:48.778 I/HwPhoneWindowManager( 1828): isHardwareKeyboardConnected--end
02-15 09:23:48.778 V/InputDispatcher( 1828): Asynchronous input event injection succeeded.
02-15 09:23:48.778 I/HwPhoneWindowManager( 1828): isHardwareKeyboardConnected--begin
02-15 09:23:48.779 I/HwPhoneWindowManager( 1828): isHardwareKeyboardConnected--end
02-15 09:23:48.779 I/InputDispatcher( 1828): touch process [7315]
02-15 09:23:48.780 V/InputMethodManager( 7315): dispatchInputEvent
02-15 09:23:48.782 V/InputDispatcher( 1828): Asynchronous input event injection succeeded.
02-15 09:23:48.783 V/InputMethodManager( 7315): dispatchInputEvent
02-15 09:23:48.863 D/HwCustPhoneWindowManager( 1828): answer call by keyCode = 33, down = false, isSupVolumnkeyAnswerCall = false
02-15 09:23:48.864 I/HwPhoneWindowManager( 1828): enter wakeupNoteEditor
02-15 09:23:48.864 E/EasyWakeUpManager( 1828): enter wakeUpDoing !
02-15 09:23:48.864 I/EasyWakeUpManager( 1828): keycode: 33 minKeyCode: 131 maxKeyCode: 142
02-15 09:23:48.864 I/WindowManager( 1828): interceptKeyBeforeQueueing: key 33 , result : 1
02-15 09:23:48.864 I/HwPhoneWindowManager( 1828): isHardwareKeyboardConnected--begin
02-15 09:23:48.864 I/HwPhoneWindowManager( 1828): isHardwareKeyboardConnected--end
02-15 09:23:48.865 V/InputDispatcher( 1828): Asynchronous input event injection succeeded.
02-15 09:23:48.865 V/InputMethodManager( 7315): dispatchInputEvent
02-15 09:23:48.867 D/HwCustPhoneWindowManager( 1828): answer call by keyCode = 37, down = false, isSupVolumnkeyAnswerCall = false
02-15 09:23:48.867 I/HwPhoneWindowManager( 1828): enter wakeupNoteEditor
02-15 09:23:48.868 E/EasyWakeUpManager( 1828): enter wakeUpDoing !
02-15 09:23:48.868 I/EasyWakeUpManager( 1828): keycode: 37 minKeyCode: 131 maxKeyCode: 142
02-15 09:23:48.868 I/WindowManager( 1828): interceptKeyBeforeQueueing: key 37 , result : 1
02-15 09:23:48.868 I/HwPhoneWindowManager( 1828): isHardwareKeyboardConnected--begin
