02-15 09:23:44.912 D/MouseWheelSynthesizer(30299): mMoveStepInDp: 64, mMoveStepInPixel: 212, mUpTimeDelayed: 100
02-15 09:23:44.913 D/ViewRootImpl(30299): ViewRootImpl mIsInProductivePCDisplay: false
02-15 09:23:44.913 I/PowerManagerService( 1828): handleSandman: wakefulness: 1,startDreaming: false
02-15 09:23:44.913 I/HwPCUtils#HwRioViewManager( 1828): check if rio enable, displayId = 0锛?packageName = com.android.settings
02-15 09:23:44.913 E/Telephony-accessory( 2964): [HwPhoneAccessoryService]:Failed to get instance of HwPhoneAccessoryService, not init yet.
02-15 09:23:44.914 D/AudioPolicyService(  762): getUidState(10066) cacheIter->second.first, return cacheIter->second.second(7)
02-15 09:23:44.914 I/NetworkPolicy( 1828): updateRuleForRestrictBackgroundUL(10066): isForeground=true, isBlacklisted=false, isWhitelisted=true, isRestrictedByAdmin=false, oldRule=0 (NONE), newRule=1 (ALLOW_METERED|NONE), newUidRules=1 (ALLOW_METERED|NONE), oldUidRules=0 (NONE), mRestrictBackground=false
02-15 09:23:44.915 I/WindowManager( 1828): addWindow: Window{519c1ca u0 com.android.settings/com.android.settings.fuelgauge.RequestIgnoreBatteryOptimizations} client:android.os.BinderProxy@b7f8935 currentDisplayId:0 requestDisplayId:0 token:Token{6333ac3 ActivityRecord{5336ac8 u0 com.android.settings/.fuelgauge.RequestIgnoreBatteryOptimizations t4808}}
02-15 09:23:44.915 D/InputEventReceiver(30299): dispatchInputInterval 1000000
02-15 09:23:44.916 I/HwAudioService( 1828): now type = -1,reportForegroundAppType = 255systemload = -1VOIP_OPTIMIZE_IN_GAMEMODEfalse
02-15 09:23:44.917 I/Hicom_Monitor( 2544): mActivityNotifierEx, className = com.android.settings.fuelgauge.RequestIgnoreBatteryOptimizations, uid = 1000
02-15 09:23:44.917 I/CAWARENESS_AppUsageManager( 6330): onEvent, packageName=com.android.settings, activityName=com.android.settings.fuelgauge.RequestIgnoreBatteryOptimizations
02-15 09:23:44.918 I/HwAudioServiceEx( 1828): ComponentInfo : className = com.android.settings.fuelgauge.RequestIgnoreBatteryOptimizations, flag = onResume, isHomeActivity = , isTop = true
02-15 09:23:44.918 W/HwAudioServiceEx( 1828): SoundEffectState bundle get reserved is invalid
02-15 09:23:44.918 I/HwAudioServiceEx( 1828): sendAppKilledIntentForKit, isKitPackageOnPause = false, isKitPackageKill = false, isKitPackageOnResume = false
02-15 09:23:44.918 I/OPCollectLog( 2791): AppChangeImpl:call onAppChange.
02-15 09:23:44.918 I/OPCollectLog( 2791): HwForegroundAppAction:handleMessage 
02-15 09:23:44.918 D/OPCollectLog( 2791): HwForegroundAppAction:FG executeWithArgs
02-15 09:23:44.918 I/OPCollectLog( 2791): OPCollectUtils:ODMF Api Version:2.16.3
02-15 09:23:44.918 D/AwareLog(  996): iawared: fg_hl_ctl update fgUid=-2 g_isGame=0
02-15 09:23:44.918 I/HiAdKit.DC.LiteAppPageSwitchEvent(16394):  switch is off
02-15 09:23:44.918 I/OPCollectLog( 2791): Action:HwForegroundAppAction executed successfully
02-15 09:23:44.918 D/OPCollectLog( 2791): OdmfCollectScheduler:handleMessage msg: 4
02-15 09:23:44.918 I/OPCollectLog( 2791): OdmfHelper:opcollectCache 1
02-15 09:23:44.918 I/OPCollectLog( 2791): OdmfHelper:opcollectCache curTime: 589565365, interval: 5862
02-15 09:23:44.919 I/OPCollectLog( 2791): OdmfHelper:isCharging: true
02-15 09:23:44.920 I/OPCollectLog( 2791): OdmfHelper:insert database success 
02-15 09:23:44.920 I/OPCollectLog( 2791): OdmfHelper:opcollectCache size: 1
02-15 09:23:44.920 I/OPCollectLog( 2791): OdmfHelper:opcollectCache lastTime: 589565367
02-15 09:23:44.920 I/CAWARENESS_AbilityContext( 6330): [1771122258700] publishing {dataId=100000006, mode=0}
02-15 09:23:44.920 I/CAWARENESS_AbilityContext( 6330): [1771122258700] deliver {dataId=100000006, mode=0} to 5 receivers
02-15 09:23:44.927 D/HiTouch_PressGestureDetector(30299): onAttached, package=com.android.settings, windowType=1, mIsHiTouchRestricted=false
02-15 09:23:44.929 I/WindowManager( 1828): Checking 1 opening apps (frozen=false timeout=false)...
02-15 09:23:44.929 I/WindowManager( 1828): Check opening app=AppWindowToken{5899f40 token=Token{6333ac3 ActivityRecord{5336ac8 u0 com.android.settings/.fuelgauge.RequestIgnoreBatteryOptimizations t4808}}}: allDrawn=false startingDisplayed=false startingMoved=false isRelaunching()=false startingWindow=null
02-15 09:23:44.930 D/        (  766): DoWinFrameOptStatusRecog begin to recog Layer result=2
02-15 09:23:44.931 I/WindowManager( 1828): Changing focus from null to Window{519c1ca u0 com.android.settings/com.android.settings.fuelgauge.RequestIgnoreBatteryOptimizations} displayId=0 Callers=com.android.server.wm.RootWindowContainer.updateFocusedWindowLocked:212 com.android.server.wm.WindowManagerService.updateFocusedWindowLocked:6509 com.android.server.wm.WindowManagerService.relayoutWindow:2805 com.android.server.wm.Session.relayout:197 
02-15 09:23:44.931 I/HwSwingMotionGestureHub( 1828): current app:com.android.settings,appType:255
02-15 09:23:44.931 I/HwDisplayContentEx( 1828): currentFocus windowstate not null
02-15 09:23:44.931 D/ZrHung.AppEyeFocusWindow( 1828): FocusWindowErrorScene cancelCheckFreezeScreen
02-15 09:23:44.931 I/HwDisplayContentEx( 1828): trans currentFocus windowstate not null
02-15 09:23:44.931 D/ZrHung.AppEyeTransparentWindow( 1828): TransparentWindow mHungConfigStatus = 0,mHungConfigEnable = 1
02-15 09:23:44.931 D/StatusBarManagerService( 1828): win:Window{519c1ca u0 com.android.settings/com.android.settings.fuelgauge.RequestIgnoreBatteryOptimizations}mIsColorEnable:truelight:false
02-15 09:23:44.932 I/StatusBarDisable( 1828): setFlags what=0 which=1 pkg=Window{519c1ca u0 com.android.settings/com.android.settings.fuelgauge.RequestIgnoreBatteryOptimizations}
02-15 09:23:44.932 D/HwCommandQueue( 2541): CommandQueue, set Launcher StatusBar Color
02-15 09:23:44.933 D/mali_winsys(30299): EGLint new_window_surface(egl_winsys_display *, void *, EGLSurface, EGLConfig, egl_winsys_surface **, EGLBoolean) returns 0x3000
02-15 09:23:44.939 D/DecorView(30299): showOrHideHighlightView: hasFocus=true; winMode=1; isMrgNull=true
02-15 09:23:44.940 I/WindowManager( 1828): Checking 1 opening apps (frozen=false timeout=false)...
02-15 09:23:44.940 I/WindowManager( 1828): Check opening app=AppWindowToken{5899f40 token=Token{6333ac3 ActivityRecord{5336ac8 u0 com.android.settings/.fuelgauge.RequestIgnoreBatteryOptimizations t4808}}}: allDrawn=true startingDisplayed=false startingMoved=false isRelaunching()=false startingWindow=null
02-15 09:23:44.940 I/WindowManager( 1828): Checking 0 opening apps (frozen=false timeout=false)...
02-15 09:23:44.940 I/WindowManager( 1828): send SET_LAUNCHER_VISIBLE_IN_FINGER_BOOST visible: true,delay:0, handle:true, userId:0, callingPid: 1828
02-15 09:23:44.940 D/WindowManager( 1828): setActivityVisibleInFingerBoostInner fit:true record:ActivityRecord{91fdc3 u0 com.huawei.android.launcher/.unihome.UniHomeLauncher t4515} isInWallpaperEffect:false, callingPid: 1828
02-15 09:23:44.940 I/HwWindowManagerServiceEx( 1828): closing apps count = 0
02-15 09:23:44.941 D/HwAppTransitionImpl( 1828): windowAnimations = 2060168 dose not come from system, not to override it.
02-15 09:23:44.941 D/HwWindowManagerServiceEx( 1828): is app exit to launcher info: transit = 24, app = AppWindowToken{5899f40 token=Token{6333ac3 ActivityRecord{5336ac8 u0 com.android.settings/.fuelgauge.RequestIgnoreBatteryOptimizations t4808}}}, window = Window{519c1ca u0 com.android.settings/com.android.settings.fuelgauge.RequestIgnoreBatteryOptimizations}, mClosingApps = {}, topOpeningApp = AppWindowToken{5899f40 token=Token{6333ac3 ActivityRecord{5336ac8 u0 com.android.settings/.fuelgauge.RequestIgnoreBatteryOptimizations t4808}}}, mExitIconBitmap = null, mExitIconHeight = -1, mExitIconWidth = -1
02-15 09:23:44.941 E/WindowManager( 1828): icon is null!!
02-15 09:23:44.941 V/WindowManager( 1828): commitVisibility: AppWindowToken{5899f40 token=Token{6333ac3 ActivityRecord{5336ac8 u0 com.android.settings/.fuelgauge.RequestIgnoreBatteryOptimizations t4808}}}: hidden=false hiddenRequested=false
02-15 09:23:44.941 I/WindowManager( 1828): Animation done in AppWindowToken{5899f40 token=Token{6333ac3 ActivityRecord{5336ac8 u0 com.android.settings/.fuelgauge.RequestIgnoreBatteryOptimizations t4808}}} isHidden:false hiddenRequested:false
02-15 09:23:44.942 I/WindowManager( 1828): dispatchResized : win = Window{519c1ca u0 com.android.settings/com.android.settings.fuelgauge.RequestIgnoreBatteryOptimizations} drawState = HAS_DRAWN
02-15 09:23:44.947 V/ActivityTaskManager( 1828): Activity idle: Token{6333ac3 ActivityRecord{5336ac8 u0 com.android.settings/.fuelgauge.RequestIgnoreBatteryOptimizations t4808}}
02-15 09:23:44.947 I/PowerManagerService( 1828): handleSandman: wakefulness: 1,startDreaming: false
02-15 09:23:44.948 W/system_server( 1828): /system/priv-app/Settings/Settings.apk has in excess of 100 dex files. Please consider coalescing and shrinking the number to  avoid runtime overhead.
02-15 09:23:44.950 I/WindowManager( 1828): handle SET_LAUNCHER_VISIBLE_IN_FINGER_BOOST visible:true handle:trueuserId:0, currentUserId:0
02-15 09:23:44.950 D/WindowManager( 1828): setLauncherVisibleInFingerBoost record=ActivityRecord{91fdc3 u0 com.huawei.android.launcher/.unihome.UniHomeLauncher t4515}
02-15 09:23:44.950 I/WindowManager( 1828): setLauncherVisible setAlpha to 1.0
02-15 09:23:44.951 D/WindowManager( 1828): setLauncherVisible wallpaperScale=false
02-15 09:23:44.951 D/WindowManager( 1828): WS setWallpaperScale return, wallpaper no need to recover
02-15 09:23:44.953 I/ActivityTaskManager( 1828): Displayed com.android.settings/.fuelgauge.RequestIgnoreBatteryOptimizations: +158ms
02-15 09:23:44.990 I/HwLauncher(11858): LocalTaskList loadTasksInBackground:3 numTasks:3 currentUserId:0
02-15 09:23:45.003 I/ScenarioService( 2542): refresh visibleApp:[com.android.settings, com.example.teacher_hub]
02-15 09:23:45.003 I/PGServer( 2542): report state:14 event type:1 pid:-1 uid:-1 pkg:com.android.settings#com.example.teacher_hub to pid: 2542
02-15 09:23:45.003 I/ApsAppsTypeHandler( 2542): APS: APK: ApsAppsTypeHandler.getInstance, sInstance = com.huawei.android.hwaps.o@54c9f84
02-15 09:23:45.003 I/PF_API_JNI( 2542): ACCKIT_APS_NotifyInfo 3: com.android.settings#com.example.teacher_hub
02-15 09:23:45.003 D/ACCKIT_ (  763): pack:"com.android.settings"
02-15 09:23:45.003 D/ACCKIT_ (  763): pack:"com.example.teacher_hub"
02-15 09:23:45.052 I/WificondControl( 1828): Noise: -100, Snr: 19, Chload: 12, rssi: -51, txBitrate: 720, rxBitrate: 1080, frequency: 5320, UlDelay: 0, currentTxBytes: 225754219, currentTxPackets: 860128, currentTxFailed: 0, currentRxBytes: 686861812, currentRxPackets: 850854
02-15 09:23:45.052 V/HwWifiServiceFactory( 1828): get AllImpl object = com.android.server.wifi.HwWifiServiceFactoryImpl@da21258
02-15 09:23:45.067 D/LteRecoveryEngine( 2544): UnRecoverState processMessage UPDATE_PS_SLOW_VALUE
02-15 09:23:45.103 W/Process ( 1828): Unable to open /proc/-1/status
02-15 09:23:45.103 D/HwActivityManagerServiceEx( 1828): notifyAppToTop pid:7315, enable:0
02-15 09:23:45.104 I/RmeSchedManager( 7315): init Rme, version is: v1.0
02-15 09:23:45.142 I/netd    (  697): trafficSwapActiveStatsMap() <0.37ms>
02-15 09:23:45.145 I/netd    (  697): trafficSwapActiveStatsMap() <0.08ms>
02-15 09:23:45.178 E/Booster_Qoe( 2544): PreprocessModemData, IsCellularCtx false
02-15 09:23:45.178 I/Booster_Qoe( 2544): AdaBoostPredict rlt,index:7,NisPsSlow:0,NProba:279,rsrp(rssi):-51,rsrq(noise):-100,rtt(chload):12,buffhigh(uldelay):0,buffcomm(rtt):125
02-15 09:23:45.178 E/Booster_Qoe( 2544): PreprocessModemData, IsCellularCtx false
02-15 09:23:45.178 I/Booster_Qoe( 2544): AdaBoostPredict rlt,index:2,NisPsSlow:0,NProba:279,rsrp(rssi):-51,rsrq(noise):-100,rtt(chload):12,buffhigh(uldelay):0,buffcomm(rtt):98
02-15 09:23:45.178 I/Collector( 2544): HandleRawWifiInfo: flag:0, netId:0!
02-15 09:23:45.178 I/NetworkQoeProxy( 2544): calcChannelNoRx dnsData is not present
02-15 09:23:45.178 E/BoosterUtil( 2544): convertSubIdToSlotId failed, subId:5, slotId:-1
02-15 09:23:45.178 E/BoosterUtil( 2544): getDefaultDataSlotId failed, invalid slotId:-1, subId:5
02-15 09:23:45.178 E/NrSmartCure( 2544): onNetworkQoeUpdate failed, invalid defaultDataSlotId=-1
02-15 09:23:45.179 E/FourNetCombinationChr( 2544): getNetworkQoeInfo failed, qoeTcpDataOpt is null
02-15 09:23:45.179 I/Hicom_Monitor( 2544): handleNetworkQoeReport. foregroundAppTcpRtt: 125, maxRatioChannelId: 2
02-15 09:23:45.179 I/Hicom_Monitor( 2544): handleNetworkQoeReport. qoeString: 10359,4,0,279,1,2,4,0,279,720600,1080900,10,10,0,57,102,0
02-15 09:23:45.179 I/WiFi_PRO_WifiProStateMachine( 1828): APP_SERVICE_QOE_NOTIFY Qoe info 10359,4,0,279,1,2,4,0,279,720600,1080900,10,10,0,57,102,0 CID 2 mMasterWifiRssi -51 mMasterCardAmbr 1048576 mSlaveCardAmbr 1048576
02-15 09:23:45.179 I/HwWifiProServiceProxy( 1828): ctrlHwWifiNetwork pkgName: WIFIPRO_SERVICE interfaceId: 9
02-15 09:23:45.179 I/WiFi_PRO_WifiProStateMachine( 1828): isWifi2WifiProcess = false, mIsNeedIgnoreQoeUpdate = false, mIsAppInBlacklist = false, mIsAppInBlacklistFullScreen = false, mIsWiFiNoInternet false, screen on = true, full screen = false, isLandscapeMode = false, mNotifyWifiLinkPoorReason = -1
02-15 09:23:45.179 I/WiFi_PRO_WifiProStateMachine( 1828): mChannelQoeBadCnt = 0, mAppQoeBadCnt = 0, mNetworkSlowReason = 0, mNetworkSlowChannelBadCnt = 0
02-15 09:23:45.179 E/WiFi_PROHumanFactorRecommend( 1828): isRichTrafficUser, invalid slotId=-1
02-15 09:23:45.179 E/WiFi_PROHumanFactorRecommend( 1828): isEconomicTrafficUser, invalid slotId=-1
02-15 09:23:45.482 V/InputDispatcher( 1828): Asynchronous input event injection succeeded.
02-15 09:23:45.483 I/InputDispatcher( 1828): stylus touch down, set lcd event 1
02-15 09:23:45.483 I/chatty  ( 1828): uid=1000(system) InputDispatcher identical 1 line
02-15 09:23:45.483 I/InputDispatcher( 1828): stylus touch down, set lcd event 1
02-15 09:23:45.483 W/Settings(30299): Setting device_provisioned has moved from android.provider.Settings.Secure to android.provider.Settings.Global.
02-15 09:23:45.483 V/HiTouch_HiTouchSensor(30299): User setup is finished.
02-15 09:23:45.483 I/HWRME LIBHWRME_CLIENT( 1828): ResMngMmEvent interface arg 1, 1000
02-15 09:23:45.484 I/NavigationBarPolicy( 1828): pointY:1522.0realSize.y:2640HIT_REGION_TO_MAX:37
02-15 09:23:45.484 D/BehaviorCollectorService( 1828): sensor is registeringg
02-15 09:23:45.484 I/PowerManagerService( 1828): handleSandman: wakefulness: 1,startDreaming: false
02-15 09:23:45.504 I/AGPService(  975): aps-info: focus pkgName - com.android.settings, with 1 more apps
02-15 09:23:45.504 I/AGPService(  975): aps-info: visible pkgName 0 - com.example.teacher_hub
02-15 09:23:45.504 E/AGPService(  975): FrameRateManager: iaware strange app type: -1
02-15 09:23:45.504 E/AGPService(  975): FrameRateManager: iaware strange app type: -1
02-15 09:23:45.504 I/AGPService(  975): FrameRateManager: aps-info: new pkgName - com.android.settings, type - 255
02-15 09:23:45.504 I/AGPService(  975): LcdFpsMonitor: send lcd freq 60 to sched v0
02-15 09:23:45.504 I/Sched hal(  750): SlideResMng receive currentFps = 60
02-15 09:23:45.504 I/AGPService(  975): GpuPolicyManager: m_currentPkgName - com.android.settings
02-15 09:23:45.504 I/        (  750): [SlidResMng]: currentFps == m_lastFpsAGP!
02-15 09:23:45.505 D/HW_DISPLAY_TEST(  747): display_get_fps: Get FPS successful
02-15 09:23:45.505 D/HW_DISPLAY_TEST(  747): display_get_fps: open file /sys/class/graphics/fb0/lcd_fps_scence:0:current_fps:60;default_fps:60;support_fps_list:60,90
02-15 09:23:45.505 D/HW_DISPLAY_TEST(  747):  success
02-15 09:23:45.506 I/AGPService(  975): FrameRefreshThread: set refreshrate - 90
02-15 09:23:45.507 I/AGPService(  975): FrameRateManager: set active config - id = 0
02-15 09:23:45.508 D/HW_DISPLAY_TEST(  747): display_set_fps: display_set_fps:4
02-15 09:23:45.508 D/HW_DISPLAY_TEST(  747): display_get_fps: Get FPS successful
02-15 09:23:45.508 D/HW_DISPLAY_TEST(  747): display_get_fps: open file /sys/class/graphics/fb0/lcd_fps_scence:0:current_fps:60;default_fps:60;support_fps_list:60,90
02-15 09:23:45.508 D/HW_DISPLAY_TEST(  747):  success
02-15 09:23:45.519 I/hwcomposer(  733): SetPrimaryPanelDfrInfo:3331: SetPrimaryPanelFps 90Hz
02-15 09:23:45.519 I/hwcomposer(  733): UpdateFps:586: UpdateFps=90, mPorchRatio=40!
02-15 09:23:45.523 I/HwNormalizedRampAnimator( 1828): onEvent, frameRate=90
02-15 09:23:45.524 D/HW_DISPLAY_TEST(  747): display_get_fps: Get FPS successful
02-15 09:23:45.524 D/HW_DISPLAY_TEST(  747): display_get_fps: open file /sys/class/graphics/fb0/lcd_fps_scence:0:current_fps:60;default_fps:60;support_fps_list:60,90
02-15 09:23:45.524 D/HW_DISPLAY_TEST(  747):  success
02-15 09:23:45.536 D/DisplayCutout( 1828): pathAndDisplayCutoutFromSpec sCachedDensity=3.3125,sCachedDisplayWidth=1200,sCachedDisplayHeight=2640,density=3.3125 displayWidth 1200 displayHeight 2640
02-15 09:23:45.536 V/LocalDisplayAdapter( 1828): getDisplayDeviceInfoLocked called,1200x2640, 1200x2640displayCutout DisplayCutout{insets=Rect(0, 141 - 0, 0) waterfall=Insets{left=0, top=0, right=0, bottom=0} boundingRect={Bounds=[Rect(0, 0 - 0, 0), Rect(0, 0 - 392, 141), Rect(0, 0 - 0, 0), Rect(0, 0 - 0, 0)]}}
02-15 09:23:45.537 I/DisplayManagerService( 1828): Display device changed: DisplayDeviceInfo{"鍐呯疆灞忓箷": uniqueId="****", 1200 x 2640, modeId 1, defaultModeId 2, supportedModes [{id=1, width=1200, height=2640, fps=90.0}, {id=2, width=1200, height=2640, fps=60.000004}], colorMode 0, supportedColorModes [0, 7], HdrCapabilities android.view.Display$HdrCapabilities@6cb03a39, density 530, 441.739 x 441.157 dpi, appVsyncOff 2000000, presDeadline 12011111, cutout DisplayCutout{insets=Rect(0, 141 - 0, 0) waterfall=Insets{left=0, top=0, right=0, bottom=0} boundingRect={Bounds=[Rect(0, 0 - 0, 0), Rect(0, 0 - 392, 141), Rect(0, 0 - 0, 0), Rect(0, 0 - 0, 0)]}}, touch INTERNAL, rotation 0, type BUILT_IN, address ****, state ON, FLAG_DEFAULT_DISPLAY, FLAG_ROTATES_WITH_CONTENT, FLAG_SECURE, FLAG_SUPPORTS_PROTECTED_BUFFERS}
02-15 09:23:45.537 I/HwMediaSessionServiceEx( 1828): MediaDisplayEventReceiver onDisplayChanged: 0
02-15 09:23:45.537 I/NetworkTimeUpdateService( 1828): Display displayState:2
02-15 09:23:45.539 I/HwMultiDisplayManager( 1828): onDisplayChanged: 0
02-15 09:23:45.540 V/scrcpy  (30549): DisplaySizeMonitor: onDisplayChanged(0)
02-15 09:23:45.540 D/HW_DISPLAY_TEST(  747): display_get_fps: Get FPS successful
02-15 09:23:45.541 D/HW_DISPLAY_TEST(  747): display_get_fps: open file /sys/class/graphics/fb0/lcd_fps_scence:0:current_fps:60;default_fps:60;support_fps_list:60,90
02-15 09:23:45.541 D/HW_DISPLAY_TEST(  747):  success
02-15 09:23:45.541 V/scrcpy  (30549): DisplaySizeMonitor: Size not changed (1200x2640): do not requestReset()
02-15 09:23:45.542 I/NetworkTimeUpdateService( 1828): skew is :371136mBasePollingIntervalMs start is :7200000
02-15 09:23:45.542 I/NetworkTimeUpdateService( 1828): mBasePollingIntervalMs process is :7200000
02-15 09:23:45.542 I/AlarmManager( 1828): remove alarm:Alarm{b2629a5 type 3 when 596765353 PendingIntent{1690e75: PendingIntentRecord{fa0fe0a android broadcastIntent}}android procName system} according to operation:1690e75
02-15 09:23:45.542 I/PowerManagerService( 1828): handleSandman: wakefulness: 1,startDreaming: false
02-15 09:23:45.542 I/PowerManagerService( 1828): handleSandman: wakefulness: 1,startDreaming: false
02-15 09:23:45.543 I/HwActivityStackSupervisorEx( 1828): handleVrDisplayChanged displayId = 0
02-15 09:23:45.543 W/HwActivityStackSupervisorEx( 1828): handleVrDisplayChanged other vr mode displayId: 0
02-15 09:23:45.543 I/HwPCUtils#HwPCManagerService( 1828): onDisplayChanged, displayId:0
02-15 09:23:45.544 D/LogicalDisplay( 1828): configureDisplayLocked mTempLayerStackRect=Rect(0, 0 - 1200, 2640) mTempDisplayRect=Rect(0, 0 - 1200, 2640) orientation = 0
02-15 09:23:45.544 I/DisplayDevice( 1828): setProjectionLocked displayId 0 orientation(0->0) LayerStackRect(Rect(0, 0 - 1200, 2640)->Rect(0, 0 - 1200, 2640)) DisplayRect(Rect(0, 0 - 1200, 2640)->Rect(0, 0 - 1200, 2640))
02-15 09:23:45.544 I/DisplayDevice( 1828): isNeedRefreshOrientaion orientation 0
02-15 09:23:45.544 I/PowerManagerService( 1828): handleSandman: wakefulness: 1,startDreaming: false
02-15 09:23:45.545 I/HwLauncher(11858): GestureExt initTouchBounds region=Rect(0, 2567 - 1200, 2640) mIsLand=false
02-15 09:23:45.546 E/Telephony-accessory( 2964): [HwPhoneAccessoryService]:Failed to get instance of HwPhoneAccessoryService, not init yet.
02-15 09:23:45.557 D/HW_DISPLAY_TEST(  747): display_get_fps: Get FPS successful
02-15 09:23:45.557 D/HW_DISPLAY_TEST(  747): display_get_fps: open file /sys/class/graphics/fb0/lcd_fps_scence:0:current_fps:90;default_fps:60;support_fps_list:60,90
02-15 09:23:45.557 D/HW_DISPLAY_TEST(  747):  success
02-15 09:23:45.557 I/AGPService(  975): FrameRefreshThread: set refreshrate finished, tryRefreshCount = 3, lcdFps = 90
02-15 09:23:45.558 I/AGPService(  975): LcdFpsMonitor: send lcd freq 90 to sched v0
02-15 09:23:45.558 I/Sched hal(  750): SlideResMng receive currentFps = 90
02-15 09:23:45.558 I/        (  750): [SlidResMng]: lastFpsAGP is 60: current is 90
02-15 09:23:45.558 I/        (  750): [SlidResMng]: Ioctl SetPara!
02-15 09:23:45.562 V/InputDispatcher( 1828): Asynchronous input event injection succeeded.
02-15 09:23:45.563 I/InputDispatcher( 1828): stylus touch up, set lcd event 0
02-15 09:23:45.563 I/chatty  ( 1828): uid=1000(system) InputDispatcher identical 1 line
02-15 09:23:45.563 I/InputDispatcher( 1828): stylus touch up, set lcd event 0
02-15 09:23:45.563 V/AudioManager(30299): querySoundEffectsEnabled...
02-15 09:23:45.563 I/BehaviorCollectorService( 1828): because cache collected fully, so unregister listeners
02-15 09:23:45.563 I/BehaviorCollectorService( 1828): unregister the point listener successfully
02-15 09:23:45.567 I/ApplistMgr( 2542): Standby database changed!
02-15 09:23:45.569 I/PackageManager( 1828): getInstalledApplications cost 1 ms, flags: 4981248, userId: 0, callingUid: 1000, callingPid: 1828
02-15 09:23:45.570 I/ApplistMgr( 2542): Standby database changed!
02-15 09:23:45.547 I/chatty  ( 1828): uid=1000(system) PowerManagerSer identical 1 line
02-15 09:23:45.571 I/PowerManagerService( 1828): handleSandman: wakefulness: 1,startDreaming: false
02-15 09:23:45.572 D/LogicalDisplay( 1828): configureDisplayLocked mTempLayerStackRect=Rect(0, 0 - 1200, 2640) mTempDisplayRect=Rect(0, 0 - 1200, 2640) orientation = 0
02-15 09:23:45.572 I/DisplayDevice( 1828): setProjectionLocked displayId 0 orientation(0->0) LayerStackRect(Rect(0, 0 - 1200, 2640)->Rect(0, 0 - 1200, 2640)) DisplayRect(Rect(0, 0 - 1200, 2640)->Rect(0, 0 - 1200, 2640))
02-15 09:23:45.572 I/DisplayDevice( 1828): isNeedRefreshOrientaion orientation 0
02-15 09:23:45.574 I/HwMediaSessionServiceEx( 1828): MediaDisplayEventReceiver onDisplayChanged: 0
02-15 09:23:45.574 I/NetworkTimeUpdateService( 1828): Display displayState:2
02-15 09:23:45.574 I/HwActivityStackSupervisorEx( 1828): handleVrDisplayChanged displayId = 0
02-15 09:23:45.574 W/HwActivityStackSupervisorEx( 1828): handleVrDisplayChanged other vr mode displayId: 0
02-15 09:23:45.575 I/HwPCUtils#HwPCManagerService( 1828): onDisplayChanged, displayId:0
02-15 09:23:45.575 I/HwMultiDisplayManager( 1828): onDisplayChanged: 0
02-15 09:23:45.575 I/PowerManagerService( 1828): handleSandman: wakefulness: 1,startDreaming: false
02-15 09:23:45.575 I/NetworkTimeUpdateService( 1828): skew is :371136mBasePollingIntervalMs start is :7200000
02-15 09:23:45.575 I/NetworkTimeUpdateService( 1828): mBasePollingIntervalMs process is :7200000
02-15 09:23:45.576 I/AlarmManager( 1828): remove alarm:Alarm{ffa6d2b type 3 when 596765990 PendingIntent{1690e75: PendingIntentRecord{fa0fe0a android broadcastIntent}}android procName system} according to operation:1690e75
02-15 09:23:45.579 I/PowerManagerService( 1828): handleSandman: wakefulness: 1,startDreaming: false
02-15 09:23:45.579 W/HwActivityTaskManagerServiceEx( 1828): appSwitch from: com.android.settings to: com.example.teacher_hub
02-15 09:23:45.579 I/WiFi_PRO_WifiProStateMachine( 1828): current app com.example.teacher_hub, has changed
02-15 09:23:45.579 I/WindowManager( 1828): Changing focus from Window{519c1ca u0 com.android.settings/com.android.settings.fuelgauge.RequestIgnoreBatteryOptimizations} to Window{df76a75 u0 com.example.teacher_hub/com.example.teacher_hub.MainActivity} displayId=0 Callers=com.android.server.wm.RootWindowContainer.updateFocusedWindowLocked:212 com.android.server.wm.WindowManagerService.updateFocusedWindowLocked:6509 com.android.server.wm.ActivityDisplay.setFocusedApp:1606 com.android.server.wm.ActivityTaskManagerService.setResumedActivityUncheckLocked:6607 
02-15 09:23:45.579 I/WiFi_PRO_WifiProStateMachine( 1828): not in RecommendWifi2CellState.
02-15 09:23:45.580 I/HwSwingMotionGestureHub( 1828): current app:com.example.teacher_hub,appType:-1
02-15 09:23:45.580 I/ScenarioService( 2542): app focus change from: com.android.settings to:com.example.teacher_hub
02-15 09:23:45.580 I/Hicom_Monitor( 2544): mAppSwitchNotifierEx. uid: 10359, foreground app: com.example.teacher_hub, foreground activity: com.example.teacher_hub.MainActivity
02-15 09:23:45.580 V/HwPhoneWindowManager( 1828): updateSystemUiColorLw window=Window{df76a75 u0 com.example.teacher_hub/com.example.teacher_hub.MainActivity},EmuiStyle=0,StatusBarColor=0x0,NavigationBarColor=0xff000000, mForceNotchStatusBar=false
02-15 09:23:45.580 I/AssistantService-11.2.1.200( 2544): registerHwActivityNotifier call fromPackage:com.android.settings, toPackage:com.example.teacher_hub
02-15 09:23:45.580 D/HwGameAssistantController( 1828): UPDATE: mCurFgPkg=com.example.teacher_hub, mCurFgPid=7315, mIsCurGame=false
02-15 09:23:45.580 I/HwDisplayContentEx( 1828): currentFocus windowstate not null
02-15 09:23:45.580 D/AssistantService-11.2.1.200( 2544): handleMessage app switch fromPackage:com.android.settings, toPackage:com.example.teacher_hub
02-15 09:23:45.580 D/ZrHung.AppEyeTransparentWindow( 1828): TransparentWindow cancelCheckFreezeScreen
02-15 09:23:45.580 I/HwDisplayContentEx( 1828): trans currentFocus windowstate not null
02-15 09:23:45.580 D/ZrHung.AppEyeTransparentWindow( 1828): TransparentWindow mHungConfigStatus = 0,mHungConfigEnable = 1
02-15 09:23:45.580 D/HwPhoneWindowManager( 1828): Transact:setSystemUIColor to status bar service
02-15 09:23:45.580 I/HwCommandQueue( 2541): updateBarBgColor
02-15 09:23:45.580 D/HwCommandQueue( 2541): CommandQueue, setBarBackgroundColor
02-15 09:23:45.580 I/HwWindowManagerServiceEx( 1828): setLandAnimationInfo : false
02-15 09:23:45.580 I/PowerManagerService( 1828): handleSandman: wakefulness: 1,startDreaming: false
02-15 09:23:45.580 D/BufferQueueLayer(  766): [com.android.settings/com.android.settings.fuelgauge.RequestIgnoreBatteryOptimizations#0]: isDue = 0, !isPlausible = 0, Timestamp = 584190495750626, expectedPresent = 584190493752699
02-15 09:23:45.581 D/StatusBarManagerService( 1828): win:Window{df76a75 u0 com.example.teacher_hub/com.example.teacher_hub.MainActivity}mIsColorEnable:truelight:false
02-15 09:23:45.581 I/StatusBarDisable( 1828): setFlags what=0 which=1 pkg=Window{df76a75 u0 com.example.teacher_hub/com.example.teacher_hub.MainActivity}
02-15 09:23:45.581 V/WindowManager( 1828): notifyAppResumed: wasStopped=false AppWindowToken{4373e60 token=Token{fe56263 ActivityRecord{a3b80c7 u0 com.example.teacher_hub/.MainActivity t4808}}}
02-15 09:23:45.581 W/Hicom_XEngineProc( 2544): handleForegroundAppChanged. Feature is not enable.
02-15 09:23:45.581 D/HwCommandQueue( 2541): CommandQueue, set Launcher StatusBar Color
02-15 09:23:45.582 I/HiAdKit.DC.PersistentMessageCenter(16394):  notifyMessage com.huawei.hwid_app_switch_from_to_intent
02-15 09:23:45.582 I/HiAdKit.DC.ThirPromotionReceiver(16394):  com.android.settings in black list
02-15 09:23:45.582 D/HwActivityManagerServiceEx( 1828): notifyAppToTop pid:7315, enable:1
02-15 09:23:45.583 D/ScenarioService( 2542): front pkg : com.example.teacher_hub launcher: false
02-15 09:23:45.583 I/ScenarioService( 2542): old above launcher pkgs: [com.example.teacher_hub, com.android.settings] new front:com.example.teacher_hub
02-15 09:23:45.583 D/ScenarioService( 2542): new above launcher front pkgs: [com.example.teacher_hub]
02-15 09:23:45.583 I/AppsUsage( 2542): scnOff:false FgAPP:com.example.teacher_hub BgAPP:com.android.settings
02-15 09:23:45.583 I/WindowManager( 1828): Checking 1 opening apps (frozen=false timeout=false)...
02-15 09:23:45.583 I/WindowManager( 1828): Check opening app=AppWindowToken{4373e60 token=Token{fe56263 ActivityRecord{a3b80c7 u0 com.example.teacher_hub/.MainActivity t4808}}}: allDrawn=true startingDisplayed=false startingMoved=false isRelaunching()=false startingWindow=null
02-15 09:23:45.583 I/WindowManager( 1828): Checking 0 opening apps (frozen=false timeout=false)...
02-15 09:23:45.584 I/WindowManager( 1828): send SET_LAUNCHER_VISIBLE_IN_FINGER_BOOST visible: true,delay:0, handle:true, userId:0, callingPid: 1828
02-15 09:23:45.584 D/WindowManager( 1828): setActivityVisibleInFingerBoostInner fit:true record:ActivityRecord{91fdc3 u0 com.huawei.android.launcher/.unihome.UniHomeLauncher t4515} isInWallpaperEffect:false, callingPid: 1828
02-15 09:23:45.584 I/PG_ash  ( 2542): front pkg : com.example.teacher_hub
02-15 09:23:45.584 I/HwWindowManagerServiceEx( 1828): closing apps count = 1
02-15 09:23:45.584 I/PGServer( 2542): report state:10000 event type:2 pid:0 uid:0 pkg:com.android.settings to pid: 2542
02-15 09:23:45.584 I/SceneReceiver( 2542): state type: 10000 eventType:2 pid:0 uid:0 pkg:com.android.settings
02-15 09:23:45.584 D/HwWindowManagerServiceEx( 1828): is app exit to launcher info: transit = 25, app = AppWindowToken{5899f40 token=Token{6333ac3 ActivityRecord{5336ac8 u0 com.android.settings/.fuelgauge.RequestIgnoreBatteryOptimizations t4808}}}, window = Window{519c1ca u0 com.android.settings/com.android.settings.fuelgauge.RequestIgnoreBatteryOptimizations}, mClosingApps = {AppWindowToken{5899f40 token=Token{6333ac3 ActivityRecord{5336ac8 u0 com.android.settings/.fuelgauge.RequestIgnoreBatteryOptimizations t4808}}}}, topOpeningApp = AppWindowToken{4373e60 token=Token{fe56263 ActivityRecord{a3b80c7 u0 com.example.teacher_hub/.MainActivity t4808}}}, mExitIconBitmap = null, mExitIconHeight = -1, mExitIconWidth = -1
02-15 09:23:45.584 I/PGServer( 2542): report state:10000 event type:2 pid:0 uid:0 pkg:com.android.settings to pid: 1828
02-15 09:23:45.584 E/WindowManager( 1828): icon is null!!
02-15 09:23:45.584 I/PGServer( 2542): report state:10000 event type:1 pid:0 uid:0 pkg:com.example.teacher_hub to pid: 2542
02-15 09:23:45.584 I/ApsAppsTypeHandler( 2542): APS: APK: ApsAppsTypeHandler.getInstance, sInstance = com.huawei.android.hwaps.o@54c9f84
02-15 09:23:45.584 D/HwAppTransitionImpl( 1828): windowAnimations = 2060168 dose not come from system, not to override it.
02-15 09:23:45.584 D/ActivityThread( 7315): Won't deliver top position change in state=4
02-15 09:23:45.584 I/SceneReceiver( 2542): state type: 10000 eventType:1 pid:0 uid:0 pkg:com.example.teacher_hub
02-15 09:23:45.585 I/PGServer( 2542): report state:10000 event type:1 pid:0 uid:0 pkg:com.example.teacher_hub to pid: 1828
02-15 09:23:45.585 V/WindowManager( 1828): commitVisibility: AppWindowToken{5899f40 token=Token{6333ac3 ActivityRecord{5336ac8 u0 com.android.settings/.fuelgauge.RequestIgnoreBatteryOptimizations t4808}}}: hidden=true hiddenRequested=true
02-15 09:23:45.585 I/WindowManager( 1828): Animation done in AppWindowToken{5899f40 token=Token{6333ac3 ActivityRecord{5336ac8 u0 com.android.settings/.fuelgauge.RequestIgnoreBatteryOptimizations t4808}}} isHidden:true hiddenRequested:true
02-15 09:23:45.585 I/PGServer( 2542): checkPkgType. calling pkg: android
02-15 09:23:45.585 I/aptouch_daemon(  784): get_cmd, power_time
02-15 09:23:45.585 I/aptouch_daemon(  784): excute_cmd_end, cmd: power_time.
02-15 09:23:45.585 I/WindowManager( 1828): Animation done in AppWindowToken{4373e60 token=Token{fe56263 ActivityRecord{a3b80c7 u0 com.example.teacher_hub/.MainActivity t4808}}} isHidden:false hiddenRequested:false
02-15 09:23:45.585 I/DE J DES( 1828): [effect] Pg pkg:com.example.teacher_hub
02-15 09:23:45.585 I/aptouch_daemon, [aptouch_interface_client](  749): ret = ap:core:active:3639379+idle:504084854#side:active:0+idle:0#
02-15 09:23:45.586 V/scrcpy  (30549): DisplaySizeMonitor: onDisplayChanged(0)
02-15 09:23:45.587 V/scrcpy  (30549): DisplaySizeMonitor: Size not changed (1200x2640): do not requestReset()
02-15 09:23:45.587 I/PGServer( 2542): getTopFrontApp. calling pkg: android
02-15 09:23:45.588 D/ZrHung.AppEyeUiProbe( 7315): restart watching
02-15 09:23:45.589 I/HiAdKit.DC.LiteAppPageSwitchEvent(16394):  switch is off
02-15 09:23:45.590 I/HwAudioServiceEx( 1828): ComponentInfo : className = com.android.settings.fuelgauge.RequestIgnoreBatteryOptimizations, flag = onPause, isHomeActivity = , isTop = false
02-15 09:23:45.590 W/HwAudioServiceEx( 1828): SoundEffectState bundle get reserved is invalid
02-15 09:23:45.590 I/RmeSchedManager( 7315): init Rme, version is: v1.0
02-15 09:23:45.590 I/HwAudioServiceEx( 1828): sendAppKilledIntentForKit, isKitPackageOnPause = false, isKitPackageKill = false, isKitPackageOnResume = false
02-15 09:23:45.590 E/Telephony-accessory( 2964): [HwPhoneAccessoryService]:Failed to get instance of HwPhoneAccessoryService, not init yet.
02-15 09:23:45.590 D/DollieActivityManagerAdapter( 2544): [Resumed] bg:false pid:7315 uid:10359 ComponentInfo{com.example.teacher_hub/com.example.teacher_hub.MainActivity}
02-15 09:23:45.590 E/DollieAdapterService( 2544): notifyActivityState pkg:com.example.teacher_hub/com.example.teacher_hub.MainActivity state:2 fg:true mUid:10359
02-15 09:23:45.590 I/OllieMsgCenter( 2544): publishEvt=2130771985
02-15 09:23:45.591 D/AwareLog(  996): iawared: fg_hl_ctl update fgUid=10359 g_isGame=0
02-15 09:23:45.591 I/Hicom_Monitor( 2544): mActivityNotifierEx, className = com.example.teacher_hub.MainActivity, uid = 10359
02-15 09:23:45.591 I/HiAdKit.DC.LiteAppPageSwitchEvent(16394):  switch is off
02-15 09:23:45.591 I/HwAudioServiceEx( 1828): ComponentInfo : className = com.example.teacher_hub.MainActivity, flag = onResume, isHomeActivity = , isTop = true
02-15 09:23:45.591 I/OPCollectLog( 2791): AppChangeImpl:call onAppChange.
02-15 09:23:45.591 I/PowerManagerService( 1828): handleSandman: wakefulness: 1,startDreaming: false
02-15 09:23:45.591 I/CAWARENESS_AppUsageManager( 6330): onEvent, packageName=com.example.teacher_hub, activityName=com.example.teacher_hub.MainActivity
02-15 09:23:45.591 I/OPCollectLog( 2791): HwForegroundAppAction:handleMessage 
02-15 09:23:45.591 D/OPCollectLog( 2791): HwForegroundAppAction:FG executeWithArgs
02-15 09:23:45.591 I/OPCollectLog( 2791): OPCollectUtils:ODMF Api Version:2.16.3
02-15 09:23:45.591 I/OPCollectLog( 2791): Action:HwForegroundAppAction executed successfully
02-15 09:23:45.591 D/OPCollectLog( 2791): OdmfCollectScheduler:handleMessage msg: 4
02-15 09:23:45.591 I/OPCollectLog( 2791): OdmfHelper:opcollectCache 1
02-15 09:23:45.591 I/OPCollectLog( 2791): OdmfHelper:opcollectCache curTime: 589566038, interval: 671
02-15 09:23:45.592 E/Booster_MatterAppRecommend( 2544): [isMatterPackage]invalid mMatterPackagesConfig
02-15 09:23:45.592 W/HwAudioServiceEx( 1828): SoundEffectState bundle get reserved is invalid
02-15 09:23:45.592 I/HwAudioServiceEx( 1828): sendAppKilledIntentForKit, isKitPackageOnPause = false, isKitPackageKill = false, isKitPackageOnResume = false
02-15 09:23:45.592 I/OPCollectLog( 2791): OdmfHelper:isCharging: true
02-15 09:23:45.592 I/HiAdKit.DC.LiteAppPageSwitchEvent(16394):  switch is off
02-15 09:23:45.594 I/PackageManager( 1828): getInstalledApplications cost 1 ms, flags: 0, userId: 0, callingUid: 1000, callingPid: 1828
02-15 09:23:45.596 W/BufferQueueProducer(  766): [com.android.settings/com.android.settings.fuelgauge.RequestIgnoreBatteryOptimizations#0]:1390: disconnect: not connected (req=1)
02-15 09:23:45.596 W/libEGL  (30299): EGLNativeWindowType 0x73143c9310 disconnect failed
02-15 09:23:45.599 I/OPCollectLog( 2791): OdmfHelper:insert database success 
02-15 09:23:45.599 I/OPCollectLog( 2791): OdmfHelper:opcollectCache size: 1
02-15 09:23:45.599 I/OPCollectLog( 2791): OdmfHelper:opcollectCache lastTime: 589566045
02-15 09:23:45.599 I/CAWARENESS_AbilityContext( 6330): [1771122259379] publishing {dataId=100000006, mode=0}
02-15 09:23:45.599 I/CAWARENESS_AbilityContext( 6330): [1771122259379] deliver {dataId=100000006, mode=0} to 5 receivers
02-15 09:23:45.602 V/ActivityTaskManager( 1828): Activity idle: Token{fe56263 ActivityRecord{a3b80c7 u0 com.example.teacher_hub/.MainActivity t4808}}
02-15 09:23:45.602 D/BufferQueueLayer(  766): [StatusBar#0]: isDue = 0, !isPlausible = 0, Timestamp = 584190517831489, expectedPresent = 584190515909643
02-15 09:23:45.603 I/PowerManagerService( 1828): handleSandman: wakefulness: 1,startDreaming: false
02-15 09:23:45.603 E/HwActivityTaskManagerServiceEx( 1828): invalid ActivityRecord, error.
02-15 09:23:45.603 E/HwActivityTaskManagerServiceEx( 1828): parse activity info error.
02-15 09:23:45.604 D/ActivityThread(30299): Remove activity client record, r= ActivityRecord{3d8f682 token=android.os.BinderProxy@7dbc88 {com.android.settings/com.android.settings.fuelgauge.RequestIgnoreBatteryOptimizations}} token= android.os.BinderProxy@7dbc88
02-15 09:23:45.604 I/ViewRootImpl(30299): dispatchDetachedFromWindow in doDie
02-15 09:23:45.605 W/DecisionHelper(30299): service already unbindService
02-15 09:23:45.606 I/netd    (  697): firewallReplaceUidChain("fw_standby", "false", [10000,10015,10017,10018,10020,10023,10024,10025,10031,10033,10035,10036,10037,10042,10047,10050,10053,10054,10058,10059,10060,10061,10064,10071,10072,10073,10079,10082,10083,10084,10086,10088,10091,10096,10099,10100,10102,10104,10106,10110,10111,10115,10116,10117,10118,10119,10123,10127,10133,10134,10136,10137,10138,10139,10142,10144,10145,10146,10147,10148,10149,10152,10153,10154,10155,10157,10159,10160,10163,10165,10166,10167,10168,10169,10171,10172,10173,10174,10175,10177,10178,10179,10180,10181,10182,10183,10184,10187,10188,10191,10193,10194,10197,10200,10207,10209,10210,10212,10215,10218,10222,10225,10226,10232,10236,10237,10238,10239,10241,10242,10243,10244,10245,10246,10247,10248,10249]) -> {"true"} <1.45ms>
02-15 09:23:45.606 D/HwConnectivityServiceEx( 1828): set 10066 wlan0 value false
02-15 09:23:45.606 I/WindowManager( 1828): removeIfPossible: Window{519c1ca u0 com.android.settings/com.android.settings.fuelgauge.RequestIgnoreBatteryOptimizations EXITING} callers=com.android.server.wm.WindowState.removeIfPossible:2619 com.android.server.wm.WindowManagerService.removeWindow:2274 com.android.server.wm.Session.remove:179 android.view.IWindowSession$Stub.onTransact:702 com.android.server.wm.Session.onTransact:137 
02-15 09:23:45.606 I/WindowManager( 1828): Not removing Window{519c1ca u0 com.android.settings/com.android.settings.fuelgauge.RequestIgnoreBatteryOptimizations EXITING} due to exit animation 
02-15 09:23:45.606 I/HwNetworkPolicy( 1828): onTransact, code = 203
02-15 09:23:45.606 I/HwNetworkPolicyManager(21477): getHwUidPolicy uid = 10359 policy = 0
02-15 09:23:45.609 I/WindowManager( 1828): removeWindowToken: displayid:0 binder:Token{6333ac3 ActivityRecord{5336ac8 u0 com.android.settings/.fuelgauge.RequestIgnoreBatteryOptimizations t4808 f}} token:AppWindowToken{5899f40 token=Token{6333ac3 ActivityRecord{5336ac8 u0 com.android.settings/.fuelgauge.RequestIgnoreBatteryOptimizations t4808}}}
02-15 09:23:45.609 I/WindowManager( 1828): Animation done in AppWindowToken{5899f40 token=Token{6333ac3 ActivityRecord{5336ac8 u0 com.android.settings/.fuelgauge.RequestIgnoreBatteryOptimizations t4808}}} isHidden:true hiddenRequested:true
02-15 09:23:45.609 V/WindowManager( 1828): removeAppToken: AppWindowToken{5899f40 token=Token{6333ac3 ActivityRecord{5336ac8 u0 com.android.settings/.fuelgauge.RequestIgnoreBatteryOptimizations t4808}}} delayed=true Callers=com.android.server.wm.DisplayContent.removeAppToken:1345 com.android.server.wm.ActivityRecord.removeWindowContainer:1453 com.android.server.wm.ActivityStack.removeActivityFromHistoryLocked:5612 com.android.server.wm.ActivityStack.activityDestroyedLocked:5913 com.android.server.wm.ActivityStack.activityDestroyedLocked:5893 com.android.server.wm.ActivityTaskManagerService.activityDestroyed:2015 android.app.IActivityTaskManager$Stub.onTransact:2050 android.os.Binder.execTransactInternal:1028 android.os.Binder.execTransact:1001 
02-15 09:23:45.609 V/WindowManager( 1828): removeAppToken make exiting: AppWindowToken{5899f40 token=Token{6333ac3 ActivityRecord{5336ac8 u0 com.android.settings/.fuelgauge.RequestIgnoreBatteryOptimizations t4808}}}
02-15 09:23:45.611 D/DecorView( 7315): showOrHideHighlightView: hasFocus=true; winMode=1; isMrgNull=true
02-15 09:23:45.611 W/HwRemoteInputMethodManager( 7315): isCasting false because IHwDistributedWindowManager is invalid.
02-15 09:23:45.613 I/WindowManager( 1828): handle SET_LAUNCHER_VISIBLE_IN_FINGER_BOOST visible:true handle:trueuserId:0, currentUserId:0
02-15 09:23:45.613 W/FirebaseMessaging( 7315): Failed to find package android.content.pm.PackageManager$NameNotFoundException: com.google.android.gms
02-15 09:23:45.615 W/AwareLog( 1828): SchedLevelBoost: onFgActivitiesChanged config not set!
02-15 09:23:45.617 D/WindowManager( 1828): setLauncherVisibleInFingerBoost record=ActivityRecord{91fdc3 u0 com.huawei.android.launcher/.unihome.UniHomeLauncher t4515}
02-15 09:23:45.617 I/WindowManager( 1828): setLauncherVisible setAlpha to 1.0
02-15 09:23:45.618 D/WindowManager( 1828): setLauncherVisible wallpaperScale=false
02-15 09:23:45.618 D/WindowManager( 1828): WS setWallpaperScale return, wallpaper no need to recover
02-15 09:23:45.618 D/ITouchService(  975): itouch stylusCurrentPkgName = com.android.settings lastOneFramePkgName = 
02-15 09:23:45.618 D/ITouchService(  975): itouch currentPackageName = com.android.settings
02-15 09:23:45.618 D/ITouchService(  975): itouch appType=255 appState=0 gameMode=2
02-15 09:23:45.618 D/ITouchService(  975): itouchReaderMonitor empty
02-15 09:23:45.618 D/ITouchService(  975): g_itouch_reader_monitor Monitor::IsReaderMonitorEnable()=0
02-15 09:23:45.618 D/ITouchService(  975): itouch getCurrentParmID tempPkg=com.android.xxx
02-15 09:23:45.618 D/ITouchService(  975): itouch:app com.android.settings is  not game app
02-15 09:23:45.618 D/ITouchService(  975): itouch:app com.android.settings is  not in StylusPenList
02-15 09:23:45.618 D/ITouchService(  975): itouch:styluspen_switch is disable
02-15 09:23:45.618 D/ITouchService(  975): itouch:currentAppTypeName =||
02-15 09:23:45.619 D/AudioPolicyService(  762): getUidState(10066) cacheIter->second.first, return cacheIter->second.second(4)
02-15 09:23:45.619 I/NetworkPolicy( 1828): updateRuleForRestrictBackgroundUL(10066): isForeground=false, isBlacklisted=false, isWhitelisted=true, isRestrictedByAdmin=false, oldRule=1 (ALLOW_METERED|NONE), newRule=0 (NONE), newUidRules=0 (NONE), oldUidRules=1 (ALLOW_METERED|NONE), mRestrictBackground=false
02-15 09:23:45.621 W/Metadata( 7315): Failed to find package android.content.pm.PackageManager$NameNotFoundException: com.google.android.gms
02-15 09:23:45.621 E/Metadata( 7315): Google Play services missing or without correct permission.
02-15 09:23:45.680 I/ScenarioService( 2542): refresh visibleApp:[com.example.teacher_hub]
02-15 09:23:45.680 I/PGServer( 2542): report state:14 event type:1 pid:-1 uid:-1 pkg:com.example.teacher_hub to pid: 2542
02-15 09:23:45.680 I/ApsAppsTypeHandler( 2542): APS: APK: ApsAppsTypeHandler.getInstance, sInstance = com.huawei.android.hwaps.o@54c9f84
02-15 09:23:45.680 I/PF_API_JNI( 2542): ACCKIT_APS_NotifyInfo 3: com.example.teacher_hub
02-15 09:23:45.680 I/PG_ash  ( 2542): com.android.settings become invisible
02-15 09:23:45.680 D/ACCKIT_ (  763): pack:"com.example.teacher_hub"
02-15 09:23:45.684 I/HwLauncher(11858): LocalTaskList loadTasksInBackground:3 numTasks:3 currentUserId:0
02-15 09:23:45.687 D/dubaid  (  980): [CpuAppStats.cpp] FindUidEntry# Uid(10357) has not package, maybe it's already uninstalled
02-15 09:23:45.687 E/dubaid  (  980): [CpuAppStats.cpp] UpdateUidCpuTime# Failed to find uid entry
02-15 09:23:45.690 D/dubaid  (  980): [BufferedLogServer.cpp] ReceiveMessage# Received buffered log from dubai_driver-0
02-15 09:23:45.746 I/WindowManager( 1828): Exit animation finished in Window{519c1ca u0 com.android.settings/com.android.settings.fuelgauge.RequestIgnoreBatteryOptimizations EXITING}: remove=true
02-15 09:23:45.746 E/WindowManager( 1828): win=Window{519c1ca u0 com.android.settings/com.android.settings.fuelgauge.RequestIgnoreBatteryOptimizations EXITING} destroySurfaces: appStopped=false win.mWindowRemovalAllowed=true win.mRemoveOnExit=true
02-15 09:23:45.747 I/WindowManager( 1828): postWindowRemoveCleanupLocked: Window{519c1ca u0 com.android.settings/com.android.settings.fuelgauge.RequestIgnoreBatteryOptimizations}
02-15 09:23:45.747 I/WindowManager( 1828): Removing Window{519c1ca u0 com.android.settings/com.android.settings.fuelgauge.RequestIgnoreBatteryOptimizations} from AppWindowToken{5899f40 token=Token{6333ac3 ActivityRecord{5336ac8 u0 com.android.settings/.fuelgauge.RequestIgnoreBatteryOptimizations t4808}}} mIsExiting=
02-15 09:23:45.749 I/WindowManager( 1828): Animation done in AppWindowToken{5899f40 token=Token{6333ac3 ActivityRecord{5336ac8 u0 com.android.settings/.fuelgauge.RequestIgnoreBatteryOptimizations t4808}}} isHidden:true hiddenRequested:true
02-15 09:23:45.749 V/WindowManager( 1828): removeAppToken: AppWindowToken{5899f40 token=Token{6333ac3 ActivityRecord{5336ac8 u0 com.android.settings/.fuelgauge.RequestIgnoreBatteryOptimizations t4808}}} delayed=false Callers=com.android.server.wm.AppWindowToken.removeImmediately:1214 com.android.server.wm.AppWindowToken.removeIfPossible:1225 com.android.server.wm.AppWindowToken.checkCompleteDeferredRemoval:1231 com.android.server.wm.WindowContainer.checkCompleteDeferredRemoval:743 com.android.server.wm.WindowContainer.checkCompleteDeferredRemoval:743 com.android.server.wm.TaskStack.checkCompleteDeferredRemoval:2065 com.android.server.wm.WindowContainer.checkCompleteDeferredRemoval:743 com.android.server.wm.WindowContainer.checkCompleteDeferredRemoval:743 com.android.server.wm.DisplayContent.checkCompleteDeferredRemoval:3312 
02-15 09:23:45.749 I/WindowManager( 1828): removeWindowToken: displayid:0 binder:Token{6333ac3 ActivityRecord{5336ac8 u0 com.android.settings/.fuelgauge.RequestIgnoreBatteryOptimizations t-1 f}} token:null
02-15 09:23:45.690 D/dubaid  (  980): [BufferedLogServer.cpp] ReceiveMessage# Received buffered log from dubai_driver-0
02-15 09:23:45.782 W/Process ( 1828): Unable to open /proc/-1/status
02-15 09:23:45.749 I/WindowManager( 1828): removeWindowToken: displayid:0 binder:Token{6333ac3 ActivityRecord{5336ac8 u0 com.android.settings/.fuelgauge.RequestIgnoreBatteryOptimizations t-1 f}} token:null
02-15 09:23:45.782 D/HwActivityManagerServiceEx( 1828): notifyAppToTop pid:30299, enable:0
02-15 09:23:45.783 I/RmeSchedManager(30299): init Rme, version is: v1.0
02-15 09:23:45.826 I/netd    (  697): trafficSwapActiveStatsMap() <0.15ms>
02-15 09:23:45.829 I/netd    (  697): trafficSwapActiveStatsMap() <0.32ms>
02-15 09:23:45.870 I/WificondControl( 1828): Noise: -100, Snr: 19, Chload: 63, rssi: -51, txBitrate: 720, rxBitrate: 1080, frequency: 5320, UlDelay: 0, currentTxBytes: 225765753, currentTxPackets: 860218, currentTxFailed: 0, currentRxBytes: 687016763, currentRxPackets: 850914
02-15 09:23:45.871 D/HuaweiWifiWatchdogStateMachine( 1828): nothing to do
02-15 09:23:45.871 I/HuaweiWifiWatchdogStateMachine( 1828): POta txb txg rxg:0, 173, 0. Lr =0% Totpkt=173
02-15 09:23:45.871 I/WiFi_PRO( 1828): MSG_RETURN_AP_CURRY_RSSI rssi = -51
02-15 09:23:45.871 I/QosMonitor( 1828): queryRtt: rttType = 3
02-15 09:23:45.871 I/HwWifiProServiceProxy( 1828): ctrlHwWifiNetwork pkgName: WIFIPRO_SERVICE interfaceId: 8
02-15 09:23:45.871 I/QosMonitor( 1828): postEventFromNative: msg=100,arg1=4,arg2=10
02-15 09:23:45.871 I/HwWifiProServiceProxy( 1828): ctrlHwWifiNetwork pkgName: WIFIPRO_SERVICE interfaceId: 8
02-15 09:23:45.871 I/QosMonitor( 1828): postEventFromNative: msg=100,arg1=0,arg2=10
02-15 09:23:45.871 I/HwDualBandManager( 1828): handle2gApStrongWifiRssiChange
02-15 09:23:45.871 D/HuaweiWifiWatchdogStateMachine( 1828): nothing to do
02-15 09:23:45.871 I/MQoS    ( 1828): rtt=2048,tcpTxPkts=4143866,tcpRxPkts=7173681
02-15 09:23:45.871 I/QosMonitor( 1828): resetRtt: rttType = 3
02-15 09:23:45.871 I/HwWifiProServiceProxy( 1828): ctrlHwWifiNetwork pkgName: WIFIPRO_SERVICE interfaceId: 8
02-15 09:23:45.871 D/HwConnectivityServiceEx( 1828): set 1000 wlan0 value false
02-15 09:23:45.871 I/MQoS    ( 1828): QOS_level:0(0),DataDisable;use level-0
02-15 09:23:45.873 I/HuaweiWifiWatchdogStateMachine( 1828): PTcp RTT:2048, rtt pkt=74, tcp_rx=189, tcp_tx=158, tcp_reTran=11, rtRate=0.07
02-15 09:23:45.873 I/HuaweiWifiWatchdogStateMachine( 1828): start computeQosLevel tcpRtt = 2048 ,rssi = -51 ,mBestSpeedInPeriod = 12026
02-15 09:23:45.873 I/HuaweiWifiWatchdogStateMachine( 1828): smoothConsecutiveQosResults, currentQosLevel = 2
02-15 09:23:45.897 D/ZrHung.AppEyeUiProbe(30299): not watching, wait.
02-15 09:23:45.911 I/HwPackageManagerServiceEx( 1828): now 589566358 optNow true upgrade false BootCompleted true UserSwitching 0
02-15 09:23:45.928 I/PackageManager.DexOptimizer( 1828): Running dexopt (dexoptNeeded=-3) on: /data/app/com.example.teacher_hub-3OZ2mA5d9FpDvdahnCWz5Q==/base.apk pkg=com.example.teacher_hub isa=arm64 dexoptFlags=boot_complete,profile_guided,enable_hidden_api_checks targetFilter=speed-profile oatDir=/data/app/com.example.teacher_hub-3OZ2mA5d9FpDvdahnCWz5Q==/oat classLoaderContext=PCL[]
